******************************************************************************
               TMS320C6x Linker PC v7.4.4                      
******************************************************************************
>> Linked Sun Feb 04 21:52:17 2018

OUTPUT FILE NAME:   <Labo01.out>
ENTRY POINT SYMBOL: "_c_int00"  address: 8089a800


MEMORY CONFIGURATION

         name            origin    length      used     unused   attr    fill
----------------------  --------  ---------  --------  --------  ----  --------
  IRAM                  10800000   00020000  0000248c  0001db74  RWIX
  CACHE_L1P             10e08000   00008000  00000000  00008000  RWIX
  L1DSRAM               10f04000   0000c000  00000000  0000c000  RWIX
  CACHE_L1D             10f10000   00008000  00000000  00008000  RWIX
  SRAM                  42000000   00200000  00000000  00200000  RWIX
  DDR2                  80000000   08000000  0089afb1  0776504f  RWIX


SECTION ALLOCATION MAP

 output                                  attributes/
section   page    origin      length       input sections
--------  ----  ----------  ----------   ----------------
.vers      0    00000000    00000048     COPY SECTION
                  00000000    00000048     evmAudioTemplatecfg.obj (.vers)

.prd       0    10800000    00000000     UNINITIALIZED

.rtdx_data 
*          0    10800000    000004f4     UNINITIALIZED
                  10800000    00000080     --HOLE--
                  10800080    00000410     evmAudioTemplatecfg.obj (.rtdx_data)
                  10800490    00000044     rtdx64xplus.lib : rtdx_mon.o64P (.rtdx_data)
                  108004d4    00000020                     : buffer1.o64P (.rtdx_data)

.TSK_ALIVE$stk 
*          0    108004f8    00000400     UNINITIALIZED
                  108004f8    00000400     evmAudioTemplatecfg.obj (.TSK_ALIVE$stk)

.TSK_AUDIO$stk 
*          0    108008f8    00000400     UNINITIALIZED
                  108008f8    00000400     evmAudioTemplatecfg.obj (.TSK_AUDIO$stk)

.TSK_CONFIG_PROCESS$stk 
*          0    10800cf8    00000400     UNINITIALIZED
                  10800cf8    00000400     evmAudioTemplatecfg.obj (.TSK_CONFIG_PROCESS$stk)

.TSK_GET_DIP_STATUS$stk 
*          0    108010f8    00000400     UNINITIALIZED
                  108010f8    00000400     evmAudioTemplatecfg.obj (.TSK_GET_DIP_STATUS$stk)

.TSK_idle$stk 
*          0    108014f8    00000400     UNINITIALIZED
                  108014f8    00000400     evmAudioTemplatecfg.obj (.TSK_idle$stk)

.trace     0    108018f8    00000200     
                  108018f8    00000200     --HOLE-- [fill = 00000000]

.clk       0    10801af8    00000008     UNINITIALIZED
                  10801af8    00000008     evmAudioTemplatecfg.obj (.clk)

.LOG_system$buf 
*          0    10801b00    00000100     UNINITIALIZED
                  10801b00    00000100     evmAudioTemplatecfg.obj (.LOG_system$buf)

.hwi_vec   0    10801c00    00000200     
                  10801c00    00000200     evmAudioTemplatecfg.obj (.hwi_vec)

.tsk       0    10801e00    000001e0     UNINITIALIZED
                  10801e00    000001e0     evmAudioTemplatecfg.obj (.tsk)

.hst0      0    10801fe0    00000100     UNINITIALIZED
                  10801fe0    00000100     evmAudioTemplatecfg.obj (.hst0)

.hst1      0    108020e0    00000010     UNINITIALIZED
                  108020e0    00000010     evmAudioTemplatecfg.obj (.hst1)

.idl       0    108020f0    00000010     UNINITIALIZED
                  108020f0    00000010     evmAudioTemplatecfg.obj (.idl)

.trace$buf 
*          0    10802100    00000100     UNINITIALIZED
                  10802100    00000100     evmAudioTemplatecfg.obj (.trace$buf)

.pip       0    10802200    000000c8     UNINITIALIZED
                  10802200    000000c8     evmAudioTemplatecfg.obj (.pip)

.sem       0    108022c8    000000b0     UNINITIALIZED
                  108022c8    000000b0     evmAudioTemplatecfg.obj (.sem)

.sts       0    10802378    00000070     
                  10802378    00000070     evmAudioTemplatecfg.obj (.sts)

.hst       0    108023e8    0000003c     UNINITIALIZED
                  108023e8    0000003c     evmAudioTemplatecfg.obj (.hst)

.log       0    10802424    00000030     
                  10802424    00000030     evmAudioTemplatecfg.obj (.log)

.swi       0    10802454    0000002c     UNINITIALIZED
                  10802454    0000002c     evmAudioTemplatecfg.obj (.swi)

.idlcal    0    10802480    00000010     UNINITIALIZED
                  10802480    00000010     evmAudioTemplatecfg.obj (.idlcal)

.data      0    80000000    00000000     UNINITIALIZED

.DDR2$heap 
*          0    80000000    00800000     UNINITIALIZED
                  80000000    00800000     --HOLE--

.far       0    80800000    00067258     UNINITIALIZED
                  80800000    00056224     audioProcessing.obj (.far)
                  80856224    0000005c     bios.a64P : tsk.o64P (.far)
                  80856280    00009610     evmAudioTemplate.obj (.far)
                  8085f890    00002180     edma3_drv_bios.lib : edma3.obj (.far)
                  80861a10    00001a30     mcasp_bios_drv.lib : ddc_mcasp.obj (.far)
                  80863440    00001478     mcbsp_bios_drv.lib : ddc_mcbsp.obj (.far)
                  808648b8    00000ee8     edma3_rm_bios.lib : edma3resmgr.obj (.far)
                  808657a0    00000054     bios.a64P : obj_init.o64P (.far)
                  808657f4    0000000c               : utl_putc.o64P (.far)
                  80865800    00000910     audio_bios_drv.lib : psp_audio.obj (.far)
                  80866110    00000578     edma3_drv_bios.lib : edma3cfg.obj (.far)
                  80866688    00000324     rts64plus.lib : defs.obj (.far)
                  808669ac    00000004     bios.a64P : mem_defi.o64P (.far)
                  808669b0    00000188     rts64plus.lib : atexit.obj (.far)
                  80866b38    0000013c     i2c_bios_drv.lib : dda_i2cIom.obj (.far)
                  80866c74    00000004     bios6424.a64P : bcache_wait.o64P (.far)
                  80866c78    0000011c     rts64plus.lib : lowlev.obj (.far)
                  80866d94    00000004     bios6424.a64P : clk_data.o64P (.far)
                  80866d98    000000e0     mcasp_bios_drv.lib : dda_mcasp_bios.obj (.far)
                  80866e78    000000d8     bios.a64P : knl.o64P (.far)
                  80866f50    000000c8     i2c_bios_drv.lib : ddc_i2c.obj (.far)
                  80867018    000000b8     mcbsp_bios_drv.lib : dda_mcbsp_bios.obj (.far)
                  808670d0    00000050     bios.a64P : tsk_stup.o64P (.far)
                  80867120    00000020               : sys.o64P (.far)
                  80867140    00000020     edma3_drv_sample.lib : bios_edma3_sample_cfg.obj (.far)
                  80867160    00000020                          : bios_edma3_sample_init.obj (.far)
                  80867180    00000020     evmdm6437bsl.lib : evmdm6437_gpio.obj (.far)
                  808671a0    0000001c     audio_params.obj (.far)
                  808671bc    00000018     i2c_params.obj (.far)
                  808671d4    00000018     rtdx64xplus.lib : rtdx_mon.o64P (.far)
                  808671ec    00000010     bios.a64P : exc.o64P (.far)
                  808671fc    00000010               : knl_tick.o64P (.far)
                  8086720c    00000004     rts64plus.lib : fopen.obj (.far)
                  80867210    0000000c     evmdm6437bsl.lib : evmdm6437_flash_id.obj (.far)
                  8086721c    0000000c     rts64plus.lib : exit.obj (.far)
                  80867228    00000008     bios.a64P : ecm_dispatch.o64P (.far)
                  80867230    00000008               : gio.o64P (.far)
                  80867238    00000008               : sem_crea.o64P (.far)
                  80867240    00000008     rts64plus.lib : _lock.obj (.far)
                  80867248    00000008                   : trgdrv.obj (.far)
                  80867250    00000004     bios.a64P : dev_init.o64P (.far)
                  80867254    00000004     rts64plus.lib : sinit.obj (.far)

.args      0    80867258    00000004     
                  80867258    00000004     --HOLE-- [fill = 0]

.mem       0    8086725c    00000004     UNINITIALIZED
                  8086725c    00000004     evmAudioTemplatecfg.obj (.mem)

.text      0    80867260    00027700     
                  80867260    00006780     mcasp_bios_drv.lib : ddc_mcasp.obj (.text)
                  8086d9e0    00005380     edma3_drv_bios.lib : edma3.obj (.text)
                  80872d60    00004680     mcbsp_bios_drv.lib : ddc_mcbsp.obj (.text)
                  808773e0    00003da0     edma3_rm_bios.lib : edma3resmgr.obj (.text)
                  8087b180    00002ec0     mcasp_bios_drv.lib : llc_mcasp.obj (.text)
                  8087e040    000019c0     i2c_bios_drv.lib : ddc_i2c.obj (.text)
                  8087fa00    00001500     audio_bios_drv.lib : psp_aic33Codec.obj (.text)
                  80880f00    00001200                        : psp_audio.obj (.text)
                  80882100    00000fe0     mcbsp_bios_drv.lib : llc_mcbsp.obj (.text)
                  808830e0    000008e0     mcasp_bios_drv.lib : dda_mcasp_bios.obj (.text)
                  808839c0    00000840     mcbsp_bios_drv.lib : dda_mcbsp_bios.obj (.text)
                  80884200    00000840     palos_bios.lib : pal_osList.obj (.text)
                  80884a40    000007c0     i2c_bios_drv.lib : dda_i2cIom.obj (.text)
                  80885200    00000580     rts64plus.lib : _printfi.obj (.text:__getarg_diouxp)
                  80885780    00000560     evmAudioTemplate.obj (.text)
                  80885ce0    00000540     rts64plus.lib : divd.obj (.text:__divd)
                  80886220    000004a0     audioProcessing.obj (.text)
                  808866c0    00000480     evmdm6437bsl.lib : evmdm6437_pll.obj (.text)
                  80886b40    00000440     rts64plus.lib : _printfi.obj (.text:__printfi)
                  80886f80    00000440                   : _printfi.obj (.text:__setfield)
                  808873c0    000003a0                   : fputs.obj (.text:_fputs)
                  80887760    00000380     evmdm6437bsl.lib : evmdm6437.obj (.text)
                  80887ae0    00000340     rts64plus.lib : _printfi.obj (.text:__pproc_fge)
                  80887e20    00000320     edma3_drv_sample.lib : bios_edma3_sample_cs.obj (.text)
                  80888140    00000300     rts64plus.lib : _printfi.obj (.text:_ecvt)
                  80888440    00000300                   : _printfi.obj (.text:_fcvt)
                  80888740    00000300     evmdm6437bsl.lib : evmdm6437_flash_id.obj (.text)
                  80888a40    000002c0     rts64plus.lib : _printfi.obj (.text:__pproc_fwp)
                  80888d00    000002c0     edma3_drv_sample.lib : bios_edma3_sample_init.obj (.text)
                  80888fc0    000002a0     rts64plus.lib : _printfi.obj (.text:__pconv_e)
                  80889260    000002a0     palos_bios.lib : pal_osmem.obj (.text)
                  80889500    00000260     rts64plus.lib : imath64.obj (.text:__divull)
                  80889760    00000260                   : mpyd.obj (.text:__mpyd)
                  808899c0    00000260     evmdm6437bsl.lib : evmdm6437_i2c.obj (.text)
                  80889c20    00000240     rts64plus.lib : _printfi.obj (.text:__pproc_diouxp)
                  80889e60    00000240     evmdm6437bsl.lib : evmdm6437_psc.obj (.text)
                  8088a0a0    00000220     rts64plus.lib : _printfi.obj (.text:__pproc_str)
                  8088a2c0    00000220                   : fputc.obj (.text:_fputc)
                  8088a4e0    00000200                   : addd.obj (.text:__addd)
                  8088a6e0    00000200                   : frcaddd.obj (.text:__frcaddd)
                  8088a8e0    00000200                   : _printfi.obj (.text:__pconv_g)
                  8088aae0    00000200                   : setvbuf.obj (.text:_setvbuf)
                  8088ace0    00000200     evmdm6437bsl.lib : evmdm6437_led.obj (.text)
                  8088aee0    000001e0                      : evmdm6437_i2c_gpio.obj (.text)
                  8088b0c0    000001c0     rts64plus.lib : _printfi.obj (.text:__mcpy)
                  8088b280    000001c0     evmdm6437bsl.lib : evmdm6437_gpio.obj (.text)
                  8088b440    000001a0     rts64plus.lib : imath40.obj (.text:__divul)
                  8088b5e0    000001a0     evmdm6437bsl.lib : evmdm6437_ddr.obj (.text)
                  8088b780    00000180     rts64plus.lib : trgdrv.obj (.text:_HOSTrename)
                  8088b900    00000180     i2c_bios_drv.lib : dda_i2cBios.obj (.text)
                  8088ba80    00000140     rts64plus.lib : lowlev.obj (.text:_getdevice)
                  8088bbc0    00000140     evmdm6437bsl.lib : evmdm6437_flash.obj (.text)
                  8088bd00    00000140     palos_bios.lib : pal_oscache.obj (.text)
                  8088be40    00000120     rts64plus.lib : fclose.obj (.text:__closefile)
                  8088bf60    00000120                   : _printfi.obj (.text:__ltostr)
                  8088c080    00000120                   : _printfi.obj (.text:__pproc_fflags)
                  8088c1a0    00000120                   : fseek.obj (.text:_fseek)
                  8088c2c0    00000100                   : trgdrv.obj (.text:_HOSTlseek)
                  8088c3c0    00000100                   : frcmpyd.obj (.text:__frcmpyd)
                  8088c4c0    00000100                   : _io_perm.obj (.text:__wrt_ok)
                  8088c5c0    00000100                   : sinit.obj (.text:_call_dtors)
                  8088c6c0    00000100     palos_bios.lib : pal_ossem.obj (.text)
                  8088c7c0    000000e0     rts64plus.lib : trgdrv.obj (.text:_HOSTopen)
                  8088c8a0    000000e0                   : cmpd.obj (.text:__cmpd)
                  8088c980    000000e0                   : divi.obj (.text:__divi)
                  8088ca60    000000e0                   : atoi.obj (.text:_atoi)
                  8088cb40    000000e0                   : lowlev.obj (.text:_close)
                  8088cc20    000000e0                   : memset.obj (.text:_memset)
                  8088cd00    000000e0                   : printf.obj (.text:_printf)
                  8088cde0    000000c0                   : trgdrv.obj (.text:_HOSTread)
                  8088cea0    000000c0                   : trgdrv.obj (.text:_HOSTunlink)
                  8088cf60    000000c0                   : trgdrv.obj (.text:_HOSTwrite)
                  8088d020    000000c0                   : _printfi.obj (.text:__div)
                  8088d0e0    000000c0                   : divu.obj (.text:__divu)
                  8088d1a0    000000c0                   : fflush.obj (.text:__doflush)
                  8088d260    000000c0                   : atexit.obj (.text:_atexit)
                  8088d320    000000c0                   : ltoa.obj (.text:_ltoa)
                  8088d3e0    000000c0     bios.a64P : tsk_stup.o64P (.text)
                  8088d4a0    000000c0     palos_bios.lib : pal_osWait.obj (.text)
                  8088d560    000000a0     rts64plus.lib : trgdrv.obj (.text:_HOSTclose)
                  8088d600    000000a0                   : fopen.obj (.text:__cleanup)
                  8088d6a0    000000a0                   : imath40.obj (.text:__divli)
                  8088d740    000000a0                   : _printfi.obj (.text:__ecpy)
                  8088d7e0    000000a0                   : _printfi.obj (.text:__fcpy)
                  8088d880    000000a0                   : fixdli.obj (.text:__fixdli)
                  8088d920    000000a0                   : _printfi.obj (.text:__pconv_f)
                  8088d9c0    000000a0                   : remu.obj (.text:__remu)
                  8088da60    000000a0                   : lowlev.obj (.text:_finddevice)
                  8088db00    000000a0                   : lowlev.obj (.text:_lseek)
                  8088dba0    000000a0                   : memcpy64.obj (.text:_memcpy)
                  8088dc40    000000a0                   : lowlev.obj (.text:_write)
                  8088dce0    00000080                   : fixdi.obj (.text:__fixdi)
                  8088dd60    00000080                   : fltlid.obj (.text:__fltlid)
                  8088dde0    00000080                   : llshift.obj (.text:__llshl)
                  8088de60    00000080                   : renormd.obj (.text:__renormd)
                  8088dee0    00000080                   : trgmsg.obj (.text:_readmsg)
                  8088df60    00000080                   : lowlev.obj (.text:_unlink)
                  8088dfe0    00000080     evmdm6437bsl.lib : evmdm6437_dip.obj (.text)
                  8088e060    00000080     palos_bios.lib : pal_osprotect.obj (.text)
                  8088e0e0    00000060     rts64plus.lib : imath64.obj (.text:__subcull)
                  8088e140    00000060                   : memccpy.obj (.text:_memccpy)
                  8088e1a0    00000060                   : strcpy.obj (.text:_strcpy)
                  8088e200    00000060                   : trgmsg.obj (.text:_writemsg)
                  8088e260    00000040                   : sinit.obj (.text:___add_dtor)
                  8088e2a0    00000040                   : isinf.obj (.text:___isinf)
                  8088e2e0    00000040                   : _printfi.obj (.text:___isnan)
                  8088e320    00000040                   : frcmpyd_div.obj (.text:__frcmpyd_div)
                  8088e360    00000040                   : llshift.obj (.text:__llshru)
                  8088e3a0    00000040                   : negd.obj (.text:__negd)
                  8088e3e0    00000040                   : imath40.obj (.text:__remli)
                  8088e420    00000040                   : strasg.obj (.text:__strasgi_64plus)
                  8088e460    00000040                   : subd.obj (.text:__subd)
                  8088e4a0    00000040     palos_bios.lib : pal_osInt.obj (.text)
                  8088e4e0    00000020     rts64plus.lib : negll.obj (.text:__negll)
                  8088e500    00000020                   : _lock.obj (.text:__nop)
                  8088e520    00000020                   : printf.obj (.text:__outc)
                  8088e540    00000020                   : printf.obj (.text:__outs)
                  8088e560    00000020                   : _lock.obj (.text:__register_lock)
                  8088e580    00000020                   : _lock.obj (.text:__register_unlock)
                  8088e5a0    00000020                   : remove.obj (.text:_remove)
                  8088e5c0    00000020     bios.a64P : log_printf.o64P ($Tramp$S$$_LOG_printf)
                  8088e5e0    00000020     bios6424.a64P : bcache_block.o64P ($Tramp$S$$_BCACHE_wbInv)
                  8088e600    00000020     bios.a64P : ecm_dispatchPlug.o64P ($Tramp$S$$_ECM_dispatchPlug)
                  8088e620    00000020               : c62_c.o64P ($Tramp$S$$_C64_enableIER)
                  8088e640    00000020               : ecm_disableEvent.o64P ($Tramp$S$$_ECM_disableEvent)
                  8088e660    00000010               : sem_pend_counting.o64P ($Tramp$S$$_SEM_pend)
                  8088e670    00000010               : sem_post_asm.o64P ($Tramp$S$$_SEM_post)
                  8088e680    00000010               : gio_sbmt.o64P ($Tramp$S$$_GIO_submit)
                  8088e690    00000010               : gio_crea.o64P ($Tramp$S$$_GIO_create)
                  8088e6a0    00000010               : sys_abor.o64P ($Tramp$S$$_SYS_abort)
                  8088e6b0    00000010               : malloc.o64P ($Tramp$S$$_free)
                  8088e6c0    00000020               : hwi_c.o64P ($Tramp$S$$_HWI_disable)
                  8088e6e0    00000020               : tsk_disa.o64P ($Tramp$S$$_TSK_disable)
                  8088e700    00000020               : hwi_c.o64P ($Tramp$S$$_HWI_restore)
                  8088e720    00000020               : tsk_disa.o64P ($Tramp$S$$_TSK_enable)
                  8088e740    00000020               : ecm_enableEvent.o64P ($Tramp$S$$_ECM_enableEvent)
                  8088e760    00000020               : clk_countspms.o64P ($Tramp$S$$_CLK_countspms)
                  8088e780    00000020               : clk_getprd.o64P ($Tramp$S$$_CLK_getprd)
                  8088e7a0    00000020               : sem_pend_counting.o64P ($Tramp$S$$_SEM_pend)
                  8088e7c0    00000020     bios6424.a64P : bcache_block.o64P ($Tramp$S$$_BCACHE_inv)
                  8088e7e0    00000020                   : bcache_block.o64P ($Tramp$S$$_BCACHE_wb)
                  8088e800    00000020     bios.a64P : sem_crea.o64P ($Tramp$S$$_SEM_create)
                  8088e820    00000020               : sem_dele.o64P ($Tramp$S$$_SEM_delete)
                  8088e840    00000020               : sem_post_asm.o64P ($Tramp$S$$_SEM_post)
                  8088e860    00000020               : mem_defi.o64P ($Tramp$S$$_MEM_define)
                  8088e880    00000020               : mem_unde.o64P ($Tramp$S$$_MEM_undefine)
                  8088e8a0    00000020               : mem_allo.o64P ($Tramp$S$$_MEM_alloc)
                  8088e8c0    00000020               : mem_free.o64P ($Tramp$S$$_MEM_free)
                  8088e8e0    00000010               : malloc.o64P ($Tramp$S$$_malloc)
                  8088e8f0    00000010     --HOLE-- [fill = 0]
                  8088e900    00000020               : lck.o64P ($Tramp$S$$_LCK_post)
                  8088e920    00000020               : lck.o64P ($Tramp$S$$_LCK_pend)
                  8088e940    00000020               : sys_abor.o64P ($Tramp$S$$_SYS_abort)

.bios      0    8088e960    00005ca0     
                  8088e960    000005c0     bios.a64P : sys_prin.o64P (.bios)
                  8088ef20    000005c0     lnkrtdx.a64P : rtdx.o64P (.bios)
                  8088f4e0    00000520     bios.a64P : exc.o64P (.bios)
                  8088fa00    000004e0               : hwi_disp_asm.o64P (.bios)
                  8088fee0    000004c0               : swi.o64P (.bios)
                  808903a0    00000380               : prd.o64P (.bios)
                  80890720    000002a0               : gio_crea.o64P (.bios)
                  808909c0    000002a0               : malloc.o64P (.bios)
                  80890c60    00000280               : rta.o64P (.bios)
                  80890ee0    00000240               : knl_run.o64P (.bios)
                  80891120    00000240               : mem_defi.o64P (.bios)
                  80891360    00000220               : mem_rede.o64P (.bios)
                  80891580    00000200               : mem_free.o64P (.bios:.near)
                  80891780    00000200               : sem_pend.o64P (.bios)
                  80891980    000001e0               : mem_allo.o64P (.bios:.near)
                  80891b60    000001e0               : exc_asm.o64P (.bios)
                  80891d40    000001e0               : knl_tick.o64P (.bios)
                  80891f20    000001e0               : pip.o64P (.bios)
                  80892100    000001c0               : gio_sbmt.o64P (.bios)
                  808922c0    000001c0               : sem_dopo.o64P (.bios)
                  80892480    000001c0     bios6424.a64P : bcache_block.o64P (.bios)
                  80892640    000001a0     bios.a64P : tsk_setu.o64P (.bios)
                  808927e0    000001a0     bios6424.a64P : clk.o64P (.bios)
                  80892980    00000180     bios.a64P : knl_swit.o64P (.bios)
                  80892b00    00000140               : autoinit.o64P (.bios)
                  80892c40    00000140               : tsk_exit.o64P (.bios)
                  80892d80    00000140     bios6424.a64P : bcache_init.o64P (.bios)
                  80892ec0    00000120     bios.a64P : gbl_cacheinit64P.o64P (.bios)
                  80892fe0    00000120               : knl_chec.o64P (.bios)
                  80893100    00000120               : mem_unde.o64P (.bios)
                  80893220    00000120               : tsk_stup.o64P (.bios)
                  80893340    00000100               : ecm_dispatch.o64P (.bios)
                  80893440    00000100               : gio_dele.o64P (.bios)
                  80893540    000000e0               : sem_post_asm.o64P (.bios)
                  80893620    000000c0               : dev_matc.o64P (.bios)
                  808936e0    000000c0               : knl_exit.o64P (.bios)
                  808937a0    000000a0               : sem_post.o64P (.bios)
                  80893840    000000a0               : sys_exit.o64P (.bios)
                  808938e0    00000080               : atm.o64P (.bios)
                  80893960    00000080               : gio_cbck.o64P (.bios)
                  808939e0    00000080               : knl_ipos.o64P (.bios)
                  80893a60    00000080               : knl_post.o64P (.bios)
                  80893ae0    00000080               : lck.o64P (.bios)
                  80893b60    00000080               : log.o64P (.bios)
                  80893be0    00000080               : obj_crea.o64P (.bios)
                  80893c60    00000080               : sem_crea.o64P (.bios)
                  80893ce0    00000080               : tsk_disa.o64P (.bios)
                  80893d60    00000080     bios6424.a64P : bcache_wait.o64P (.bios)
                  80893de0    00000080                   : idl_cal.o64P (.bios)
                  80893e60    00000060     bios.a64P : mem_vall.o64P (.bios:.near)
                  80893ec0    00000060               : sys_erro.o64P (.bios:.near)
                  80893f20    00000060               : ecm_dispatchPlug.o64P (.bios)
                  80893f80    00000060               : fxn.o64P (.bios)
                  80893fe0    00000060               : hwi_c.o64P (.bios)
                  80894040    00000060               : idl_busy.o64P (.bios)
                  808940a0    00000060               : obj_dele.o64P (.bios)
                  80894100    00000060               : sem_pend_counting.o64P (.bios)
                  80894160    00000060               : sts.o64P (.bios)
                  808941c0    00000060               : sys_abor.o64P (.bios)
                  80894220    00000060               : utl_putc.o64P (.bios)
                  80894280    00000060     bios6424.a64P : clk_meas.o64P (.bios)
                  808942e0    00000040     bios.a64P : c62_c.o64P (.bios)
                  80894320    00000040               : ecm_disableEvent.o64P (.bios)
                  80894360    00000040               : ecm_enableEvent.o64P (.bios)
                  808943a0    00000040               : idl_stub.o64P (.bios)
                  808943e0    00000040               : que_get.o64P (.bios)
                  80894420    00000040               : rta_andn.o64P (.bios)
                  80894460    00000040               : utl_doab.o64P (.bios)
                  808944a0    00000020               : clk_countspms.o64P (.bios)
                  808944c0    00000020               : clk_getprd.o64P (.bios)
                  808944e0    00000020               : fxn_c.o64P (.bios)
                  80894500    00000020               : gbl_vers.o64P (.bios)
                  80894520    00000020               : idl.o64P (.bios)
                  80894540    00000020               : log_printf.o64P (.bios)
                  80894560    00000020               : sem_dele.o64P (.bios)
                  80894580    00000020               : sts_set.o64P (.bios)
                  808945a0    00000020               : utl_doer.o64P (.bios)
                  808945c0    00000020               : utl_halt.o64P (.bios)
                  808945e0    00000020     bios6424.a64P : clk_gethtime.o64P (.bios)

.cinit     0    80894600    00002b64     
                  80894600    0000135c     evmAudioTemplatecfg.obj (.cinit)
                  8089595c    00000004     --HOLE-- [fill = 0]
                  80895960    00000588     edma3_drv_bios.lib : edma3cfg.obj (.cinit)
                  80895ee8    0000026c     bios.a64P : biosdata.o64P (.cinit)
                  80896154    00000004     --HOLE-- [fill = 0]
                  80896158    000001cc     audio_bios_drv.lib : psp_audio.obj (.cinit)
                  80896324    00000004     --HOLE-- [fill = 0]
                  80896328    000001a4     bios.a64P : knl.o64P (.cinit)
                  808964cc    00000004     --HOLE-- [fill = 0]
                  808964d0    00000104     mcasp_bios_drv.lib : dda_mcasp_bios.obj (.cinit)
                  808965d4    00000004     --HOLE-- [fill = 0]
                  808965d8    000000dc     mcbsp_bios_drv.lib : dda_mcbsp_bios.obj (.cinit)
                  808966b4    00000004     --HOLE-- [fill = 0]
                  808966b8    000000d4                        : ddc_mcbsp.obj (.cinit)
                  8089678c    00000004     --HOLE-- [fill = 0]
                  80896790    000000b0     bios.a64P : swi.o64P (.cinit)
                  80896840    0000009c     evmAudioTemplate.obj (.cinit)
                  808968dc    00000004     --HOLE-- [fill = 0]
                  808968e0    00000080     bios.a64P : tsk.o64P (.cinit)
                  80896960    0000006a     edma3_drv_bios.lib : edma3.obj (.cinit)
                  808969ca    00000006     --HOLE-- [fill = 0]
                  808969d0    00000068     edma3_drv_sample.lib : bios_edma3_sample_cfg.obj (.cinit)
                  80896a38    00000068     rtdx64xplus.lib : rtdx_mon.o64P (.cinit)
                  80896aa0    00000060     bios.a64P : tsk_stup.o64P (.cinit)
                  80896b00    0000005c     lnkrtdx.a64P : rtdx.o64P (.cinit)
                  80896b5c    00000004     --HOLE-- [fill = 0]
                  80896b60    0000005c     rts64plus.lib : defs.obj (.cinit)
                  80896bbc    00000004     --HOLE-- [fill = 0]
                  80896bc0    0000005c                   : lowlev.obj (.cinit)
                  80896c1c    00000004     --HOLE-- [fill = 0]
                  80896c20    00000058     evmdm6437bsl.lib : evmdm6437_gpio.obj (.cinit)
                  80896c78    0000004c     bios.a64P : rta.o64P (.cinit)
                  80896cc4    00000004     --HOLE-- [fill = 0]
                  80896cc8    0000004c     rtdx64xplus.lib : buffer1.o64P (.cinit)
                  80896d14    00000004     --HOLE-- [fill = 0]
                  80896d18    0000004a     edma3_rm_bios.lib : edma3resmgr.obj (.cinit)
                  80896d62    00000006     --HOLE-- [fill = 0]
                  80896d68    00000048     edma3_drv_sample.lib : bios_edma3_sample_init.obj (.cinit)
                  80896db0    0000003c     bios.a64P : exc.o64P (.cinit)
                  80896dec    00000004     --HOLE-- [fill = 0]
                  80896df0    0000003c     evmdm6437bsl.lib : evmdm6437_flash_id.obj (.cinit)
                  80896e2c    00000004     --HOLE-- [fill = 0]
                  80896e30    0000003c     mcbsp_bios_drv.lib : llc_mcbsp.obj (.cinit)
                  80896e6c    00000004     --HOLE-- [fill = 0]
                  80896e70    0000003a     audioProcessing.obj (.cinit)
                  80896eaa    00000006     --HOLE-- [fill = 0]
                  80896eb0    00000034     bios.a64P : hwi.o64P (.cinit)
                  80896ee4    00000004     --HOLE-- [fill = 0]
                  80896ee8    0000002c               : utl_putc.o64P (.cinit)
                  80896f14    00000004     --HOLE-- [fill = 0]
                  80896f18    0000002c     rts64plus.lib : exit.obj (.cinit)
                  80896f44    00000004     --HOLE-- [fill = 0]
                  80896f48    00000024     audio_params.obj (.cinit)
                  80896f6c    00000004     --HOLE-- [fill = 0]
                  80896f70    00000024     bios.a64P : obj_init.o64P (.cinit)
                  80896f94    00000004     --HOLE-- [fill = 0]
                  80896f98    00000020     i2c_bios_drv.lib : dda_i2cIom.obj (.cinit)
                  80896fb8    00000020     i2c_params.obj (.cinit)
                  80896fd8    0000001c     audio_bios_drv.lib : psp_aic33Codec.obj (.cinit)
                  80896ff4    00000004     --HOLE-- [fill = 0]
                  80896ff8    0000001c     bios.a64P : exc_asm.o64P (.cinit)
                  80897014    00000004     --HOLE-- [fill = 0]
                  80897018    0000001c               : mem_defi.o64P (.cinit)
                  80897034    00000004     --HOLE-- [fill = 0]
                  80897038    0000001c               : sys.o64P (.cinit)
                  80897054    00000004     --HOLE-- [fill = 0]
                  80897058    0000001c     rts64plus.lib : _lock.obj (.cinit)
                  80897074    00000004     --HOLE-- [fill = 0]
                  80897078    0000001c                   : atexit.obj (.cinit)
                  80897094    00000004     --HOLE-- [fill = 0]
                  80897098    00000018     bios.a64P : knl_tick.o64P (.cinit)
                  808970b0    00000010               : gio.o64P (.cinit)
                  808970c0    00000010               : sem_crea.o64P (.cinit)
                  808970d0    0000000e               : ecm_dispatch.o64P (.cinit)
                  808970de    00000002     --HOLE-- [fill = 0]
                  808970e0    0000000c               : idl_busy.o64P (.cinit)
                  808970ec    00000004     --HOLE-- [fill = 0]
                  808970f0    0000000c               : knl_swit.o64P (.cinit)
                  808970fc    00000004     --HOLE-- [fill = 0]
                  80897100    0000000c               : tsk_disa.o64P (.cinit)
                  8089710c    00000004     --HOLE-- [fill = 0]
                  80897110    0000000c     bios6424.a64P : bcache_wait.o64P (.cinit)
                  8089711c    00000004     --HOLE-- [fill = 0]
                  80897120    0000000c     evmdm6437bsl.lib : evmdm6437_i2c.obj (.cinit)
                  8089712c    00000004     --HOLE-- [fill = 0]
                  80897130    0000000c                      : evmdm6437_psc.obj (.cinit)
                  8089713c    00000004     --HOLE-- [fill = 0]
                  80897140    0000000c     rts64plus.lib : fopen.obj (.cinit)
                  8089714c    00000004     --HOLE-- [fill = 0]
                  80897150    0000000c                   : sinit.obj (.cinit)
                  8089715c    00000004     --HOLE-- [fill = 0]
                  80897160    00000004     (.pad.cinit) [fill = 0]

.stack     0    80897168    00001000     UNINITIALIZED
                  80897168    00001000     --HOLE--

.gio       0    80898168    00000010     UNINITIALIZED
                  80898168    00000010     evmAudioTemplatecfg.obj (.gio)

.rtdx_text 
*          0    80898180    00000fc0     
                  80898180    000002a0     rtdx64xplus.lib : rtdx_mon.o64P (.rtdx_text:_HSRTDX_rec)
                  80898420    00000260                     : buffer1.o64P (.rtdx_text:_RTDX_Buffer_WriteCB)
                  80898680    00000260                     : buffer1.o64P (.rtdx_text:_RTDX_write_next)
                  808988e0    000001a0                     : rtdx_mon.o64P (.rtdx_text:_HSRTDX_xmt)
                  80898a80    00000160                     : rtdx_mon.o64P (.rtdx_text:_RTDX_Send_To_Host)
                  80898be0    000000e0                     : rtdx_mon.o64P (.rtdx_text:_RTDX_Mon_Queue)
                  80898cc0    000000e0                     : buffer1.o64P (.rtdx_text:_claim)
                  80898da0    000000a0                     : rtdx_mon.o64P (.rtdx_text:_RTDX_GetH2THeader)
                  80898e40    000000a0                     : rtdx_mon.o64P (.rtdx_text:_RTDX_Poll)
                  80898ee0    00000080                     : rtdx_mon.o64P (.rtdx_text:_RTDX_Final_RT_Monitor)
                  80898f60    00000060                     : buffer1.o64P (.rtdx_text:_RTDX_Buffer_Initialize)
                  80898fc0    00000060                     : rtdx_mon.o64P (.rtdx_text:_RTDX_Init_RT_Monitor)
                  80899020    00000040                     : buffer2.o64P (.rtdx_text:_RTDX_Buffer_ReadCB)
                  80899060    00000040                     : buffer1.o64P (.rtdx_text:_RTDX_Buffer_Size)
                  808990a0    00000040                     : memfill.o64P (.rtdx_text:_RTDX_memfill)
                  808990e0    00000020                     : buffer2.o64P (.rtdx_text:_RTDX_Buffer_Read)
                  80899100    00000020                     : buffer1.o64P (.rtdx_text:_RTDX_Buffer_Write)
                  80899120    00000020                     : intr_tgt.o64P (.rtdx_text)

.const     0    80899140    00000881     
                  80899140    00000193     bios.a64P : exc.o64P (.const)
                  808992d3    00000001     --HOLE-- [fill = 0]
                  808992d4    0000015d     audio_bios_drv.lib : psp_aic33Codec.obj (.const)
                  80899431    00000007     bios.a64P : sys_prin.o64P (.const)
                  80899438    00000101     rts64plus.lib : ctype.obj (.const:.string:__ctypes_)
                  80899539    00000002                   : fputs.obj (.const:.string)
                  8089953b    00000001     --HOLE-- [fill = 0]
                  8089953c    000000e8     evmAudioTemplate.obj (.const:.string)
                  80899624    00000098     audio_bios_drv.lib : psp_audio.obj (.const)
                  808996bc    00000098     mcasp_bios_drv.lib : ddc_mcasp.obj (.const)
                  80899754    00000080     mcbsp_bios_drv.lib : ddc_mcbsp.obj (.const)
                  808997d4    0000004e     bios.a64P : tsk_stup.o64P (.const)
                  80899822    00000032               : mem_rede.o64P (.const)
                  80899854    0000002c     i2c_bios_drv.lib : ddc_i2c.obj (.const)
                  80899880    0000002b     palos_bios.lib : pal_oscache.obj (.const)
                  808998ab    00000001     --HOLE-- [fill = 0]
                  808998ac    00000028     mcasp_bios_drv.lib : dda_mcasp_bios.obj (.const)
                  808998d4    00000023     rts64plus.lib : _printfi.obj (.const:.string)
                  808998f7    00000023     bios.a64P : utl_doab.o64P (.const)
                  8089991a    00000022               : utl_doer.o64P (.const)
                  8089993c    00000020               : dev_init.o64P (.const)
                  8089995c    0000001c     mcbsp_bios_drv.lib : dda_mcbsp_bios.obj (.const)
                  80899978    00000011     bios.a64P : sys_prin.o64P (.const:_digtohex)
                  80899989    00000011     evmAudioTemplatecfg.obj (.const)
                  8089999a    00000004     bios.a64P : gio_crea.o64P (.const)
                  8089999e    00000002     --HOLE-- [fill = 0]
                  808999a0    00000008     rts64plus.lib : divd.obj (.const:.string:_initial_approx$1)
                  808999a8    00000008     edma3_drv_sample.lib : bios_edma3_sample_init.obj (.const)
                  808999b0    00000004     bios.a64P : mem_allo.o64P (.const)
                  808999b4    00000004               : mem_free.o64P (.const)
                  808999b8    00000004               : mem_unde.o64P (.const)
                  808999bc    00000001               : sem_crea.o64P (.const)
                  808999bd    00000003     --HOLE-- [fill = 0]
                  808999c0    00000001               : tsk.o64P (.const)

.printf    0    808999c1    000000a7     COPY SECTION
                  808999c1    000000a7     evmAudioTemplatecfg.obj (.printf)

.bss       0    808999c8    0000085c     UNINITIALIZED
                  808999c8    00000434     evmAudioTemplatecfg.obj (.bss)
                  80899dfc    00000100     bios.a64P : hwi_disp_asm.o64P (.bss)
                  80899efc    000000cc               : biosdata.o64P (.bss)
                  80899fc8    0000009c               : swi.o64P (.bss)
                  8089a064    00000048               : knl.o64P (.bss)
                  8089a0ac    00000020     audio_bios_drv.lib : psp_audio.obj (.bss)
                  8089a0cc    00000004     bios.a64P : clk_data2.o64P (.bss)
                  8089a0d0    00000020               : exc_asm.o64P (.bss)
                  8089a0f0    0000001c     evmAudioTemplate.obj (.bss)
                  8089a10c    0000001a     edma3_drv_bios.lib : edma3.obj (.bss)
                  8089a126    00000002     --HOLE--
                  8089a128    00000018     bios.a64P : hwi.o64P (.bss)
                  8089a140    00000018     lnkrtdx.a64P : rtdx.o64P (.bss)
                  8089a158    00000010     bios.a64P : exc.o64P (.bss)
                  8089a168    00000010     edma3_drv_sample.lib : bios_edma3_sample_cfg.obj (.bss)
                  8089a178    00000010     evmdm6437bsl.lib : evmdm6437_flash_id.obj (.bss)
                  8089a188    00000010     mcbsp_bios_drv.lib : llc_mcbsp.obj (.bss)
                  8089a198    00000010     rtdx64xplus.lib : buffer1.o64P (.bss)
                  8089a1a8    00000010                     : rtdx_mon.o64P (.bss)
                  8089a1b8    0000000e     edma3_rm_bios.lib : edma3resmgr.obj (.bss)
                  8089a1c6    00000002     --HOLE--
                  8089a1c8    0000000c     audio_bios_drv.lib : psp_aic33Codec.obj (.bss)
                  8089a1d4    0000000c     bios.a64P : tsk.o64P (.bss)
                  8089a1e0    00000008     audioProcessing.obj (.bss)
                  8089a1e8    00000008     bios.a64P : clk_data.o64P (.bss)
                  8089a1f0    00000008               : sys.o64P (.bss)
                  8089a1f8    00000008     edma3_drv_sample.lib : bios_edma3_sample_init.obj (.bss)
                  8089a200    00000004     bios.a64P : dev_init.o64P (.bss)
                  8089a204    00000004               : idl_busy.o64P (.bss)
                  8089a208    00000004               : mem_asm.o64P (.bss)
                  8089a20c    00000004               : mem_defi.o64P (.bss)
                  8089a210    00000004               : tsk_disa.o64P (.bss)
                  8089a214    00000004     evmdm6437bsl.lib : evmdm6437_i2c.obj (.bss)
                  8089a218    00000004                      : evmdm6437_psc.obj (.bss)
                  8089a21c    00000004     mcasp_bios_drv.lib : dda_mcasp_bios.obj (.bss)
                  8089a220    00000004     mcbsp_bios_drv.lib : dda_mcbsp_bios.obj (.bss)

.sys       0    8089a224    00000010     UNINITIALIZED
                  8089a224    00000010     evmAudioTemplatecfg.obj (.sys)

.pinit     0    8089a234    0000000c     
                  8089a234    00000004     rtdx64xplus.lib : buffer1.o64P (.pinit)
                  8089a238    00000004                     : rtdx_mon.o64P (.pinit)
                  8089a23c    00000004     --HOLE-- [fill = 0]

.sysinit   0    8089a240    000007c0     
                  8089a240    000003c0     evmAudioTemplatecfg.obj (.sysinit)
                  8089a600    00000120     bios.a64P : dev_init.o64P (.sysinit)
                  8089a720    000000e0     bios6424.a64P : clk_enable64LcTimer.o64P (.sysinit)
                  8089a800    000000c0     bios.a64P : boot.o64P (.sysinit)
                  8089a8c0    000000a0               : mem_init.o64P (.sysinit)
                  8089a960    00000060               : tsk_init.o64P (.sysinit)
                  8089a9c0    00000020               : gio.o64P (.sysinit)
                  8089a9e0    00000020               : obj_init.o64P (.sysinit)

.switch    0    8089aa00    000003d4     
                  8089aa00    000000e4     mcasp_bios_drv.lib : llc_mcasp.obj (.switch)
                  8089aae4    000000b8     edma3_drv_bios.lib : edma3.obj (.switch)
                  8089ab9c    00000070     audio_bios_drv.lib : psp_audio.obj (.switch)
                  8089ac0c    0000005c     mcbsp_bios_drv.lib : ddc_mcbsp.obj (.switch)
                  8089ac68    00000050     mcasp_bios_drv.lib : ddc_mcasp.obj (.switch)
                  8089acb8    00000040     edma3_rm_bios.lib : edma3resmgr.obj (.switch)
                  8089acf8    00000040     i2c_bios_drv.lib : ddc_i2c.obj (.switch)
                  8089ad38    00000028     edma3_drv_sample.lib : bios_edma3_sample_cs.obj (.switch)
                  8089ad60    00000020     evmdm6437bsl.lib : evmdm6437.obj (.switch)
                  8089ad80    00000014     audio_bios_drv.lib : psp_aic33Codec.obj (.switch)
                  8089ad94    00000010     i2c_bios_drv.lib : dda_i2cIom.obj (.switch)
                  8089ada4    00000010     mcasp_bios_drv.lib : dda_mcasp_bios.obj (.switch)
                  8089adb4    00000010     mcbsp_bios_drv.lib : dda_mcbsp_bios.obj (.switch)
                  8089adc4    00000010                        : llc_mcbsp.obj (.switch)

.cio       0    8089add8    00000120     UNINITIALIZED
                  8089add8    00000120     rts64plus.lib : trgmsg.obj (.cio)

.gblinit   0    8089aef8    0000007c     
                  8089aef8    0000007c     evmAudioTemplatecfg.obj (.gblinit)

.devtable 
*          0    8089af74    00000048     UNINITIALIZED
                  8089af74    00000048     evmAudioTemplatecfg.obj (.devtable)

.trcdata   0    8089afbc    0000000c     
                  8089afbc    0000000c     bios.a64P : trc.o64P (.trcdata)


FAR CALL TRAMPOLINES

callee name               trampoline name
   callee addr  tramp addr   call addr  call info
--------------  -----------  ---------  ----------------
$.bios:bios.a64P<log_printf.o64P>$0x0  $Tramp$S$$_LOG_printf
   80894540     8088e5c0     80880338   audio_bios_drv.lib : psp_aic33Codec.obj (.text)
                             808803c4                      : psp_aic33Codec.obj (.text)
                             808803f4                      : psp_aic33Codec.obj (.text)
                             80880cc0                      : psp_aic33Codec.obj (.text)
                             80880d14                      : psp_aic33Codec.obj (.text)
                             80880d78                      : psp_aic33Codec.obj (.text)
                             80880e18                      : psp_aic33Codec.obj (.text)
                             80880eb4                      : psp_aic33Codec.obj (.text)
                             8088bd30   palos_bios.lib : pal_oscache.obj (.text)
$.bios:bios6424.a64P<bcache_block.o64P>$0x170  $Tramp$S$$_BCACHE_wbInv
   808925f0     8088e5e0     80880f74   audio_bios_drv.lib : psp_audio.obj (.text)
                             80880f88                      : psp_audio.obj (.text)
                             80880ff4                      : psp_audio.obj (.text)
                             80881008                      : psp_audio.obj (.text)
                             8088bdb4   palos_bios.lib : pal_oscache.obj (.text)
$.bios:bios.a64P<ecm_dispatchPlug.o64P>$0x0  $Tramp$S$$_ECM_dispatchPlug
   80893f20     8088e600     80883934   mcasp_bios_drv.lib : dda_mcasp_bios.obj (.text)
                             80884170   mcbsp_bios_drv.lib : dda_mcbsp_bios.obj (.text)
                             80888e0c   edma3_drv_sample.lib : bios_edma3_sample_init.obj (.text)
                             80888e34                        : bios_edma3_sample_init.obj (.text)
                             80888e78                        : bios_edma3_sample_init.obj (.text)
                             8088b974   i2c_bios_drv.lib : dda_i2cBios.obj (.text)
$.bios:bios.a64P<c62_c.o64P>$0x18  $Tramp$S$$_C64_enableIER
   808942f8     8088e620     80883938   mcasp_bios_drv.lib : dda_mcasp_bios.obj (.text)
                             80884180   mcbsp_bios_drv.lib : dda_mcbsp_bios.obj (.text)
                             80888eb4   edma3_drv_sample.lib : bios_edma3_sample_init.obj (.text)
                             8088b9b4   i2c_bios_drv.lib : dda_i2cBios.obj (.text)
$.bios:bios.a64P<ecm_disableEvent.o64P>$0x0  $Tramp$S$$_ECM_disableEvent
   80894320     8088e640     8088398c   mcasp_bios_drv.lib : dda_mcasp_bios.obj (.text)
                             808841e0   mcbsp_bios_drv.lib : dda_mcbsp_bios.obj (.text)
                             80887e60   edma3_drv_sample.lib : bios_edma3_sample_cs.obj (.text)
                             80887e6c                        : bios_edma3_sample_cs.obj (.text)
                             80887e8c                        : bios_edma3_sample_cs.obj (.text)
                             80888f58                        : bios_edma3_sample_init.obj (.text)
                             80888f64                        : bios_edma3_sample_init.obj (.text)
                             80888f8c                        : bios_edma3_sample_init.obj (.text)
                             8088b9e0   i2c_bios_drv.lib : dda_i2cBios.obj (.text)
                             8088e4b8   palos_bios.lib : pal_osInt.obj (.text)
$.bios:bios.a64P<sem_pend_counting.o64P>$0x0  $Tramp$S$$_SEM_pend
   80894100     8088e660     80885860   evmAudioTemplate.obj (.text)
                             80885868   evmAudioTemplate.obj (.text)
                             80885870   evmAudioTemplate.obj (.text)
                             80885948   evmAudioTemplate.obj (.text)
                             8088598c   evmAudioTemplate.obj (.text)
                             808859c8   evmAudioTemplate.obj (.text)
                             808859d0   evmAudioTemplate.obj (.text)
                             808859f0   evmAudioTemplate.obj (.text)
                             80885cbc   evmAudioTemplate.obj (.text)
$.bios:bios.a64P<sem_post_asm.o64P>$0x0  $Tramp$S$$_SEM_post
   80893540     8088e670     808858ac   evmAudioTemplate.obj (.text)
                             80885984   evmAudioTemplate.obj (.text)
                             808859e0   evmAudioTemplate.obj (.text)
                             808859e8   evmAudioTemplate.obj (.text)
                             80885ac0   evmAudioTemplate.obj (.text)
                             80885ae4   evmAudioTemplate.obj (.text)
$.bios:bios.a64P<gio_sbmt.o64P>$0x0  $Tramp$S$$_GIO_submit
   80892100     8088e680     808858d4   evmAudioTemplate.obj (.text)
                             80885900   evmAudioTemplate.obj (.text)
                             80885bc0   evmAudioTemplate.obj (.text)
                             80885bf8   evmAudioTemplate.obj (.text)
                             80885c34   evmAudioTemplate.obj (.text)
                             80885c70   evmAudioTemplate.obj (.text)
$.bios:bios.a64P<gio_crea.o64P>$0x0  $Tramp$S$$_GIO_create
   80890720     8088e690     80885b00   evmAudioTemplate.obj (.text)
                             80885b34   evmAudioTemplate.obj (.text)
$.bios:bios.a64P<sys_abor.o64P>$0x0  $Tramp$S$$_SYS_abort
   808941c0     8088e6a0     80885b28   evmAudioTemplate.obj (.text)
                             80885b58   evmAudioTemplate.obj (.text)
                             80885bd8   evmAudioTemplate.obj (.text)
                             80885c14   evmAudioTemplate.obj (.text)
                             80885c50   evmAudioTemplate.obj (.text)
                             80885c8c   evmAudioTemplate.obj (.text)
$.bios:bios.a64P<malloc.o64P>$0x0  $Tramp$S$$_free
   808909c0     8088e6b0     8088ab80   rts64plus.lib : setvbuf.obj (.text:_setvbuf)
                             8088bea8                 : fclose.obj (.text:__closefile)
$.bios:bios.a64P<hwi_c.o64P>$0x0  $Tramp$S$$_HWI_disable
   80893fe0     8088e6c0     80887e48   edma3_drv_sample.lib : bios_edma3_sample_cs.obj (.text)
                             80888dec                        : bios_edma3_sample_init.obj (.text)
                             80888f50                        : bios_edma3_sample_init.obj (.text)
                             8088e074   palos_bios.lib : pal_osprotect.obj (.text)
$.bios:bios.a64P<tsk_disa.o64P>$0x24  $Tramp$S$$_TSK_disable
   80893d04     8088e6e0     80887e54   edma3_drv_sample.lib : bios_edma3_sample_cs.obj (.text)
                             8088e08c   palos_bios.lib : pal_osprotect.obj (.text)
$.bios:bios.a64P<hwi_c.o64P>$0x2c  $Tramp$S$$_HWI_restore
   8089400c     8088e700     80887eec   edma3_drv_sample.lib : bios_edma3_sample_cs.obj (.text)
                             80888ec0                        : bios_edma3_sample_init.obj (.text)
                             80888fac                        : bios_edma3_sample_init.obj (.text)
                             8088e0b4   palos_bios.lib : pal_osprotect.obj (.text)
$.bios:bios.a64P<tsk_disa.o64P>$0x0  $Tramp$S$$_TSK_enable
   80893ce0     8088e720     80887ef4   edma3_drv_sample.lib : bios_edma3_sample_cs.obj (.text)
                             8088e0c8   palos_bios.lib : pal_osprotect.obj (.text)
$.bios:bios.a64P<ecm_enableEvent.o64P>$0x0  $Tramp$S$$_ECM_enableEvent
   80894360     8088e740     80887f00   edma3_drv_sample.lib : bios_edma3_sample_cs.obj (.text)
                             80887f0c                        : bios_edma3_sample_cs.obj (.text)
                             80887f28                        : bios_edma3_sample_cs.obj (.text)
                             80888e18                        : bios_edma3_sample_init.obj (.text)
                             80888e40                        : bios_edma3_sample_init.obj (.text)
                             80888e94                        : bios_edma3_sample_init.obj (.text)
                             8088b9a4   i2c_bios_drv.lib : dda_i2cBios.obj (.text)
                             8088e4a8   palos_bios.lib : pal_osInt.obj (.text)
$.bios:bios.a64P<clk_countspms.o64P>$0x0  $Tramp$S$$_CLK_countspms
   808944a0     8088e760     80887f88   edma3_drv_sample.lib : bios_edma3_sample_cs.obj (.text)
                             8088d4b4   palos_bios.lib : pal_osWait.obj (.text)
                             8088d518                  : pal_osWait.obj (.text)
$.bios:bios.a64P<clk_getprd.o64P>$0x0  $Tramp$S$$_CLK_getprd
   808944c0     8088e780     80887f8c   edma3_drv_sample.lib : bios_edma3_sample_cs.obj (.text)
                             8088d4c0   palos_bios.lib : pal_osWait.obj (.text)
                             8088d520                  : pal_osWait.obj (.text)
$.bios:bios.a64P<sem_pend_counting.o64P>$0x0  $Tramp$S$$_SEM_pend
   80894100     8088e7a0     80887fb4   edma3_drv_sample.lib : bios_edma3_sample_cs.obj (.text)
                             808880d4                        : bios_edma3_sample_cs.obj (.text)
                             8088c754   palos_bios.lib : pal_ossem.obj (.text)
                             8088d4e8                  : pal_osWait.obj (.text)
$.bios:bios6424.a64P<bcache_block.o64P>$0x194  $Tramp$S$$_BCACHE_inv
   80892614     8088e7c0     80887fd8   edma3_drv_sample.lib : bios_edma3_sample_cs.obj (.text)
                             8088bd8c   palos_bios.lib : pal_oscache.obj (.text)
$.bios:bios6424.a64P<bcache_block.o64P>$0x184  $Tramp$S$$_BCACHE_wb
   80892604     8088e7e0     80887ff8   edma3_drv_sample.lib : bios_edma3_sample_cs.obj (.text)
                             8088bd64   palos_bios.lib : pal_oscache.obj (.text)
$.bios:bios.a64P<sem_crea.o64P>$0x0  $Tramp$S$$_SEM_create
   80893c60     8088e800     80888040   edma3_drv_sample.lib : bios_edma3_sample_cs.obj (.text)
                             8088c6f0   palos_bios.lib : pal_ossem.obj (.text)
$.bios:bios.a64P<sem_dele.o64P>$0x0  $Tramp$S$$_SEM_delete
   80894560     8088e820     80888094   edma3_drv_sample.lib : bios_edma3_sample_cs.obj (.text)
                             8088c72c   palos_bios.lib : pal_ossem.obj (.text)
$.bios:bios.a64P<sem_post_asm.o64P>$0x0  $Tramp$S$$_SEM_post
   80893540     8088e840     8088812c   edma3_drv_sample.lib : bios_edma3_sample_cs.obj (.text)
                             8088c794   palos_bios.lib : pal_ossem.obj (.text)
$.bios:bios.a64P<mem_defi.o64P>$0x0  $Tramp$S$$_MEM_define
   80891120     8088e860     808892c8   palos_bios.lib : pal_osmem.obj (.text)
$.bios:bios.a64P<mem_unde.o64P>$0x0  $Tramp$S$$_MEM_undefine
   80893100     8088e880     808892f4   palos_bios.lib : pal_osmem.obj (.text)
$.bios:.near:bios.a64P<mem_allo.o64P>$0x0  $Tramp$S$$_MEM_alloc
   80891980     8088e8a0     8088932c   palos_bios.lib : pal_osmem.obj (.text)
$.bios:.near:bios.a64P<mem_free.o64P>$0x0  $Tramp$S$$_MEM_free
   80891580     8088e8c0     80889380   palos_bios.lib : pal_osmem.obj (.text)
$.bios:bios.a64P<malloc.o64P>$0x28  $Tramp$S$$_malloc
   808909e8     8088e8e0     8088ac14   rts64plus.lib : setvbuf.obj (.text:_setvbuf)
$.bios:bios.a64P<lck.o64P>$0x0  $Tramp$S$$_LCK_post
   80893ae0     8088e900     8088d3e0   bios.a64P : tsk_stup.o64P (.text)
$.bios:bios.a64P<lck.o64P>$0x20  $Tramp$S$$_LCK_pend
   80893b00     8088e920     8088d444   bios.a64P : tsk_stup.o64P (.text)
$.bios:bios.a64P<sys_abor.o64P>$0x0  $Tramp$S$$_SYS_abort
   808941c0     8088e940     8088d448   bios.a64P : tsk_stup.o64P (.text)
                             8088d464             : tsk_stup.o64P (.text)

[32 trampolines]
[114 trampoline calls]


GLOBAL SYMBOLS: SORTED ALPHABETICALLY BY Name 

address    name
--------   ----
808999c8   $bss
808999c8   .bss
80000000   .data
80867260   .text
8089a404   BIOS$$CLKOFF
8089a3c4   BIOS$$CLKON
8089a240   BIOS_init
8089a4c0   BIOS_start
00000000   BUF$
00000001   BUF_ENABLED
8088e258   C$$IO$$
ffffffff   CACHE_L1D
ffffffff   CACHE_L1P
00000001   CLK$
10801af8   CLK_A_TABBEG
00000001   CLK_CALDIV
00000001   CLK_CALMULT
00091050   CLK_COUNTSPMS
00000009   CLK_COUNTSPMSHIGH
80899f24   CLK_D_idletime
80899f20   CLK_D_isrhook
80899f1c   CLK_D_tabbeg
80899f18   CLK_D_timefxn
00000001   CLK_ENABLEHTIME
808945e0   CLK_F_gethtime
808927e0   CLK_F_getltime
808927f0   CLK_F_isr
80892930   CLK_F_itime
8088fa00   CLK_HOOKFXN
00000001   CLK_HTIMEDIV
00000001   CLK_HTIMEMULT
00091050   CLK_HTIMEPERLTIME
00006978   CLK_INPUTCLK
00008000   CLK_INTBIT
00000001   CLK_LTIMEDIV
00091050   CLK_LTIMEMULT
000003e8   CLK_MICROSECS
00000001   CLK_POWERENABLE
00006978   CLK_PRD
00000000   CLK_PRDHIGH
01c21800   CLK_REGS
00000001   CLK_RESETTIMER
80899f14   CLK_R_time
00000020   CLK_TCR
00000000   CLK_TDDR
00000000   CLK_TDDRHIGH
808945e0   CLK_TIMEFXN
00000001   CLK_TIMERNUM
00000005   CLK_TIMMODE
00000001   CLK_USETIMER
10801afc   CLK_null
80899dd8   DDR2
80000000   DDR2$B
00800000   DDR2$L
00000000   DEV$
00000000   DGN$
00000000   DHL$
00000000   DHL_gChannelsAvailable
00000000   DIO$
00000000   DIO_NUMSWIBASE
00000000   DIO_NUMTSKBASE
00000000   DIO_STATIC
00000000   DPI$
00000001   ECM$
00000001   ECM_ENABLE
ffffffff   ECM_EVTMASK0
ffffffff   ECM_EVTMASK1
ffffffff   ECM_EVTMASK2
ffffffff   ECM_EVTMASK3
0000000a   EVENT10
00000064   EVENT100
00000065   EVENT101
00000066   EVENT102
00000067   EVENT103
00000068   EVENT104
00000069   EVENT105
0000006a   EVENT106
0000006b   EVENT107
0000006c   EVENT108
0000006d   EVENT109
0000000b   EVENT11
0000006e   EVENT110
0000006f   EVENT111
00000070   EVENT112
00000071   EVENT113
00000072   EVENT114
00000073   EVENT115
00000074   EVENT116
00000075   EVENT117
00000076   EVENT118
00000077   EVENT119
0000000c   EVENT12
00000078   EVENT120
00000079   EVENT121
0000007a   EVENT122
0000007b   EVENT123
0000007c   EVENT124
0000007d   EVENT125
0000007e   EVENT126
0000007f   EVENT127
0000000d   EVENT13
0000000e   EVENT14
0000000f   EVENT15
00000010   EVENT16
00000011   EVENT17
00000012   EVENT18
00000013   EVENT19
00000014   EVENT20
00000015   EVENT21
00000016   EVENT22
00000017   EVENT23
00000018   EVENT24
00000019   EVENT25
0000001a   EVENT26
0000001b   EVENT27
0000001c   EVENT28
0000001d   EVENT29
0000001e   EVENT30
0000001f   EVENT31
00000020   EVENT32
00000021   EVENT33
00000022   EVENT34
00000023   EVENT35
00000024   EVENT36
00000025   EVENT37
00000026   EVENT38
00000027   EVENT39
00000004   EVENT4
00000028   EVENT40
00000029   EVENT41
0000002a   EVENT42
0000002b   EVENT43
0000002c   EVENT44
0000002d   EVENT45
0000002e   EVENT46
0000002f   EVENT47
00000030   EVENT48
00000031   EVENT49
00000005   EVENT5
00000032   EVENT50
00000033   EVENT51
00000034   EVENT52
00000035   EVENT53
00000036   EVENT54
00000037   EVENT55
00000038   EVENT56
00000039   EVENT57
0000003a   EVENT58
0000003b   EVENT59
00000006   EVENT6
0000003c   EVENT60
0000003d   EVENT61
0000003e   EVENT62
0000003f   EVENT63
00000040   EVENT64
00000041   EVENT65
00000042   EVENT66
00000043   EVENT67
00000044   EVENT68
00000045   EVENT69
00000007   EVENT7
00000046   EVENT70
00000047   EVENT71
00000048   EVENT72
00000049   EVENT73
0000004a   EVENT74
0000004b   EVENT75
0000004c   EVENT76
0000004d   EVENT77
0000004e   EVENT78
0000004f   EVENT79
00000008   EVENT8
00000050   EVENT80
00000051   EVENT81
00000052   EVENT82
00000053   EVENT83
00000054   EVENT84
00000055   EVENT85
00000056   EVENT86
00000057   EVENT87
00000058   EVENT88
00000059   EVENT89
00000009   EVENT9
0000005a   EVENT90
0000005b   EVENT91
0000005c   EVENT92
0000005d   EVENT93
0000005e   EVENT94
0000005f   EVENT95
00000060   EVENT96
00000061   EVENT97
00000062   EVENT98
00000063   EVENT99
80893f80   FXN_F_nop
80893f84   FXN_F_run
80893fc0   FXN_F_zero
00000001   GBL$
00005205   GBL_A_VERSION
00000000   GBL_BCACHEREADADDR0
00000000   GBL_BCACHEREADADDR1
00000000   GBL_BCACHEREADADDR2
00000000   GBL_BIGENDIAN
00000000   GBL_CACHE
00000000   GBL_CALLCSLCFGINIT
00004e20   GBL_CLKIN
00001918   GBL_CLKTYPE
00001963   GBL_DSPSUBTYPE
0000003e   GBL_DSPTYPE
00000001   GBL_ENABLEINST
00000000   GBL_ENABLE_SK
00000042   GBL_FOOTPRINT
00091050   GBL_FREQ
00000000   GBL_GEMTRUECOMPEN
00000007   GBL_L1DMODE
00000007   GBL_L1PMODE
00000001   GBL_L2CONFIGURE
00000000   GBL_L2MAR0_31
00000000   GBL_L2MAR128_159
00000000   GBL_L2MAR160_191
00000000   GBL_L2MAR192_223
00000000   GBL_L2MAR224_255
00000000   GBL_L2MAR32_63
00000000   GBL_L2MAR64_95
00000000   GBL_L2MAR96_127
00000000   GBL_L2MODE
00000000   GBL_NULL
00000000   GBL_PROCID
00000000   GBL_ROM
00000000   GBL_SUPPORTCSL
0000dbef   GBL_TRCMASKVALUE
00000000   GBL_USERINIT
808944e0   GBL_USERINITFXN
00000001   GBL_boot
8089afc4   GBL_initdone
80897168   GBL_stackbeg
80898167   GBL_stackend
00000001   GIO$
80898168   GIO$config
80893c60   GIO_CREATEFXN
80894560   GIO_DELETEFXN
80894100   GIO_PENDFXN
80893540   GIO_POSTFXN
00000000   HOOK$
00000000   HOOK_KNLID
00000001   HST$
108023e8   HST_A_TABBEG
10802424   HST_A_TABEND
00000000   HST_DSM
ffffffff   HST_DSMBUFSEG
00000400   HST_DSMMEMSIZE
80899f90   HST_D_chanmask
80899f94   HST_D_tabbeg
80899f98   HST_D_tabend
000000ff   HST_MAXFRAMEALLOWED
00000040   HST_MAXFRAMESET
00000000   HST_NONE
00000001   HST_RTDX
00000001   HWI$
10801c00   HWI_A_VECS
00009f88   HWI_CFGDISPATCHED
8089a138   HWI_D_bss
8089a13c   HWI_D_ccmask
8089a128   HWI_D_spsave
00000001   HWI_ENABLE_EXC
8088fa00   HWI_F_dispatch
00000000   HWI_GENERATE_RESET_VEC
0000000a   HWI_INT10
00000000   HWI_INT10$hwi
0000000b   HWI_INT11
00000000   HWI_INT11$hwi
0000000c   HWI_INT12
00000000   HWI_INT12$hwi
0000000d   HWI_INT13
00000000   HWI_INT13$hwi
0000000e   HWI_INT14
00000000   HWI_INT14$hwi
0000000f   HWI_INT15
00000000   HWI_INT15$hwi
00000004   HWI_INT4
00000000   HWI_INT4$hwi
00000005   HWI_INT5
00000000   HWI_INT5$hwi
00000006   HWI_INT6
00000000   HWI_INT6$hwi
00000007   HWI_INT7
00000000   HWI_INT7$hwi
00000008   HWI_INT8
00000000   HWI_INT8$hwi
00000009   HWI_INT9
00000000   HWI_INT9$hwi
00060504   HWI_INTRMUX1
0b030201   HWI_INTRMUX2
06040d0c   HWI_INTRMUX3
00000001   HWI_NMI
00000000   HWI_NMI$hwi
00000000   HWI_POLARITYMASK
00000002   HWI_RESERVED0
00000000   HWI_RESERVED0$hwi
00000003   HWI_RESERVED1
00000000   HWI_RESERVED1$hwi
00000000   HWI_RESET
00000000   HWI_RESET$hwi
00000000   HWI_ZEROTAB
00000001   IDL$
10802480   IDL_A_CALBEG
108020f0   IDL_A_TABBEG
00000006   IDL_CALIBRERROR
808943a0   IDL_CALIBRFXN
8089a204   IDL_D_busyObj
80899f04   IDL_D_calbeg
80899f00   IDL_D_calibrate
80899efc   IDL_D_tabbeg
108020fc   IDL_END
1080248c   IDL_END$
80894040   IDL_F_busy
80893de0   IDL_F_calibrate
80894520   IDL_F_loop
808943a0   IDL_F_stub
00000001   IDL_USECLKIDLTIME
108023dc   IDL_busyObj
80899a63   IDL_busyObj$avgfmt
00000001   IDL_busyObj$filter
00000001   IDL_busyObj$iA
00000000   IDL_busyObj$iB
00000001   IDL_busyObj$iC
80899a5d   IDL_busyObj$maxfmt
00000000   IDL_busyObj$operation
108023d8   IDL_busyObj$stsobj
80899a60   IDL_busyObj$sumfmt
00000002   IDL_busyObj$unittype
108020f0   IDL_cpuLoad
10802480   IDL_cpuLoad$
ffffffff   IRAM
00000001   ISRC$
80892ad8   KNL_glue
10802454   KNL_swi
00000001   KNL_swi$dorta
00000000   KNL_swi$ord
00000000   KNL_swi$pri
1080237c   KNL_swi$sts
808999d1   KNL_swi$sts$avgfmt
00000002   KNL_swi$sts$filter
00000001   KNL_swi$sts$filtmaxmult
00000001   KNL_swi$sts$filtsummult
808999c1   KNL_swi$sts$maxfmt
10802378   KNL_swi$sts$stsobj
808999c9   KNL_swi$sts$sumfmt
00000000   KNL_swi$sts$unittype
00000000   KNL_swi$swi
ffffffff   L1DSRAM
00000001   LCK$
8088ef20   LNK_F_checkBufferCall
8088efa0   LNK_F_dataPump
8088ef40   LNK_F_getChanPtr
8088ef98   LNK_F_init
8088f4a8   LNK_F_readCallBack
108020f4   LNK_dataPump
10802484   LNK_dataPump$
8089a144   LNK_dspFrameReadyMask
8089a140   LNK_dspFrameRequestMask
8088f220   LNK_newin
8088f354   LNK_newout
8088efb0   LNK_rcloop
8088f074   LNK_rdrtry
8089a14c   LNK_readDone
8089a150   LNK_readFail
8089a148   LNK_readPend
8088f084   LNK_rrloop
8089a154   LNK_writeFail
8088f150   LNK_wrloop
8088f144   LNK_wrrtry
00000001   LOG$
10802424   LOG_A_TABBEG
10802454   LOG_A_TABEND
00000002   LOG_A_TABLEN
80899f08   LOG_D_system
00000001   LOG_ENABLED
80893b60   LOG_F_event
10802424   LOG_system
10801b00   LOG_system$buf
00000000   LOG_system$datatype
00000000   LOG_system$log
00000040   LOG_system$size
00000000   MBX$
00000001   MEM$
80899dd8   MEM_MALLOCSEG
00000000   MEM_NULL
80899dd8   MEM_SEGZERO
00000000   MEM_USEMPC
00000001   MEM_gNumHeap
00000000   MSGQ$
00000000   MSGQ_USEMSGQ
00000000   OBJ$
00000000   PIP$
10802200   PIP_A_TABBEG
108022c8   PIP_A_TABEND
00000002   PIP_A_TABLEN
80899f0c   PIP_D_tabbeg
80899f10   PIP_D_tablen
80891f98   PIP_F_give
80891f98   PIP_F_probe
80892068   PIP_F_start
80891f20   PIP_F_take
00000064   PIP_OBJSIZE
00000000   PIP_gNextId
00000002   PIP_gNumEmbed
00000000   POOL$
00000000   POOL_USEPOOL
00000001   PRD$
10800000   PRD_A_TABBEG
10800000   PRD_A_TABEND
00000000   PRD_A_TABLEN
80899f4c   PRD_D_cur
80899f50   PRD_D_elapsed
80899f54   PRD_D_prevtim
80899f58   PRD_D_scalar
80899f5c   PRD_D_swihandle
80899f60   PRD_D_tabbeg
80899f64   PRD_D_tablen
80899f68   PRD_D_thook
80899f48   PRD_D_tick
808903a0   PRD_F_swi
80890624   PRD_F_tick
00004000   PRD_SCALAR
00000000   PRD_SWIHANDLE
80891f0c   PRD_THOOKFXN
10801af8   PRD_clock
00000001   QUE$
80899f6c   RTA_D_fromHost
80899f74   RTA_D_logval
80899f84   RTA_D_stsval
80899f70   RTA_D_toHost
80894420   RTA_F_andn
80890d40   RTA_F_dispatch
80890c60   RTA_F_getlog
80890c98   RTA_F_getsts
80894438   RTA_F_or
80890cd8   RTA_F_readblk
80890d00   RTA_F_resetmem
80890cf4   RTA_F_writeword
108020f8   RTA_dispatcher
10802488   RTA_dispatcher$
80890d8c   RTA_execute
108023ec   RTA_fromHost
108020e0   RTA_fromHost$buf
00000004   RTA_fromHost$framesize
00000000   RTA_fromHost$hst
00000001   RTA_fromHost$id
00000000   RTA_fromHost$mode
10802200   RTA_fromHost$pipe
10802230   RTA_fromHost$pipe$aaa
10802260   RTA_fromHost$pipe$bbb
80899ddc   RTA_fromHost$pipe$dtab
10802204   RTA_fromHost$pipe$rd
10802234   RTA_fromHost$pipe$wr
108023f4   RTA_fromHost$rtdx
10802408   RTA_toHost
10801fe0   RTA_toHost$buf
00000040   RTA_toHost$framesize
00000000   RTA_toHost$hst
00000000   RTA_toHost$id
00000001   RTA_toHost$mode
10802264   RTA_toHost$pipe
10802294   RTA_toHost$pipe$aaa
108022c4   RTA_toHost$pipe$bbb
80899de8   RTA_toHost$pipe$dtab
10802268   RTA_toHost$pipe$rd
10802298   RTA_toHost$pipe$wr
10802410   RTA_toHost$rtdx
00000001   RTDX$
00000408   RTDX_BUFMEMSIZE
ffffffff   RTDX_DATAMEMSEG
00000000   RTDX_MODE
00000001   RTDX_NORMALIZED_HDR
00000001   RTDX_USERTDX
00000000   RTDX_USERTEXECUTION
00000001   SEM$
00000000   SIO$
ffffffff   SRAM
00000001   STS$
10802378   STS_A_TABBEG
108023e8   STS_A_TABEND
8089418c   STS_F_add
80894160   STS_F_delta
808941a8   STS_F_reset
00000001   SWI$
10802454   SWI_A_TABBEG
10802480   SWI_A_TABEND
00000001   SWI_A_TABLEN
80899fe0   SWI_D_curfxn
80899fd0   SWI_D_curmask
80899fdc   SWI_D_curmbox
80899fd4   SWI_D_curset
80899fcc   SWI_D_execaddr
80899fe8   SWI_D_inswi
80899fd8   SWI_D_lock
80899fe4   SWI_D_rdybeg
80899fec   SWI_D_rdytab
80899fc8   SWI_D_runaddr
00000000   SWI_EHOOKFXN
808900c4   SWI_EXECFXN
8088fee0   SWI_F_enable
808900c4   SWI_F_exec
808900ec   SWI_F_iexec
8088ff50   SWI_F_post
8089016c   SWI_F_run
00000000   SWI_IHOOKFXN
8089016c   SWI_RUNFXN
00000001   SYS$
8089a224   SYS$config
80894460   SYS_ABORTFXN
808945a0   SYS_ERRORFXN
808945c0   SYS_EXITFXN
80894220   SYS_PUTCFXN
8089afc0   TRC_R_mask
8089afbc   TRC_cinit
00000001   TSK$
10801ecc   TSK_ALIVE
00000003   TSK_ALIVE$ord
00000001   TSK_ALIVE$pri
108004f8   TSK_ALIVE$stack
10800890   TSK_ALIVE$stkptr
108023ac   TSK_ALIVE$sts
80899a1f   TSK_ALIVE$sts$avgfmt
00000002   TSK_ALIVE$sts$filter
00000001   TSK_ALIVE$sts$filtmaxmult
00000001   TSK_ALIVE$sts$filtsummult
80899a0f   TSK_ALIVE$sts$maxfmt
108023a8   TSK_ALIVE$sts$stsobj
80899a17   TSK_ALIVE$sts$sumfmt
00000000   TSK_ALIVE$sts$unittype
00000000   TSK_ALIVE$tsk
10801e6c   TSK_AUDIO
00000002   TSK_AUDIO$ord
00000002   TSK_AUDIO$pri
108008f8   TSK_AUDIO$stack
10800c90   TSK_AUDIO$stkptr
1080239c   TSK_AUDIO$sts
80899a05   TSK_AUDIO$sts$avgfmt
00000002   TSK_AUDIO$sts$filter
00000001   TSK_AUDIO$sts$filtmaxmult
00000001   TSK_AUDIO$sts$filtsummult
808999f5   TSK_AUDIO$sts$maxfmt
10802398   TSK_AUDIO$sts$stsobj
808999fd   TSK_AUDIO$sts$sumfmt
00000000   TSK_AUDIO$sts$unittype
00000000   TSK_AUDIO$tsk
10801f2c   TSK_CONFIG_PROCESS
00000004   TSK_CONFIG_PROCESS$ord
00000001   TSK_CONFIG_PROCESS$pri
10800cf8   TSK_CONFIG_PROCESS$stack
10801090   TSK_CONFIG_PROCESS$stkptr
108023bc   TSK_CONFIG_PROCESS$sts
80899a39   TSK_CONFIG_PROCESS$sts$avgfmt
00000002   TSK_CONFIG_PROCESS$sts$filter
00000001   TSK_CONFIG_PROCESS$sts$filtmaxmult
00000001   TSK_CONFIG_PROCESS$sts$filtsummult
80899a29   TSK_CONFIG_PROCESS$sts$maxfmt
108023b8   TSK_CONFIG_PROCESS$sts$stsobj
80899a31   TSK_CONFIG_PROCESS$sts$sumfmt
00000000   TSK_CONFIG_PROCESS$sts$unittype
00000000   TSK_CONFIG_PROCESS$tsk
10801f8c   TSK_GET_DIP_STATUS
00000006   TSK_GET_DIP_STATUS$ord
00000001   TSK_GET_DIP_STATUS$pri
108010f8   TSK_GET_DIP_STATUS$stack
10801490   TSK_GET_DIP_STATUS$stkptr
108023cc   TSK_GET_DIP_STATUS$sts
80899a53   TSK_GET_DIP_STATUS$sts$avgfmt
00000002   TSK_GET_DIP_STATUS$sts$filter
00000001   TSK_GET_DIP_STATUS$sts$filtmaxmult
00000001   TSK_GET_DIP_STATUS$sts$filtsummult
80899a43   TSK_GET_DIP_STATUS$sts$maxfmt
108023c8   TSK_GET_DIP_STATUS$sts$stsobj
80899a4b   TSK_GET_DIP_STATUS$sts$sumfmt
00000000   TSK_GET_DIP_STATUS$sts$unittype
00000000   TSK_GET_DIP_STATUS$tsk
00000000   TSK_NUM_HOOKS
00000001   TSK_PRIORITY
00000000   TSK_READYFXN
00000000   TSK_STACKSEG
00000400   TSK_STACKSIZE
00000000   TSK_SWITCHFXN
808944e0   TSK_VCREATEFXN
808944e0   TSK_VDELETEFXN
808944e0   TSK_VEXITFXN
10801e0c   TSK_idle
00000001   TSK_idle$ord
00000000   TSK_idle$pri
108014f8   TSK_idle$stack
10801890   TSK_idle$stkptr
1080238c   TSK_idle$sts
808999eb   TSK_idle$sts$avgfmt
00000002   TSK_idle$sts$filter
00000001   TSK_idle$sts$filtmaxmult
00000001   TSK_idle$sts$filtsummult
808999db   TSK_idle$sts$maxfmt
10802388   TSK_idle$sts$stsobj
808999e3   TSK_idle$sts$sumfmt
00000000   TSK_idle$sts$unittype
00000000   TSK_idle$tsk
00000001   UDEV$
8089afa4   UDEV_I2C0$device
8089af98   UDEV_I2C0$obj
8089af80   UDEV_udevCodec$device
8089af74   UDEV_udevCodec$obj
808938e0   _ATM_andi
808938e0   _ATM_andu
808938f0   _ATM_cleari
808938f0   _ATM_clearu
80893900   _ATM_deci
80893900   _ATM_decu
80893910   _ATM_inci
80893910   _ATM_incu
80893924   _ATM_ori
80893924   _ATM_oru
80893934   _ATM_seti
80893934   _ATM_setu
808944e0   _BCACHE_bootInit
80892e94   _BCACHE_getMar
80892e44   _BCACHE_getSize
80892614   _BCACHE_inv
80892e14   _BCACHE_setCacheToSram
80892dc4   _BCACHE_setMar
80892d80   _BCACHE_setSize
80893d60   _BCACHE_wait
80892604   _BCACHE_wb
808925f0   _BCACHE_wbInv
8088d504   _BIOS_OsGetOsTicksPerMSecs
8089a240   _BIOS_init
8089a4c0   _BIOS_start
8089430c   _C62_clearIFR
808942e0   _C62_disableIER
808942f8   _C62_enableIER
8089430c   _C64_clearIFR
808942e0   _C64_disableIER
808942f8   _C64_enableIER
ffffffff   _CACHE_L1D
ffffffff   _CACHE_L1P
00091050   _CLK_COUNTSPMS
8089a1e8   _CLK_DFLTMICROSECS
80899f44   _CLK_D_countspms
80899f38   _CLK_D_dirty
8089a1ec   _CLK_D_microseconds
80899f3c   _CLK_D_prd
80899f40   _CLK_D_tddr
80892930   _CLK_F_itime
00006978   _CLK_PRD
01c21800   _CLK_REGS
00000000   _CLK_TDDR
00000001   _CLK_TIMERNUM
00000001   _CLK_USETIMER
808944a0   _CLK_countspms
8089a720   _CLK_enableTimer
808945e0   _CLK_gethtime
808944c0   _CLK_getprd
80899f28   _CLK_htimeDiv
80899f2c   _CLK_htimeMult
8089a0cc   _CLK_htimePerLtime
80866d94   _CLK_inputClock
80892930   _CLK_itime
80899f30   _CLK_ltimeDiv
80899f34   _CLK_ltimeMult
80894280   _CLK_measure
8087f214   _DDC_i2cTransfer
80899dd8   _DDR2
80000000   _DDR2_base
00800000   _DDR2_length
80867250   _DEV_D_devinit
80899df4   _DEV_devinit
8089a600   _DEV_init
80893620   _DEV_match
80867228   _ECM_ATTRS
80894320   _ECM_disableEvent
80893340   _ECM_dispatch
80893f20   _ECM_dispatchPlug
808999d4   _ECM_dispatchTab
80894360   _ECM_enableEvent
808705c4   _EDMA3_DRV_chainChannel
808722e4   _EDMA3_DRV_checkAndClearTcc
8086f1d0   _EDMA3_DRV_clearErrorBits
8086e3cc   _EDMA3_DRV_close
8086d9e0   _EDMA3_DRV_create
8086dfa4   _EDMA3_DRV_delete
80870c18   _EDMA3_DRV_disableTransfer
808708c8   _EDMA3_DRV_enableTransfer
8086ee90   _EDMA3_DRV_freeChannel
808720f8   _EDMA3_DRV_getCCRegister
80871f0c   _EDMA3_DRV_getMapChToEvtQ
8086f948   _EDMA3_DRV_getOptField
80871230   _EDMA3_DRV_getPaRAM
80871410   _EDMA3_DRV_getPaRAMEntry
808719b4   _EDMA3_DRV_getPaRAMField
80872430   _EDMA3_DRV_getPaRAMPhyAddr
8086f3a8   _EDMA3_DRV_linkChannel
80871e84   _EDMA3_DRV_mapChToEvtQ
8086e0ec   _EDMA3_DRV_open
8086e514   _EDMA3_DRV_requestChannel
80872030   _EDMA3_DRV_setCCRegister
80870224   _EDMA3_DRV_setDestIndex
8086fde0   _EDMA3_DRV_setDestParams
80871d10   _EDMA3_DRV_setEvtQPriority
8086f6a4   _EDMA3_DRV_setOptField
80871148   _EDMA3_DRV_setPaRAM
80871314   _EDMA3_DRV_setPaRAMEntry
80871518   _EDMA3_DRV_setPaRAMField
80871038   _EDMA3_DRV_setQdmaTrigWord
80870090   _EDMA3_DRV_setSrcIndex
8086fb30   _EDMA3_DRV_setSrcParams
808703b0   _EDMA3_DRV_setTransferParams
808707c0   _EDMA3_DRV_unchainChannel
8086f5a0   _EDMA3_DRV_unlinkChannel
80872194   _EDMA3_DRV_waitAndClearTcc
80879724   _EDMA3_RM_allocContiguousResource
80877fa0   _EDMA3_RM_allocResource
80879cb8   _EDMA3_RM_checkAndClearTcc
80877da4   _EDMA3_RM_close
808773e0   _EDMA3_RM_create
80877778   _EDMA3_RM_delete
808798b4   _EDMA3_RM_freeContiguousResource
80878b8c   _EDMA3_RM_freeResource
80879ad4   _EDMA3_RM_getCCRegister
808790ec   _EDMA3_RM_mapEdmaChannel
808791e8   _EDMA3_RM_mapQdmaChannel
808778c8   _EDMA3_RM_open
80879368   _EDMA3_RM_registerTccCb
80879a0c   _EDMA3_RM_setCCRegister
80879548   _EDMA3_RM_unregisterTccCb
80879b70   _EDMA3_RM_waitAndClearTcc
0000000a   _EVENT10
00000064   _EVENT100
00000065   _EVENT101
00000066   _EVENT102
00000067   _EVENT103
00000068   _EVENT104
00000069   _EVENT105
0000006a   _EVENT106
0000006b   _EVENT107
0000006c   _EVENT108
0000006d   _EVENT109
0000000b   _EVENT11
0000006e   _EVENT110
0000006f   _EVENT111
00000070   _EVENT112
00000071   _EVENT113
00000072   _EVENT114
00000073   _EVENT115
00000074   _EVENT116
00000075   _EVENT117
00000076   _EVENT118
00000077   _EVENT119
0000000c   _EVENT12
00000078   _EVENT120
00000079   _EVENT121
0000007a   _EVENT122
0000007b   _EVENT123
0000007c   _EVENT124
0000007d   _EVENT125
0000007e   _EVENT126
0000007f   _EVENT127
0000000d   _EVENT13
0000000e   _EVENT14
0000000f   _EVENT15
00000010   _EVENT16
00000011   _EVENT17
00000012   _EVENT18
00000013   _EVENT19
00000014   _EVENT20
00000015   _EVENT21
00000016   _EVENT22
00000017   _EVENT23
00000018   _EVENT24
00000019   _EVENT25
0000001a   _EVENT26
0000001b   _EVENT27
0000001c   _EVENT28
0000001d   _EVENT29
0000001e   _EVENT30
0000001f   _EVENT31
00000020   _EVENT32
00000021   _EVENT33
00000022   _EVENT34
00000023   _EVENT35
00000024   _EVENT36
00000025   _EVENT37
00000026   _EVENT38
00000027   _EVENT39
00000004   _EVENT4
00000028   _EVENT40
00000029   _EVENT41
0000002a   _EVENT42
0000002b   _EVENT43
0000002c   _EVENT44
0000002d   _EVENT45
0000002e   _EVENT46
0000002f   _EVENT47
00000030   _EVENT48
00000031   _EVENT49
00000005   _EVENT5
00000032   _EVENT50
00000033   _EVENT51
00000034   _EVENT52
00000035   _EVENT53
00000036   _EVENT54
00000037   _EVENT55
00000038   _EVENT56
00000039   _EVENT57
0000003a   _EVENT58
0000003b   _EVENT59
00000006   _EVENT6
0000003c   _EVENT60
0000003d   _EVENT61
0000003e   _EVENT62
0000003f   _EVENT63
00000040   _EVENT64
00000041   _EVENT65
00000042   _EVENT66
00000043   _EVENT67
00000044   _EVENT68
00000045   _EVENT69
00000007   _EVENT7
00000046   _EVENT70
00000047   _EVENT71
00000048   _EVENT72
00000049   _EVENT73
0000004a   _EVENT74
0000004b   _EVENT75
0000004c   _EVENT76
0000004d   _EVENT77
0000004e   _EVENT78
0000004f   _EVENT79
00000008   _EVENT8
00000050   _EVENT80
00000051   _EVENT81
00000052   _EVENT82
00000053   _EVENT83
00000054   _EVENT84
00000055   _EVENT85
00000056   _EVENT86
00000057   _EVENT87
00000058   _EVENT88
00000059   _EVENT89
00000009   _EVENT9
0000005a   _EVENT90
0000005b   _EVENT91
0000005c   _EVENT92
0000005d   _EVENT93
0000005e   _EVENT94
0000005f   _EVENT95
00000060   _EVENT96
00000061   _EVENT97
00000062   _EVENT98
00000063   _EVENT99
8088b5e0   _EVMDM6437_DDR_init
8088dfec   _EVMDM6437_DIP_get
8088dfe0   _EVMDM6437_DIP_init
808660f8   _EVMDM6437_EDMA_AIC33_FXNS
80881a78   _EVMDM6437_EDMA_AIC33_init0
80881b30   _EVMDM6437_EDMA_AIC33_init1
80888858   _EVMDM6437_FLASH_getTotalPages
8088bbc0   _EVMDM6437_FLASH_init
8088b3c4   _EVMDM6437_GPIO_getInput
8088b280   _EVMDM6437_GPIO_init
8088b294   _EVMDM6437_GPIO_setDir
8088b334   _EVMDM6437_GPIO_setOutput
8088b080   _EVMDM6437_I2C_GPIO_checkIntr
8088aff4   _EVMDM6437_I2C_GPIO_getInput
8088aef8   _EVMDM6437_I2C_GPIO_getall
8088aee0   _EVMDM6437_I2C_GPIO_init
8088af44   _EVMDM6437_I2C_GPIO_setOutput
8088af20   _EVMDM6437_I2C_GPIO_setall
8088b048   _EVMDM6437_I2C_GPIO_setupIntr
8088b090   _EVMDM6437_I2C_GPIO_waitForIntr
80889a00   _EVMDM6437_I2C_close
808899c0   _EVMDM6437_I2C_init
80889b20   _EVMDM6437_I2C_read
80889a14   _EVMDM6437_I2C_reset
80889a28   _EVMDM6437_I2C_write
8088ace0   _EVMDM6437_LED_init
8088ad80   _EVMDM6437_LED_off
8088acf0   _EVMDM6437_LED_on
8088ae0c   _EVMDM6437_LED_toggle
80889f10   _EVMDM6437_PSC_changeState
80889e60   _EVMDM6437_PSC_enableAll
808866c0   _EVMDM6437_enablePll1
808868d0   _EVMDM6437_enablePll2
808877c0   _EVMDM6437_init
80887760   _EVMDM6437_startupGEL
8088f9d0   _EXC_clearLastStatus
80891b60   _EXC_dispatch
8088f854   _EXC_exceptionHandler
8089a158   _EXC_exceptionHook
8088f820   _EXC_external
8089a160   _EXC_externalHook
8088f800   _EXC_getLastStatus
8088f7c0   _EXC_init
8088f514   _EXC_internal
8089a15c   _EXC_internalHook
8088f4e0   _EXC_nmi
8089a164   _EXC_nmiHook
8089a0d8   _EXC_returnPtr
80891d24   _EXC_setReturnPtr
808671ec   _EXC_status
8089a0d0   _EXC_sysTrapTable
80887fec   _Edma3_CacheFlush
80887fcc   _Edma3_CacheInvalidate
808944e0   _FXN_F_nop
80893f84   _FXN_F_run
80893fc0   _FXN_F_zero
00000000   _GBL_CACHE
[...]
80872d60   _PSP_mcbspInit
80872db0   _PSP_mcbspCreate
808730e0   _PSP_mcbspDelete
80873188   _PSP_mcbspOpen
80873954   _PSP_mcbspClose
80873b84   _PSP_mcbspWrite
80873c08   _PSP_mcbspRead
80873c8c   _PSP_mcbspFlushRequests
80873d90   _PSP_mcbspAbortRequests
80874198   _PSP_mcbspIoctl
80877254   _ddc_mcbspISR
808773e0   _EDMA3_RM_create
80877778   _EDMA3_RM_delete
808778c8   _EDMA3_RM_open
80877da4   _EDMA3_RM_close
80877fa0   _EDMA3_RM_allocResource
80878b8c   _EDMA3_RM_freeResource
808790ec   _EDMA3_RM_mapEdmaChannel
808791e8   _EDMA3_RM_mapQdmaChannel
80879368   _EDMA3_RM_registerTccCb
80879548   _EDMA3_RM_unregisterTccCb
80879724   _EDMA3_RM_allocContiguousResource
808798b4   _EDMA3_RM_freeContiguousResource
80879a0c   _EDMA3_RM_setCCRegister
80879ad4   _EDMA3_RM_getCCRegister
80879b70   _EDMA3_RM_waitAndClearTcc
80879cb8   _EDMA3_RM_checkAndClearTcc
8087a058   _lisrEdma3ComplHandler0
8087a64c   _lisrEdma3CCErrHandler0
8087aad4   _lisrEdma3TC0ErrHandler0
8087aaf0   _lisrEdma3TC1ErrHandler0
8087ab0c   _lisrEdma3TC2ErrHandler0
8087ab28   _lisrEdma3TC3ErrHandler0
8087ab44   _lisrEdma3TC4ErrHandler0
8087ab60   _lisrEdma3TC5ErrHandler0
8087ab78   _lisrEdma3TC6ErrHandler0
8087ab94   _lisrEdma3TC7ErrHandler0
8087b08c   _edma3MemSet
8087b0f4   _edma3MemCpy
8087b918   _LLC_mcaspConfigAudioMute
8087b958   _LLC_mcaspConfigLoopBack
8087bd74   _LLC_mcaspConfigXmtSection
8087c048   _LLC_mcaspConfigRcvSection
8087c310   _LLC_mcaspSetSerXmt
8087c4c0   _LLC_mcaspSetSerRcv
8087c638   _LLC_mcaspWriteChanStatRam
8087c7a4   _LLC_mcaspWriteUserDataRam
8087c918   _LLC_mcaspResetXmt
8087c9d4   _LLC_mcaspResetRcv
8087caa0   _LLC_mcaspResetSmFsXmt
8087cb0c   _LLC_mcaspResetSmFsRcv
8087cb80   _LLC_mcaspActivateXmtClkSer
8087cca8   _LLC_mcaspActivateRcvClkSer
8087cdc0   _LLC_mcaspSetDitMode
8087cea8   _LLC_mcaspActivateClkRcvXmt
8087d018   _LLC_mcaspWrite
8087d0f4   _LLC_mcaspRead
8087d1d0   _LLC_mcaspRegReset
8087d428   _LLC_mcaspOpen
8087d56c   _LLC_mcaspInit
8087d590   _LLC_mcaspHwSetup
8087d948   _LLC_mcaspGetHwStatus
8087dcc0   _LLC_mcaspClose
8087dd28   _LLC_mcaspConfigGpio
8087dd74   _LLC_mcaspReadXmtConfig
8087ded8   _LLC_mcaspReadRcvConfig
8087e040   _PSP_i2cCreate
8087e314   _PSP_i2cDelete
8087e3e0   _PSP_i2cOpen
8087e700   _PSP_i2cClose
8087e878   _PSP_i2cTransfer
8087ea08   __DDC_i2cIntrHandler
8087ecc4   _PSP_i2cTransferMultiple
8087ee28   _PSP_i2cIoctl
8087f214   _DDC_i2cTransfer
8087f7d4   _i2cCalculateClockSettings
8087f8b0   _i2c_cancelIO
8087fab4   _aic33_sampleRateControl
80880304   _aic33Codec_config
80880a40   _aic33_inGainControl
80880b38   _aic33_outGainControl
80880c0c   _aic33_closeCodec
80880c40   _writeToIOExpander
80881a78   _EVMDM6437_EDMA_AIC33_init0
80881b30   _EVMDM6437_EDMA_AIC33_init1
80882400   _LLC_mcbspInit
80882414   _LLC_mcbspGetBaseAddress
808824a0   _LLC_mcbspOpen
808825e0   _LLC_mcbspClose
80882634   _LLC_mcbspHwControl
808826ec   _LLC_mcbspHwSetupRaw
808827b0   _LLC_mcbspHwSetup
80882dcc   _LLC_mcbspRcvConfigWordLength
80882f54   _LLC_mcbspXmtConfigWordLength
808836f8   _MCASP_IOM_init
808838a4   __DDA_McASP_RegisterInt
80883958   __DDA_McASP_UnRegisterInt
80883f10   _MCBSP_IOM_init
808840ec   __DDA_McBSP_RegisterInt
808841a4   __DDA_McBSP_UnRegisterInt
80884200   _PAL_osListAppend
80884298   _PAL_osListRemoveHead
808842f8   _PAL_osListInsert
80884390   _PAL_osListRemove
80884474   _PAL_osListPrepend
80884520   _PAL_osListEnqueue
808845b0   _PAL_osListDequeue
80884628   _PAL_osListIsEmpty
80884680   _PAL_osList_NP_Append
808846f0   _PAL_osList_NP_RemoveHead
80884738   _PAL_osList_NP_Insert
808847b8   _PAL_osList_NP_Remove
80884888   _PAL_osList_NP_Prepend
80884918   _PAL_osList_NP_Enqueue
80884984   _PAL_osList_NP_Dequeue
808849e4   _PAL_osList_NP_IsEmpty
80884a40   _i2c_mdBindDev
80884c30   _i2c_mdCreateChan
80884df0   _i2c_mdSubmitChan
80884fd4   _i2c_mdControlChan
80885064   _i2c_mdUnBindDev
808850f0   _i2c_mdDeleteChan
80885780   _main
808857f4   _audiotTask
80885928   _getDipStatusTask
80885994   _configProcessTask
808859f8   _setDelay
80885a88   _setMode
80885ca0   _alive
80885ce0   __divd
80886220   _audioLoopback
80886244   _fonctionDelay
80886384   _fonctionReverb
808864f4   _autoGainControl
8088660c   _moveIndice
8088662c   _getProcess
80886688   _audioProcess
808866c0   _EVMDM6437_enablePll1
808868d0   _EVMDM6437_enablePll2
80886b40   __printfi
808873c0   _fputs
80887760   _EVMDM6437_startupGEL
808877c0   _EVMDM6437_init
808877e0   __setupPinMux
80887818   __setPinMux
80887860   __clrPinMux
808878a4   __resetEMIF
808879a4   __setupEMIF
80887a8c   __wait
80887ac0   __waitusec
80887e20   _edma3OsProtectEntry
80887ed8   _edma3OsProtectExit
80887f70   _edma3OsWaitMsecs
80887fcc   _Edma3_CacheInvalidate
80887fec   _Edma3_CacheFlush
8088800c   _edma3OsSemCreate
8088806c   _edma3OsSemDelete
808880a8   _edma3OsSemTake
80888104   _edma3OsSemGive
80888740   __FLASH_getId
80888844   __FLASH_getMfg
80888858   _EVMDM6437_FLASH_getTotalPages
80888998   __FLASH_getPageLength
808889a4   __FLASH_nextPage
80888d00   _edma3init
80888ed0   _edma3deinit
80889260   _PAL_osMemInit
80889274   _PAL_osMemSegDefine
808892ec   _PAL_osMemSegUndefine
80889304   _PAL_osMemAlloc
80889358   _PAL_osMemFree
808893b0   _PAL_osMemCopy
8088942c   _PAL_osMemSet
80889488   _PAL_osMemLock
808894a4   _PAL_osMemUnlock
808894c0   _PAL_osMemVirt2Phy
808894d0   _PAL_osMemPhy2Virt
808894e4   _PAL_osMemReport
80889500   __divull
80889760   __mpyd
808899c0   _EVMDM6437_I2C_init
80889a00   _EVMDM6437_I2C_close
80889a14   _EVMDM6437_I2C_reset
80889a28   _EVMDM6437_I2C_write
80889b20   _EVMDM6437_I2C_read
80889e60   _EVMDM6437_PSC_enableAll
80889f10   _EVMDM6437_PSC_changeState
8088a2c0   _fputc
8088a2c0   _putc
8088a4e0   __addd
8088a6e0   __frcaddd
8088aae0   _setvbuf
8088ace0   _EVMDM6437_LED_init
8088acf0   _EVMDM6437_LED_on
8088ad80   _EVMDM6437_LED_off
8088ae0c   _EVMDM6437_LED_toggle
8088aee0   _EVMDM6437_I2C_GPIO_init
8088aef8   _EVMDM6437_I2C_GPIO_getall
8088af20   _EVMDM6437_I2C_GPIO_setall
8088af44   _EVMDM6437_I2C_GPIO_setOutput
8088aff4   _EVMDM6437_I2C_GPIO_getInput
8088b048   _EVMDM6437_I2C_GPIO_setupIntr
8088b080   _EVMDM6437_I2C_GPIO_checkIntr
8088b090   _EVMDM6437_I2C_GPIO_waitForIntr
8088b280   _EVMDM6437_GPIO_init
8088b294   _EVMDM6437_GPIO_setDir
8088b334   _EVMDM6437_GPIO_setOutput
8088b3c4   _EVMDM6437_GPIO_getInput
8088b440   __divul
8088b5e0   _EVMDM6437_DDR_init
8088b780   _HOSTrename
8088b900   __DDA_i2cRegisterIntrHandler
8088b9d0   __DDA_i2cUnregisterIntrHandler
8088ba40   __DDA_i2cSleep
8088ba50   __DDA_i2cOsGetTicks
8088bbc0   _EVMDM6437_FLASH_init
8088bc0c   __FLASH_waitWhileErasing
8088bc78   __FLASH_waitWhileProgramming
8088bd4c   _PAL_osCacheFlush
8088bd74   _PAL_osCacheInvalidate
8088bda0   _PAL_osCacheFlushAndInvalidate
8088bdc8   _PAL_osCacheSetCacheLineLength
8088bdec   _PAL_osCacheGetCacheLineLength
8088be04   _PSP_cacheDrainWriteBuffer
8088be40   __closefile
8088c1a0   _fseek
8088c2c0   _HOSTlseek
8088c3c0   __frcmpyd
8088c4c0   __wrt_ok
8088c5c0   _call_dtors
8088c6c0   _PAL_osSemCreate
8088c718   _PAL_osSemDelete
8088c740   _PAL_osSemTake
8088c784   _PAL_osSemGive
8088c7c0   _HOSTopen
8088c8a0   __cmpd
8088c980   __c6xabi_divi
8088c980   __divi
8088ca60   _atoi
8088cb40   _close
8088cc20   _memset
8088cd00   _printf
8088cde0   _HOSTread
8088cea0   _HOSTunlink
8088cf60   _HOSTwrite
8088d0e0   __c6xabi_divu
8088d0e0   __divu
8088d1a0   __doflush
8088d260   _atexit
8088d320   _ltoa
8088d4a0   _PAL_osWaitMsecs
8088d504   _BIOS_OsGetOsTicksPerMSecs
8088d560   _HOSTclose
8088d600   __cleanup
8088d6a0   __divli
8088d880   __fixdli
8088d9c0   __c6xabi_remu
8088d9c0   __remu
8088db00   _lseek
8088dba0   _memcpy
8088dc40   _write
8088dce0   __fixdi
8088dd60   __fltlid
8088dde0   __llshl
8088de60   __renormd
8088dee0   _readmsg
8088df60   _unlink
8088dfe0   _EVMDM6437_DIP_init
8088dfec   _EVMDM6437_DIP_get
8088e060   _PAL_osProtectEntry
8088e0a0   _PAL_osProtectExit
8088e0e0   __subcull
8088e140   _memccpy
8088e1a0   _strcpy
8088e200   _writemsg
8088e258   C$$IO$$
8088e260   ___add_dtor
8088e2a0   ___isinf
8088e320   __frcmpyd_div
8088e360   __llshru
8088e3a0   __negd
8088e3e0   __remli
8088e420   __c6xabi_strasgi_64plus
8088e420   __strasgi_64plus
8088e460   __subd
8088e4a0   _PAL_osEvtEnable
8088e4b0   _PAL_osEvtDisable
8088e4e0   __negll
8088e500   __nop
8088e560   __register_lock
8088e580   __register_unlock
8088e5a0   _remove
8088e960   ___etext__
8088e960   etext
8088ea60   _SYS_vsprintf
8088ee94   _SYS_vprintf
8088eea4   _SYS_sprintf
8088eed0   _SYS_printf
8088ef20   LNK_F_checkBufferCall
8088ef40   LNK_F_getChanPtr
8088ef98   LNK_F_init
8088efa0   LNK_F_dataPump
8088efb0   LNK_rcloop
8088f074   LNK_rdrtry
8088f084   LNK_rrloop
8088f144   LNK_wrrtry
8088f150   LNK_wrloop
8088f220   LNK_newin
8088f354   LNK_newout
8088f4a8   LNK_F_readCallBack
8088f4e0   _EXC_nmi
8088f514   _EXC_internal
8088f7c0   _EXC_init
8088f800   _EXC_getLastStatus
8088f820   _EXC_external
8088f854   _EXC_exceptionHandler
8088f9d0   _EXC_clearLastStatus
8088fa00   CLK_HOOKFXN
8088fa00   HWI_F_dispatch
8088fa00   _HWI_F_dispatch
8088fa00   __HWI_lat1beg
8088fb88   __HWI_lat1end
8088fb88   __HWI_lat2beg
8088fcf0   __HWI_lat2end2
8088fd20   __HWI_lat3end2
8088fd64   __HWI_lat2end1
8088fd80   __HWI_lat3beg
8088fee0   SWI_F_enable
8088fee0   __SWI_lat3beg
8088ff4c   __SWI_lat3end
8088ff50   SWI_F_post
8088ff50   _SWI_post
80890058   __SWI_lat1beg
808900c4   SWI_EXECFXN
808900c4   SWI_F_exec
808900ec   SWI_F_iexec
80890104   __SWI_lat1end
80890108   __SWI_lat2beg
80890168   __SWI_lat2end
8089016c   SWI_F_run
8089016c   SWI_RUNFXN
808903a0   PRD_F_swi
80890624   PRD_F_tick
80890720   _GIO_create
808909c0   _free
808909e8   _malloc
80890a4c   _realloc
80890b18   _memalign
80890bf8   _calloc
80890c60   RTA_F_getlog
80890c98   RTA_F_getsts
80890cd8   RTA_F_readblk
80890cf4   RTA_F_writeword
80890d00   RTA_F_resetmem
80890d00   __RTA_lat1beg
80890d34   __RTA_lat1end
80890d40   RTA_F_dispatch
80890d8c   RTA_execute
80890ee0   _KNL_run
80891120   _MEM_define
80891360   _MEM_redefine
80891580   _MEM_free
80891780   _SEM_pendEnterKnl
80891980   _MEM_alloc
80891b60   _EXC_dispatch
80891d24   _EXC_setReturnPtr
80891f0c   PRD_THOOKFXN
80891f0c   _KNL_tick
80891f20   PIP_F_take
80891f98   PIP_F_give
80891f98   PIP_F_probe
80892068   PIP_F_start
80892100   _GIO_submit
808922c0   __SEM_dopost
808925f0   _BCACHE_wbInv
80892604   _BCACHE_wb
80892614   _BCACHE_inv
80892640   _TSK_setup
808927e0   CLK_F_getltime
808927f0   CLK_F_isr
80892930   CLK_F_itime
80892930   _CLK_F_itime
80892930   _CLK_itime
80892950   __CLK_lat1beg
80892970   __CLK_lat1end
80892980   _KNL_saveIsrFrame
80892a2c   _KNL_switch
80892ad8   KNL_glue
80892b00   __auto_init
80892c40   _TSK_exit
80892d80   _BCACHE_setSize
80892dc4   _BCACHE_setMar
80892e14   _BCACHE_setCacheToSram
80892e44   _BCACHE_getSize
80892e94   _BCACHE_getMar
80892f24   _GBL_cacheInit64P
80892fe0   _KNL_check
8089302c   __KNL_lat1beg
808930a8   _KNL_idle
808930a8   __KNL_lat1end
808930d0   _KNL_max
80893100   _MEM_undefine
808932c4   _TSK_startup
80893340   _ECM_dispatch
80893440   _GIO_delete
80893540   GIO_POSTFXN
80893540   _SEM_post
80893540   _SEM_postBinary
80893620   _DEV_match
808936e0   _KNL_exit
80893720   _KNL_enter
808937a0   _SEM_postEnterKnl
80893840   _SYS_exit
808938e0   _ATM_andi
808938e0   _ATM_andu
808938f0   _ATM_cleari
808938f0   _ATM_clearu
80893900   _ATM_deci
80893900   _ATM_decu
80893910   _ATM_inci
80893910   _ATM_incu
80893924   _ATM_ori
80893924   _ATM_oru
80893934   _ATM_seti
80893934   _ATM_setu
80893960   __GIO_iomCallback
808939e0   _KNL_ipost
80893a60   _KNL_post
80893ae0   _LCK_post
80893b00   _LCK_pend
80893b60   LOG_F_event
80893b60   _LOG_event
80893b60   __LOG_lat1beg
80893be0   _OBJ_create
80893c60   GIO_CREATEFXN
80893c60   _SEM_create
80893ce0   _TSK_enable
80893d04   _TSK_disable
80893d60   _BCACHE_wait
80893de0   IDL_F_calibrate
80893e60   _MEM_valloc
80893ec0   _SYS_error
80893f20   _ECM_dispatchPlug
80893f80   FXN_F_nop
80893f84   FXN_F_run
80893f84   _FXN_F_run
80893fc0   FXN_F_zero
80893fc0   _FXN_F_zero
80893fe0   _HWI_disable
80893ff8   _HWI_enable
8089400c   _HWI_restore
80894040   IDL_F_busy
80894040   __IDL_lat1beg
80894080   __IDL_lat1end
808940a0   _OBJ_delete
80894100   GIO_PENDFXN
80894100   _SEM_pend
80894160   STS_F_delta
80894160   _STS_delta
8089418c   STS_F_add
8089418c   _STS_add
808941a8   STS_F_reset
808941a8   _STS_reset
808941c0   _SYS_abort
80894220   SYS_PUTCFXN
80894220   _UTL_doPutc
80894280   _CLK_measure
808942e0   _C62_disableIER
808942e0   _C64_disableIER
808942f8   _C62_enableIER
808942f8   _C64_enableIER
8089430c   _C62_clearIFR
8089430c   _C64_clearIFR
80894320   _ECM_disableEvent
80894360   _ECM_enableEvent
808943a0   IDL_CALIBRFXN
808943a0   IDL_F_stub
808943e0   _QUE_get
808943e0   __QUE_lat1beg
80894400   __QUE_lat1end
80894408   _QUE_put
80894408   __QUE_lat2beg
80894414   __QUE_lat2end
80894420   RTA_F_andn
80894438   RTA_F_or
80894460   SYS_ABORTFXN
80894460   _UTL_doAbort
808944a0   _CLK_countspms
808944c0   _CLK_getprd
808944e0   GBL_USERINITFXN
808944e0   TSK_VCREATEFXN
808944e0   TSK_VDELETEFXN
808944e0   TSK_VEXITFXN
808944e0   _BCACHE_bootInit
808944e0   _FXN_F_nop
80894500   _GBL_getVersion
80894520   IDL_F_loop
80894520   _IDL_loop
80894540   _LOG_printf
80894560   GIO_DELETEFXN
80894560   _SEM_delete
80894580   _STS_set
808945a0   SYS_ERRORFXN
808945a0   _UTL_doError
808945c0   SYS_EXITFXN
808945c0   _UTL_halt
808945e0   CLK_F_gethtime
808945e0   CLK_TIMEFXN
808945e0   _CLK_gethtime
80894600   ___cinit__
80894600   cinit
80897168   GBL_stackbeg
80897168   _HWI_STKTOP
80897168   __stack
80898160   _HWI_STKBOTTOM
80898167   GBL_stackend
80898168   GIO$config
80898168   __STACK_END
80898180   _HSRTDX_rec
80898420   _RTDX_Buffer_WriteCB
808988e0   _HSRTDX_xmt
80898be0   _RTDX_Mon_Queue
80898e40   _RTDX_Poll
80898ee0   _RTDX_Final_RT_Monitor
80898f60   _RTDX_Buffer_Initialize
80898fc0   _RTDX_Init_RT_Monitor
80899020   _RTDX_Buffer_ReadCB
80899060   _RTDX_Buffer_Size
808990a0   _RTDX_memfill
808990e0   _RTDX_Buffer_Read
80899100   _RTDX_Buffer_Write
80899120   _RTDX_Mask_IER
80899438   __ctypes_
808999c1   KNL_swi$sts$maxfmt
808999c8   $bss
808999c8   .bss
808999c8   _MEM_memtab
808999c8   ___bss__
808999c9   KNL_swi$sts$sumfmt
808999d1   KNL_swi$sts$avgfmt
808999d4   _ECM_dispatchTab
808999db   TSK_idle$sts$maxfmt
808999e3   TSK_idle$sts$sumfmt
808999eb   TSK_idle$sts$avgfmt
808999f5   TSK_AUDIO$sts$maxfmt
808999fd   TSK_AUDIO$sts$sumfmt
80899a05   TSK_AUDIO$sts$avgfmt
80899a0f   TSK_ALIVE$sts$maxfmt
80899a17   TSK_ALIVE$sts$sumfmt
80899a1f   TSK_ALIVE$sts$avgfmt
80899a29   TSK_CONFIG_PROCESS$sts$maxfmt
80899a31   TSK_CONFIG_PROCESS$sts$sumfmt
80899a39   TSK_CONFIG_PROCESS$sts$avgfmt
80899a43   TSK_GET_DIP_STATUS$sts$maxfmt
80899a4b   TSK_GET_DIP_STATUS$sts$sumfmt
80899a53   TSK_GET_DIP_STATUS$sts$avgfmt
80899a5d   IDL_busyObj$maxfmt
80899a60   IDL_busyObj$sumfmt
80899a63   IDL_busyObj$avgfmt
80899dd4   _GIO
80899dd8   DDR2
80899dd8   MEM_MALLOCSEG
80899dd8   MEM_SEGZERO
80899dd8   _DDR2
80899dd8   _SEG_DDR2
80899ddc   RTA_fromHost$pipe$dtab
80899de8   RTA_toHost$pipe$dtab
80899df4   _DEV_devinit
80899df8   __DEV_NUMINITFXNS
80899dfc   _HWI_dispatchTab
80899efc   IDL_D_tabbeg
80899f00   IDL_D_calibrate
80899f04   IDL_D_calbeg
80899f08   LOG_D_system
80899f08   _LOG_D_system
80899f0c   PIP_D_tabbeg
80899f10   PIP_D_tablen
80899f14   CLK_R_time
80899f18   CLK_D_timefxn
80899f1c   CLK_D_tabbeg
80899f20   CLK_D_isrhook
80899f24   CLK_D_idletime
80899f28   _CLK_htimeDiv
80899f2c   _CLK_htimeMult
80899f30   _CLK_ltimeDiv
80899f34   _CLK_ltimeMult
80899f38   _CLK_D_dirty
80899f3c   _CLK_D_prd
80899f40   _CLK_D_tddr
80899f44   _CLK_D_countspms
80899f48   PRD_D_tick
80899f48   _PRD_D_tick
80899f4c   PRD_D_cur
80899f50   PRD_D_elapsed
80899f54   PRD_D_prevtim
80899f58   PRD_D_scalar
80899f5c   PRD_D_swihandle
80899f60   PRD_D_tabbeg
80899f64   PRD_D_tablen
80899f68   PRD_D_thook
80899f6c   RTA_D_fromHost
80899f70   RTA_D_toHost
80899f74   RTA_D_logval
80899f84   RTA_D_stsval
80899f90   HST_D_chanmask
80899f94   HST_D_tabbeg
80899f98   HST_D_tabend
80899f9c   _GBL_procId
80899fa0   _GBL_clkIn
80899fa4   _GBL_freq
80899fa8   _MEM_D_NUMSEGMENTS
80899fac   _MEM_D_memtab
80899fb0   _MEM_D_freelist
80899fb4   _MEM_D_lockaddr
80899fb8   _MEM_D_unlockaddr
80899fbc   _SYS
80899fc0   __HOOK_knlId
80899fc4   __HOOK_NUMHOOKS
80899fc8   SWI_D_runaddr
80899fc8   _SWI_D_runaddr
80899fc8   _SWI_data
80899fcc   SWI_D_execaddr
80899fcc   _SWI_D_execaddr
80899fd0   SWI_D_curmask
80899fd0   _SWI_D_curmask
80899fd4   SWI_D_curset
80899fd4   _SWI_D_curset
80899fd8   SWI_D_lock
80899fd8   _SWI_D_lock
80899fdc   SWI_D_curmbox
80899fe0   SWI_D_curfxn
80899fe0   _SWI_D_curfxn
80899fe4   SWI_D_rdybeg
80899fe4   _SWI_D_rdybeg
80899fe8   SWI_D_inswi
80899fe8   _SWI_D_inswi
80899fec   SWI_D_rdytab
8089a064   _KNL_wFlag
8089a068   _KNL_wList
8089a06c   _KNL_alarm
8089a070   _KNL_setpri
8089a074   _KNL_inactive
8089a078   _KNL_priority
8089a07c   _KNL_set
8089a080   _KNL_curtask
8089a084   _KNL_prevtask
8089a088   _KNL_curtime
8089a08c   _KNL_swiptr
8089a090   _KNL_curqueue
8089a094   _KNL_maxqueue
8089a098   _KNL_tswitchfxn
8089a09c   _KNL_tcreatefxn
8089a0a0   _KNL_tdeletefxn
8089a0a4   _KNL_treadyfxn
8089a0a8   _KNL_idlefxn
8089a0cc   _CLK_htimePerLtime
8089a0d0   _EXC_sysTrapTable
8089a0d8   _EXC_returnPtr
8089a0f0   _rxDone
8089a0f4   _txDone
8089a0f8   _inChan
8089a0fc   _outChan
8089a100   _statusDIP0
8089a101   _statusDIP1
8089a102   _statusDIP2
8089a103   _statusDIP3
8089a104   _mode
8089a108   _myDelay
8089a128   HWI_D_spsave
8089a128   _HWI_D_spsave
8089a128   _HWI_data
8089a134   _HWI_D_inhwi
8089a138   HWI_D_bss
8089a13c   HWI_D_ccmask
8089a140   LNK_dspFrameRequestMask
8089a140   _LNK_dspFrameRequestMask
8089a144   LNK_dspFrameReadyMask
8089a144   _LNK_dspFrameReadyMask
8089a148   LNK_readPend
8089a148   _LNK_readPend
8089a14c   LNK_readDone
8089a14c   _LNK_readDone
8089a150   LNK_readFail
8089a150   _LNK_readFail
8089a154   LNK_writeFail
8089a154   _LNK_writeFail
8089a158   _EXC_exceptionHook
8089a15c   _EXC_internalHook
8089a160   _EXC_externalHook
8089a164   _EXC_nmiHook
8089a168   _numEdma3EvtQue
8089a16c   _numEdma3Tc
8089a170   _ccXferCompInt
8089a174   _ccErrorInt
8089a1a0   _rtdxNullChanCnt
8089a1a4   _rtdxNullFuncCnt
8089a1a8   _rtdxXmtNotDoneCnt
8089a1ac   _rtdxRecNotDoneCnt
8089a1b0   _rtdxXmtRestartCnt
8089a1b4   _rtdxXmtErrorCnt
8089a1c0   _edma3NumPaRAMSets
8089a1d4   _TSK_nTasks
8089a1d8   _TSK_pid
8089a1dc   _TSK
8089a1e0   _indiceWR
8089a1e4   _indiceRD
8089a1e8   _CLK_DFLTMICROSECS
8089a1ec   _CLK_D_microseconds
8089a1f0   _SYS_exitStackPtr
8089a1f4   _SYS_exitStackTop
8089a1f8   _hEdma
8089a200   __DEV_D_NUMINITFXNS
8089a204   IDL_D_busyObj
8089a208   _MEM
8089a20c   _MEM_staticMemtab
8089a214   _i2c_timeout
8089a224   SYS$config
8089a224   ___end__
8089a224   end
8089a234   ___pinit__
8089a234   pinit
8089a240   BIOS_init
8089a240   _BIOS_init
8089a3c4   BIOS$$CLKON
8089a404   BIOS$$CLKOFF
8089a4c0   BIOS_start
8089a4c0   _BIOS_start
8089a600   _DEV_init
8089a720   _CLK_enableTimer
8089a800   _c_int00
8089a8c0   _MEM_init
8089a960   _TSK_init
8089a9c0   _GIO_init
8089a9e0   _OBJ_init
8089add8   __CIOBUF_
8089af74   UDEV_udevCodec$obj
8089af80   UDEV_udevCodec$device
8089af98   UDEV_I2C0$obj
8089afa4   UDEV_I2C0$device
8089afbc   TRC_cinit
8089afc0   TRC_R_mask
8089afc0   _TRC_R_mask
8089afc4   GBL_initdone
ffffffff   CACHE_L1D
ffffffff   CACHE_L1P
ffffffff   ECM_EVTMASK0
ffffffff   ECM_EVTMASK1
ffffffff   ECM_EVTMASK2
ffffffff   ECM_EVTMASK3
ffffffff   HST_DSMBUFSEG
ffffffff   IRAM
ffffffff   L1DSRAM
ffffffff   RTDX_DATAMEMSEG
ffffffff   SRAM
ffffffff   _CACHE_L1D
ffffffff   _CACHE_L1P
ffffffff   _IRAM
ffffffff   _L1DSRAM
ffffffff   _SRAM
ffffffff   ___TI_pprof_out_hndl
ffffffff   ___TI_prof_data_size
ffffffff   ___TI_prof_data_start
ffffffff   ___binit__
ffffffff   ___c_args__
ffffffff   binit

[1514 symbols]
