******************************************************************************
               TMS320C6x Linker PC v7.4.4                      
******************************************************************************
>> Linked Sat Feb 03 23:38:41 2018

OUTPUT FILE NAME:   <Labo01.out>
ENTRY POINT SYMBOL: "_c_int00"  address: 8089a680


MEMORY CONFIGURATION

         name            origin    length      used     unused   attr    fill
----------------------  --------  ---------  --------  --------  ----  --------
  IRAM                  10800000   00020000  00002434  0001dbcc  RWIX
  CACHE_L1P             10e08000   00008000  00000000  00008000  RWIX
  L1DSRAM               10f04000   0000c000  00000000  0000c000  RWIX
  CACHE_L1D             10f10000   00008000  00000000  00008000  RWIX
  SRAM                  42000000   00200000  00000000  00200000  RWIX
  DDR2                  80000000   08000000  0089ae45  077651bb  RWIX


SECTION ALLOCATION MAP

 output                                  attributes/
section   page    origin      length       input sections
--------  ----  ----------  ----------   ----------------
.vers      0    00000000    00000048     COPY SECTION
                  00000000    00000048     evmAudioTemplatecfg.obj (.vers)

.prd       0    10800000    00000000     UNINITIALIZED

.rtdx_data 
*          0    10800000    000004f4     UNINITIALIZED
                  10800000    00000080     --HOLE--
                  10800080    00000410     evmAudioTemplatecfg.obj (.rtdx_data)
                  10800490    00000044     rtdx64xplus.lib : rtdx_mon.o64P (.rtdx_data)
                  108004d4    00000020                     : buffer1.o64P (.rtdx_data)

.TSK_ALIVE$stk 
*          0    108004f8    00000400     UNINITIALIZED
                  108004f8    00000400     evmAudioTemplatecfg.obj (.TSK_ALIVE$stk)

.TSK_AUDIO$stk 
*          0    108008f8    00000400     UNINITIALIZED
                  108008f8    00000400     evmAudioTemplatecfg.obj (.TSK_AUDIO$stk)

.TSK_SETDELAY$stk 
*          0    10800cf8    00000400     UNINITIALIZED
                  10800cf8    00000400     evmAudioTemplatecfg.obj (.TSK_SETDELAY$stk)

.TSK_SETMODE$stk 
*          0    108010f8    00000400     UNINITIALIZED
                  108010f8    00000400     evmAudioTemplatecfg.obj (.TSK_SETMODE$stk)

.TSK_idle$stk 
*          0    108014f8    00000400     UNINITIALIZED
                  108014f8    00000400     evmAudioTemplatecfg.obj (.TSK_idle$stk)

.trace     0    108018f8    00000200     
                  108018f8    00000200     --HOLE-- [fill = 00000000]

.clk       0    10801af8    00000008     UNINITIALIZED
                  10801af8    00000008     evmAudioTemplatecfg.obj (.clk)

.LOG_system$buf 
*          0    10801b00    00000100     UNINITIALIZED
                  10801b00    00000100     evmAudioTemplatecfg.obj (.LOG_system$buf)

.hwi_vec   0    10801c00    00000200     
                  10801c00    00000200     evmAudioTemplatecfg.obj (.hwi_vec)

.tsk       0    10801e00    000001e0     UNINITIALIZED
                  10801e00    000001e0     evmAudioTemplatecfg.obj (.tsk)

.hst0      0    10801fe0    00000100     UNINITIALIZED
                  10801fe0    00000100     evmAudioTemplatecfg.obj (.hst0)

.hst1      0    108020e0    00000010     UNINITIALIZED
                  108020e0    00000010     evmAudioTemplatecfg.obj (.hst1)

.idl       0    108020f0    00000010     UNINITIALIZED
                  108020f0    00000010     evmAudioTemplatecfg.obj (.idl)

.trace$buf 
*          0    10802100    00000100     UNINITIALIZED
                  10802100    00000100     evmAudioTemplatecfg.obj (.trace$buf)

.pip       0    10802200    000000c8     UNINITIALIZED
                  10802200    000000c8     evmAudioTemplatecfg.obj (.pip)

.sts       0    108022c8    00000070     
                  108022c8    00000070     evmAudioTemplatecfg.obj (.sts)

.sem       0    10802338    00000058     UNINITIALIZED
                  10802338    00000058     evmAudioTemplatecfg.obj (.sem)

.hst       0    10802390    0000003c     UNINITIALIZED
                  10802390    0000003c     evmAudioTemplatecfg.obj (.hst)

.log       0    108023cc    00000030     
                  108023cc    00000030     evmAudioTemplatecfg.obj (.log)

.swi       0    108023fc    0000002c     UNINITIALIZED
                  108023fc    0000002c     evmAudioTemplatecfg.obj (.swi)

.idlcal    0    10802428    00000010     UNINITIALIZED
                  10802428    00000010     evmAudioTemplatecfg.obj (.idlcal)

.data      0    80000000    00000000     UNINITIALIZED

.DDR2$heap 
*          0    80000000    00800000     UNINITIALIZED
                  80000000    00800000     --HOLE--

.far       0    80800000    00067258     UNINITIALIZED
                  80800000    00056224     audioProcessing.obj (.far)
                  80856224    0000005c     bios.a64P : tsk.o64P (.far)
                  80856280    00009610     evmAudioTemplate.obj (.far)
                  8085f890    00002180     edma3_drv_bios.lib : edma3.obj (.far)
                  80861a10    00001a30     mcasp_bios_drv.lib : ddc_mcasp.obj (.far)
                  80863440    00001478     mcbsp_bios_drv.lib : ddc_mcbsp.obj (.far)
                  808648b8    00000ee8     edma3_rm_bios.lib : edma3resmgr.obj (.far)
                  808657a0    00000054     bios.a64P : obj_init.o64P (.far)
                  808657f4    0000000c               : utl_putc.o64P (.far)
                  80865800    00000910     audio_bios_drv.lib : psp_audio.obj (.far)
                  80866110    00000578     edma3_drv_bios.lib : edma3cfg.obj (.far)
                  80866688    00000324     rts64plus.lib : defs.obj (.far)
                  808669ac    00000004     bios.a64P : mem_defi.o64P (.far)
                  808669b0    00000188     rts64plus.lib : atexit.obj (.far)
                  80866b38    0000013c     i2c_bios_drv.lib : dda_i2cIom.obj (.far)
                  80866c74    00000004     bios6424.a64P : bcache_wait.o64P (.far)
                  80866c78    0000011c     rts64plus.lib : lowlev.obj (.far)
                  80866d94    00000004     bios6424.a64P : clk_data.o64P (.far)
                  80866d98    000000e0     mcasp_bios_drv.lib : dda_mcasp_bios.obj (.far)
                  80866e78    000000d8     bios.a64P : knl.o64P (.far)
                  80866f50    000000c8     i2c_bios_drv.lib : ddc_i2c.obj (.far)
                  80867018    000000b8     mcbsp_bios_drv.lib : dda_mcbsp_bios.obj (.far)
                  808670d0    00000050     bios.a64P : tsk_stup.o64P (.far)
                  80867120    00000020               : sys.o64P (.far)
                  80867140    00000020     edma3_drv_sample.lib : bios_edma3_sample_cfg.obj (.far)
                  80867160    00000020                          : bios_edma3_sample_init.obj (.far)
                  80867180    00000020     evmdm6437bsl.lib : evmdm6437_gpio.obj (.far)
                  808671a0    0000001c     audio_params.obj (.far)
                  808671bc    00000018     i2c_params.obj (.far)
                  808671d4    00000018     rtdx64xplus.lib : rtdx_mon.o64P (.far)
                  808671ec    00000010     bios.a64P : exc.o64P (.far)
                  808671fc    00000010               : knl_tick.o64P (.far)
                  8086720c    00000004     rts64plus.lib : fopen.obj (.far)
                  80867210    0000000c     evmdm6437bsl.lib : evmdm6437_flash_id.obj (.far)
                  8086721c    0000000c     rts64plus.lib : exit.obj (.far)
                  80867228    00000008     bios.a64P : ecm_dispatch.o64P (.far)
                  80867230    00000008               : gio.o64P (.far)
                  80867238    00000008               : sem_crea.o64P (.far)
                  80867240    00000008     rts64plus.lib : _lock.obj (.far)
                  80867248    00000008                   : trgdrv.obj (.far)
                  80867250    00000004     bios.a64P : dev_init.o64P (.far)
                  80867254    00000004     rts64plus.lib : sinit.obj (.far)

.args      0    80867258    00000004     
                  80867258    00000004     --HOLE-- [fill = 0]

.mem       0    8086725c    00000004     UNINITIALIZED
                  8086725c    00000004     evmAudioTemplatecfg.obj (.mem)

.text      0    80867260    00027620     
                  80867260    00006780     mcasp_bios_drv.lib : ddc_mcasp.obj (.text)
                  8086d9e0    00005380     edma3_drv_bios.lib : edma3.obj (.text)
                  80872d60    00004680     mcbsp_bios_drv.lib : ddc_mcbsp.obj (.text)
                  808773e0    00003da0     edma3_rm_bios.lib : edma3resmgr.obj (.text)
                  8087b180    00002ec0     mcasp_bios_drv.lib : llc_mcasp.obj (.text)
                  8087e040    000019c0     i2c_bios_drv.lib : ddc_i2c.obj (.text)
                  8087fa00    00001500     audio_bios_drv.lib : psp_aic33Codec.obj (.text)
                  80880f00    00001200                        : psp_audio.obj (.text)
                  80882100    00000fe0     mcbsp_bios_drv.lib : llc_mcbsp.obj (.text)
                  808830e0    000008e0     mcasp_bios_drv.lib : dda_mcasp_bios.obj (.text)
                  808839c0    00000840     mcbsp_bios_drv.lib : dda_mcbsp_bios.obj (.text)
                  80884200    00000840     palos_bios.lib : pal_osList.obj (.text)
                  80884a40    000007c0     i2c_bios_drv.lib : dda_i2cIom.obj (.text)
                  80885200    00000580     rts64plus.lib : _printfi.obj (.text:__getarg_diouxp)
                  80885780    00000540                   : divd.obj (.text:__divd)
                  80885cc0    000004a0     evmAudioTemplate.obj (.text)
                  80886160    00000480     audioProcessing.obj (.text)
                  808865e0    00000480     evmdm6437bsl.lib : evmdm6437_pll.obj (.text)
                  80886a60    00000440     rts64plus.lib : _printfi.obj (.text:__printfi)
                  80886ea0    00000440                   : _printfi.obj (.text:__setfield)
                  808872e0    000003a0                   : fputs.obj (.text:_fputs)
                  80887680    00000380     evmdm6437bsl.lib : evmdm6437.obj (.text)
                  80887a00    00000340     rts64plus.lib : _printfi.obj (.text:__pproc_fge)
                  80887d40    00000320     edma3_drv_sample.lib : bios_edma3_sample_cs.obj (.text)
                  80888060    00000300     rts64plus.lib : _printfi.obj (.text:_ecvt)
                  80888360    00000300                   : _printfi.obj (.text:_fcvt)
                  80888660    00000300     evmdm6437bsl.lib : evmdm6437_flash_id.obj (.text)
                  80888960    000002c0     rts64plus.lib : _printfi.obj (.text:__pproc_fwp)
                  80888c20    000002c0     edma3_drv_sample.lib : bios_edma3_sample_init.obj (.text)
                  80888ee0    000002a0     rts64plus.lib : _printfi.obj (.text:__pconv_e)
                  80889180    000002a0     palos_bios.lib : pal_osmem.obj (.text)
                  80889420    00000260     rts64plus.lib : imath64.obj (.text:__divull)
                  80889680    00000260                   : mpyd.obj (.text:__mpyd)
                  808898e0    00000260     evmdm6437bsl.lib : evmdm6437_i2c.obj (.text)
                  80889b40    00000240     rts64plus.lib : _printfi.obj (.text:__pproc_diouxp)
                  80889d80    00000240     evmdm6437bsl.lib : evmdm6437_psc.obj (.text)
                  80889fc0    00000220     rts64plus.lib : _printfi.obj (.text:__pproc_str)
                  8088a1e0    00000220                   : fputc.obj (.text:_fputc)
                  8088a400    00000200                   : addd.obj (.text:__addd)
                  8088a600    00000200                   : frcaddd.obj (.text:__frcaddd)
                  8088a800    00000200                   : _printfi.obj (.text:__pconv_g)
                  8088aa00    00000200                   : setvbuf.obj (.text:_setvbuf)
                  8088ac00    00000200     evmdm6437bsl.lib : evmdm6437_led.obj (.text)
                  8088ae00    000001e0                      : evmdm6437_i2c_gpio.obj (.text)
                  8088afe0    000001c0     rts64plus.lib : _printfi.obj (.text:__mcpy)
                  8088b1a0    000001c0     evmdm6437bsl.lib : evmdm6437_gpio.obj (.text)
                  8088b360    000001a0     rts64plus.lib : imath40.obj (.text:__divul)
                  8088b500    000001a0     evmdm6437bsl.lib : evmdm6437_ddr.obj (.text)
                  8088b6a0    00000180     rts64plus.lib : trgdrv.obj (.text:_HOSTrename)
                  8088b820    00000180     i2c_bios_drv.lib : dda_i2cBios.obj (.text)
                  8088b9a0    00000140     rts64plus.lib : lowlev.obj (.text:_getdevice)
                  8088bae0    00000140     evmdm6437bsl.lib : evmdm6437_flash.obj (.text)
                  8088bc20    00000140     palos_bios.lib : pal_oscache.obj (.text)
                  8088bd60    00000120     rts64plus.lib : fclose.obj (.text:__closefile)
                  8088be80    00000120                   : _printfi.obj (.text:__ltostr)
                  8088bfa0    00000120                   : _printfi.obj (.text:__pproc_fflags)
                  8088c0c0    00000120                   : fseek.obj (.text:_fseek)
                  8088c1e0    00000100                   : trgdrv.obj (.text:_HOSTlseek)
                  8088c2e0    00000100                   : frcmpyd.obj (.text:__frcmpyd)
                  8088c3e0    00000100                   : _io_perm.obj (.text:__wrt_ok)
                  8088c4e0    00000100                   : sinit.obj (.text:_call_dtors)
                  8088c5e0    00000100     palos_bios.lib : pal_ossem.obj (.text)
                  8088c6e0    000000e0     rts64plus.lib : trgdrv.obj (.text:_HOSTopen)
                  8088c7c0    000000e0                   : cmpd.obj (.text:__cmpd)
                  8088c8a0    000000e0                   : divi.obj (.text:__divi)
                  8088c980    000000e0                   : atoi.obj (.text:_atoi)
                  8088ca60    000000e0                   : lowlev.obj (.text:_close)
                  8088cb40    000000e0                   : memset.obj (.text:_memset)
                  8088cc20    000000e0                   : printf.obj (.text:_printf)
                  8088cd00    000000c0                   : trgdrv.obj (.text:_HOSTread)
                  8088cdc0    000000c0                   : trgdrv.obj (.text:_HOSTunlink)
                  8088ce80    000000c0                   : trgdrv.obj (.text:_HOSTwrite)
                  8088cf40    000000c0                   : _printfi.obj (.text:__div)
                  8088d000    000000c0                   : divu.obj (.text:__divu)
                  8088d0c0    000000c0                   : fflush.obj (.text:__doflush)
                  8088d180    000000c0                   : atexit.obj (.text:_atexit)
                  8088d240    000000c0                   : ltoa.obj (.text:_ltoa)
                  8088d300    000000c0     bios.a64P : tsk_stup.o64P (.text)
                  8088d3c0    000000c0     palos_bios.lib : pal_osWait.obj (.text)
                  8088d480    000000a0     rts64plus.lib : trgdrv.obj (.text:_HOSTclose)
                  8088d520    000000a0                   : fopen.obj (.text:__cleanup)
                  8088d5c0    000000a0                   : imath40.obj (.text:__divli)
                  8088d660    000000a0                   : _printfi.obj (.text:__ecpy)
                  8088d700    000000a0                   : _printfi.obj (.text:__fcpy)
                  8088d7a0    000000a0                   : fixdli.obj (.text:__fixdli)
                  8088d840    000000a0                   : _printfi.obj (.text:__pconv_f)
                  8088d8e0    000000a0                   : remu.obj (.text:__remu)
                  8088d980    000000a0                   : lowlev.obj (.text:_finddevice)
                  8088da20    000000a0                   : lowlev.obj (.text:_lseek)
                  8088dac0    000000a0                   : memcpy64.obj (.text:_memcpy)
                  8088db60    000000a0                   : lowlev.obj (.text:_write)
                  8088dc00    00000080                   : fixdi.obj (.text:__fixdi)
                  8088dc80    00000080                   : fltlid.obj (.text:__fltlid)
                  8088dd00    00000080                   : llshift.obj (.text:__llshl)
                  8088dd80    00000080                   : renormd.obj (.text:__renormd)
                  8088de00    00000080                   : trgmsg.obj (.text:_readmsg)
                  8088de80    00000080                   : lowlev.obj (.text:_unlink)
                  8088df00    00000080     evmdm6437bsl.lib : evmdm6437_dip.obj (.text)
                  8088df80    00000080     palos_bios.lib : pal_osprotect.obj (.text)
                  8088e000    00000060     rts64plus.lib : imath64.obj (.text:__subcull)
                  8088e060    00000060                   : memccpy.obj (.text:_memccpy)
                  8088e0c0    00000060                   : strcpy.obj (.text:_strcpy)
                  8088e120    00000060                   : trgmsg.obj (.text:_writemsg)
                  8088e180    00000040                   : sinit.obj (.text:___add_dtor)
                  8088e1c0    00000040                   : isinf.obj (.text:___isinf)
                  8088e200    00000040                   : _printfi.obj (.text:___isnan)
                  8088e240    00000040                   : frcmpyd_div.obj (.text:__frcmpyd_div)
                  8088e280    00000040                   : llshift.obj (.text:__llshru)
                  8088e2c0    00000040                   : negd.obj (.text:__negd)
                  8088e300    00000040                   : imath40.obj (.text:__remli)
                  8088e340    00000040                   : strasg.obj (.text:__strasgi_64plus)
                  8088e380    00000040                   : subd.obj (.text:__subd)
                  8088e3c0    00000040     palos_bios.lib : pal_osInt.obj (.text)
                  8088e400    00000020     rts64plus.lib : negll.obj (.text:__negll)
                  8088e420    00000020                   : _lock.obj (.text:__nop)
                  8088e440    00000020                   : printf.obj (.text:__outc)
                  8088e460    00000020                   : printf.obj (.text:__outs)
                  8088e480    00000020                   : _lock.obj (.text:__register_lock)
                  8088e4a0    00000020                   : _lock.obj (.text:__register_unlock)
                  8088e4c0    00000020                   : remove.obj (.text:_remove)
                  8088e4e0    00000020     bios.a64P : log_printf.o64P ($Tramp$S$$_LOG_printf)
                  8088e500    00000020     bios6424.a64P : bcache_block.o64P ($Tramp$S$$_BCACHE_wbInv)
                  8088e520    00000020     bios.a64P : ecm_dispatchPlug.o64P ($Tramp$S$$_ECM_dispatchPlug)
                  8088e540    00000020               : c62_c.o64P ($Tramp$S$$_C64_enableIER)
                  8088e560    00000020               : ecm_disableEvent.o64P ($Tramp$S$$_ECM_disableEvent)
                  8088e580    00000010               : sem_pend_counting.o64P ($Tramp$S$$_SEM_pend)
                  8088e590    00000010               : gio_sbmt.o64P ($Tramp$S$$_GIO_submit)
                  8088e5a0    00000010               : sem_post_asm.o64P ($Tramp$S$$_SEM_post)
                  8088e5b0    00000010               : gio_crea.o64P ($Tramp$S$$_GIO_create)
                  8088e5c0    00000010               : sys_abor.o64P ($Tramp$S$$_SYS_abort)
                  8088e5d0    00000010               : malloc.o64P ($Tramp$S$$_free)
                  8088e5e0    00000020               : hwi_c.o64P ($Tramp$S$$_HWI_disable)
                  8088e600    00000020               : tsk_disa.o64P ($Tramp$S$$_TSK_disable)
                  8088e620    00000020               : hwi_c.o64P ($Tramp$S$$_HWI_restore)
                  8088e640    00000020               : tsk_disa.o64P ($Tramp$S$$_TSK_enable)
                  8088e660    00000020               : ecm_enableEvent.o64P ($Tramp$S$$_ECM_enableEvent)
                  8088e680    00000020               : clk_countspms.o64P ($Tramp$S$$_CLK_countspms)
                  8088e6a0    00000020               : clk_getprd.o64P ($Tramp$S$$_CLK_getprd)
                  8088e6c0    00000020               : sem_pend_counting.o64P ($Tramp$S$$_SEM_pend)
                  8088e6e0    00000020     bios6424.a64P : bcache_block.o64P ($Tramp$S$$_BCACHE_inv)
                  8088e700    00000020                   : bcache_block.o64P ($Tramp$S$$_BCACHE_wb)
                  8088e720    00000020     bios.a64P : sem_crea.o64P ($Tramp$S$$_SEM_create)
                  8088e740    00000020               : sem_dele.o64P ($Tramp$S$$_SEM_delete)
                  8088e760    00000020               : sem_post_asm.o64P ($Tramp$S$$_SEM_post)
                  8088e780    00000020               : mem_defi.o64P ($Tramp$S$$_MEM_define)
                  8088e7a0    00000020               : mem_unde.o64P ($Tramp$S$$_MEM_undefine)
                  8088e7c0    00000020               : mem_allo.o64P ($Tramp$S$$_MEM_alloc)
                  8088e7e0    00000020               : mem_free.o64P ($Tramp$S$$_MEM_free)
                  8088e800    00000010               : malloc.o64P ($Tramp$S$$_malloc)
                  8088e810    00000010     --HOLE-- [fill = 0]
                  8088e820    00000020               : lck.o64P ($Tramp$S$$_LCK_post)
                  8088e840    00000020               : lck.o64P ($Tramp$S$$_LCK_pend)
                  8088e860    00000020               : sys_abor.o64P ($Tramp$S$$_SYS_abort)

.bios      0    8088e880    00005ca0     
                  8088e880    000005c0     bios.a64P : sys_prin.o64P (.bios)
                  8088ee40    000005c0     lnkrtdx.a64P : rtdx.o64P (.bios)
                  8088f400    00000520     bios.a64P : exc.o64P (.bios)
                  8088f920    000004e0               : hwi_disp_asm.o64P (.bios)
                  8088fe00    000004c0               : swi.o64P (.bios)
                  808902c0    00000380               : prd.o64P (.bios)
                  80890640    000002a0               : gio_crea.o64P (.bios)
                  808908e0    000002a0               : malloc.o64P (.bios)
                  80890b80    00000280               : rta.o64P (.bios)
                  80890e00    00000240               : knl_run.o64P (.bios)
                  80891040    00000240               : mem_defi.o64P (.bios)
                  80891280    00000220               : mem_rede.o64P (.bios)
                  808914a0    00000200               : mem_free.o64P (.bios:.near)
                  808916a0    00000200               : sem_pend.o64P (.bios)
                  808918a0    000001e0               : mem_allo.o64P (.bios:.near)
                  80891a80    000001e0               : exc_asm.o64P (.bios)
                  80891c60    000001e0               : knl_tick.o64P (.bios)
                  80891e40    000001e0               : pip.o64P (.bios)
                  80892020    000001c0               : gio_sbmt.o64P (.bios)
                  808921e0    000001c0               : sem_dopo.o64P (.bios)
                  808923a0    000001c0     bios6424.a64P : bcache_block.o64P (.bios)
                  80892560    000001a0     bios.a64P : tsk_setu.o64P (.bios)
                  80892700    000001a0     bios6424.a64P : clk.o64P (.bios)
                  808928a0    00000180     bios.a64P : knl_swit.o64P (.bios)
                  80892a20    00000140               : autoinit.o64P (.bios)
                  80892b60    00000140               : tsk_exit.o64P (.bios)
                  80892ca0    00000140     bios6424.a64P : bcache_init.o64P (.bios)
                  80892de0    00000120     bios.a64P : gbl_cacheinit64P.o64P (.bios)
                  80892f00    00000120               : knl_chec.o64P (.bios)
                  80893020    00000120               : mem_unde.o64P (.bios)
                  80893140    00000120               : tsk_stup.o64P (.bios)
                  80893260    00000100               : ecm_dispatch.o64P (.bios)
                  80893360    00000100               : gio_dele.o64P (.bios)
                  80893460    000000e0               : sem_post_asm.o64P (.bios)
                  80893540    000000c0               : dev_matc.o64P (.bios)
                  80893600    000000c0               : knl_exit.o64P (.bios)
                  808936c0    000000a0               : sem_post.o64P (.bios)
                  80893760    000000a0               : sys_exit.o64P (.bios)
                  80893800    00000080               : atm.o64P (.bios)
                  80893880    00000080               : gio_cbck.o64P (.bios)
                  80893900    00000080               : knl_ipos.o64P (.bios)
                  80893980    00000080               : knl_post.o64P (.bios)
                  80893a00    00000080               : lck.o64P (.bios)
                  80893a80    00000080               : log.o64P (.bios)
                  80893b00    00000080               : obj_crea.o64P (.bios)
                  80893b80    00000080               : sem_crea.o64P (.bios)
                  80893c00    00000080               : tsk_disa.o64P (.bios)
                  80893c80    00000080     bios6424.a64P : bcache_wait.o64P (.bios)
                  80893d00    00000080                   : idl_cal.o64P (.bios)
                  80893d80    00000060     bios.a64P : mem_vall.o64P (.bios:.near)
                  80893de0    00000060               : sys_erro.o64P (.bios:.near)
                  80893e40    00000060               : ecm_dispatchPlug.o64P (.bios)
                  80893ea0    00000060               : fxn.o64P (.bios)
                  80893f00    00000060               : hwi_c.o64P (.bios)
                  80893f60    00000060               : idl_busy.o64P (.bios)
                  80893fc0    00000060               : obj_dele.o64P (.bios)
                  80894020    00000060               : sem_pend_counting.o64P (.bios)
                  80894080    00000060               : sts.o64P (.bios)
                  808940e0    00000060               : sys_abor.o64P (.bios)
                  80894140    00000060               : utl_putc.o64P (.bios)
                  808941a0    00000060     bios6424.a64P : clk_meas.o64P (.bios)
                  80894200    00000040     bios.a64P : c62_c.o64P (.bios)
                  80894240    00000040               : ecm_disableEvent.o64P (.bios)
                  80894280    00000040               : ecm_enableEvent.o64P (.bios)
                  808942c0    00000040               : idl_stub.o64P (.bios)
                  80894300    00000040               : que_get.o64P (.bios)
                  80894340    00000040               : rta_andn.o64P (.bios)
                  80894380    00000040               : utl_doab.o64P (.bios)
                  808943c0    00000020               : clk_countspms.o64P (.bios)
                  808943e0    00000020               : clk_getprd.o64P (.bios)
                  80894400    00000020               : fxn_c.o64P (.bios)
                  80894420    00000020               : gbl_vers.o64P (.bios)
                  80894440    00000020               : idl.o64P (.bios)
                  80894460    00000020               : log_printf.o64P (.bios)
                  80894480    00000020               : sem_dele.o64P (.bios)
                  808944a0    00000020               : sts_set.o64P (.bios)
                  808944c0    00000020               : utl_doer.o64P (.bios)
                  808944e0    00000020               : utl_halt.o64P (.bios)
                  80894500    00000020     bios6424.a64P : clk_gethtime.o64P (.bios)

.cinit     0    80894520    00002ad4     
                  80894520    000012ec     evmAudioTemplatecfg.obj (.cinit)
                  8089580c    00000004     --HOLE-- [fill = 0]
                  80895810    00000588     edma3_drv_bios.lib : edma3cfg.obj (.cinit)
                  80895d98    0000026c     bios.a64P : biosdata.o64P (.cinit)
                  80896004    00000004     --HOLE-- [fill = 0]
                  80896008    000001cc     audio_bios_drv.lib : psp_audio.obj (.cinit)
                  808961d4    00000004     --HOLE-- [fill = 0]
                  808961d8    000001a4     bios.a64P : knl.o64P (.cinit)
                  8089637c    00000004     --HOLE-- [fill = 0]
                  80896380    00000104     mcasp_bios_drv.lib : dda_mcasp_bios.obj (.cinit)
                  80896484    00000004     --HOLE-- [fill = 0]
                  80896488    000000dc     mcbsp_bios_drv.lib : dda_mcbsp_bios.obj (.cinit)
                  80896564    00000004     --HOLE-- [fill = 0]
                  80896568    000000d4                        : ddc_mcbsp.obj (.cinit)
                  8089663c    00000004     --HOLE-- [fill = 0]
                  80896640    000000b0     bios.a64P : swi.o64P (.cinit)
                  808966f0    00000080               : tsk.o64P (.cinit)
                  80896770    0000006c     evmAudioTemplate.obj (.cinit)
                  808967dc    00000004     --HOLE-- [fill = 0]
                  808967e0    0000006a     edma3_drv_bios.lib : edma3.obj (.cinit)
                  8089684a    00000006     --HOLE-- [fill = 0]
                  80896850    00000068     edma3_drv_sample.lib : bios_edma3_sample_cfg.obj (.cinit)
                  808968b8    00000068     rtdx64xplus.lib : rtdx_mon.o64P (.cinit)
                  80896920    00000060     bios.a64P : tsk_stup.o64P (.cinit)
                  80896980    0000005c     lnkrtdx.a64P : rtdx.o64P (.cinit)
                  808969dc    00000004     --HOLE-- [fill = 0]
                  808969e0    0000005c     rts64plus.lib : defs.obj (.cinit)
                  80896a3c    00000004     --HOLE-- [fill = 0]
                  80896a40    0000005c                   : lowlev.obj (.cinit)
                  80896a9c    00000004     --HOLE-- [fill = 0]
                  80896aa0    00000058     evmdm6437bsl.lib : evmdm6437_gpio.obj (.cinit)
                  80896af8    0000004c     bios.a64P : rta.o64P (.cinit)
                  80896b44    00000004     --HOLE-- [fill = 0]
                  80896b48    0000004c     rtdx64xplus.lib : buffer1.o64P (.cinit)
                  80896b94    00000004     --HOLE-- [fill = 0]
                  80896b98    0000004a     audioProcessing.obj (.cinit)
                  80896be2    00000006     --HOLE-- [fill = 0]
                  80896be8    0000004a     edma3_rm_bios.lib : edma3resmgr.obj (.cinit)
                  80896c32    00000006     --HOLE-- [fill = 0]
                  80896c38    00000048     edma3_drv_sample.lib : bios_edma3_sample_init.obj (.cinit)
                  80896c80    0000003c     bios.a64P : exc.o64P (.cinit)
                  80896cbc    00000004     --HOLE-- [fill = 0]
                  80896cc0    0000003c     evmdm6437bsl.lib : evmdm6437_flash_id.obj (.cinit)
                  80896cfc    00000004     --HOLE-- [fill = 0]
                  80896d00    0000003c     mcbsp_bios_drv.lib : llc_mcbsp.obj (.cinit)
                  80896d3c    00000004     --HOLE-- [fill = 0]
                  80896d40    00000034     bios.a64P : hwi.o64P (.cinit)
                  80896d74    00000004     --HOLE-- [fill = 0]
                  80896d78    0000002c               : utl_putc.o64P (.cinit)
                  80896da4    00000004     --HOLE-- [fill = 0]
                  80896da8    0000002c     rts64plus.lib : exit.obj (.cinit)
                  80896dd4    00000004     --HOLE-- [fill = 0]
                  80896dd8    00000024     audio_params.obj (.cinit)
                  80896dfc    00000004     --HOLE-- [fill = 0]
                  80896e00    00000024     bios.a64P : obj_init.o64P (.cinit)
                  80896e24    00000004     --HOLE-- [fill = 0]
                  80896e28    00000020     i2c_bios_drv.lib : dda_i2cIom.obj (.cinit)
                  80896e48    00000020     i2c_params.obj (.cinit)
                  80896e68    0000001c     audio_bios_drv.lib : psp_aic33Codec.obj (.cinit)
                  80896e84    00000004     --HOLE-- [fill = 0]
                  80896e88    0000001c     bios.a64P : exc_asm.o64P (.cinit)
                  80896ea4    00000004     --HOLE-- [fill = 0]
                  80896ea8    0000001c               : mem_defi.o64P (.cinit)
                  80896ec4    00000004     --HOLE-- [fill = 0]
                  80896ec8    0000001c               : sys.o64P (.cinit)
                  80896ee4    00000004     --HOLE-- [fill = 0]
                  80896ee8    0000001c     rts64plus.lib : _lock.obj (.cinit)
                  80896f04    00000004     --HOLE-- [fill = 0]
                  80896f08    0000001c                   : atexit.obj (.cinit)
                  80896f24    00000004     --HOLE-- [fill = 0]
                  80896f28    00000018     bios.a64P : knl_tick.o64P (.cinit)
                  80896f40    00000010               : gio.o64P (.cinit)
                  80896f50    00000010               : sem_crea.o64P (.cinit)
                  80896f60    0000000e               : ecm_dispatch.o64P (.cinit)
                  80896f6e    00000002     --HOLE-- [fill = 0]
                  80896f70    0000000c               : idl_busy.o64P (.cinit)
                  80896f7c    00000004     --HOLE-- [fill = 0]
                  80896f80    0000000c               : knl_swit.o64P (.cinit)
                  80896f8c    00000004     --HOLE-- [fill = 0]
                  80896f90    0000000c               : tsk_disa.o64P (.cinit)
                  80896f9c    00000004     --HOLE-- [fill = 0]
                  80896fa0    0000000c     bios6424.a64P : bcache_wait.o64P (.cinit)
                  80896fac    00000004     --HOLE-- [fill = 0]
                  80896fb0    0000000c     evmdm6437bsl.lib : evmdm6437_i2c.obj (.cinit)
                  80896fbc    00000004     --HOLE-- [fill = 0]
                  80896fc0    0000000c                      : evmdm6437_psc.obj (.cinit)
                  80896fcc    00000004     --HOLE-- [fill = 0]
                  80896fd0    0000000c     rts64plus.lib : fopen.obj (.cinit)
                  80896fdc    00000004     --HOLE-- [fill = 0]
                  80896fe0    0000000c                   : sinit.obj (.cinit)
                  80896fec    00000004     --HOLE-- [fill = 0]
                  80896ff0    00000004     (.pad.cinit) [fill = 0]

.stack     0    80896ff8    00001000     UNINITIALIZED
                  80896ff8    00001000     --HOLE--

.rtdx_text 
*          0    80898000    00000fc0     
                  80898000    000002a0     rtdx64xplus.lib : rtdx_mon.o64P (.rtdx_text:_HSRTDX_rec)
                  808982a0    00000260                     : buffer1.o64P (.rtdx_text:_RTDX_Buffer_WriteCB)
                  80898500    00000260                     : buffer1.o64P (.rtdx_text:_RTDX_write_next)
                  80898760    000001a0                     : rtdx_mon.o64P (.rtdx_text:_HSRTDX_xmt)
                  80898900    00000160                     : rtdx_mon.o64P (.rtdx_text:_RTDX_Send_To_Host)
                  80898a60    000000e0                     : rtdx_mon.o64P (.rtdx_text:_RTDX_Mon_Queue)
                  80898b40    000000e0                     : buffer1.o64P (.rtdx_text:_claim)
                  80898c20    000000a0                     : rtdx_mon.o64P (.rtdx_text:_RTDX_GetH2THeader)
                  80898cc0    000000a0                     : rtdx_mon.o64P (.rtdx_text:_RTDX_Poll)
                  80898d60    00000080                     : rtdx_mon.o64P (.rtdx_text:_RTDX_Final_RT_Monitor)
                  80898de0    00000060                     : buffer1.o64P (.rtdx_text:_RTDX_Buffer_Initialize)
                  80898e40    00000060                     : rtdx_mon.o64P (.rtdx_text:_RTDX_Init_RT_Monitor)
                  80898ea0    00000040                     : buffer2.o64P (.rtdx_text:_RTDX_Buffer_ReadCB)
                  80898ee0    00000040                     : buffer1.o64P (.rtdx_text:_RTDX_Buffer_Size)
                  80898f20    00000040                     : memfill.o64P (.rtdx_text:_RTDX_memfill)
                  80898f60    00000020                     : buffer2.o64P (.rtdx_text:_RTDX_Buffer_Read)
                  80898f80    00000020                     : buffer1.o64P (.rtdx_text:_RTDX_Buffer_Write)
                  80898fa0    00000020                     : intr_tgt.o64P (.rtdx_text)

.const     0    80898fc0    00000881     
                  80898fc0    00000193     bios.a64P : exc.o64P (.const)
                  80899153    00000001     --HOLE-- [fill = 0]
                  80899154    0000015d     audio_bios_drv.lib : psp_aic33Codec.obj (.const)
                  808992b1    00000007     bios.a64P : sys_prin.o64P (.const)
                  808992b8    00000101     rts64plus.lib : ctype.obj (.const:.string:__ctypes_)
                  808993b9    00000002                   : fputs.obj (.const:.string)
                  808993bb    00000001     --HOLE-- [fill = 0]
                  808993bc    000000e8     evmAudioTemplate.obj (.const:.string)
                  808994a4    00000098     audio_bios_drv.lib : psp_audio.obj (.const)
                  8089953c    00000098     mcasp_bios_drv.lib : ddc_mcasp.obj (.const)
                  808995d4    00000080     mcbsp_bios_drv.lib : ddc_mcbsp.obj (.const)
                  80899654    0000004e     bios.a64P : tsk_stup.o64P (.const)
                  808996a2    00000032               : mem_rede.o64P (.const)
                  808996d4    0000002c     i2c_bios_drv.lib : ddc_i2c.obj (.const)
                  80899700    0000002b     palos_bios.lib : pal_oscache.obj (.const)
                  8089972b    00000001     --HOLE-- [fill = 0]
                  8089972c    00000028     mcasp_bios_drv.lib : dda_mcasp_bios.obj (.const)
                  80899754    00000023     rts64plus.lib : _printfi.obj (.const:.string)
                  80899777    00000023     bios.a64P : utl_doab.o64P (.const)
                  8089979a    00000022               : utl_doer.o64P (.const)
                  808997bc    00000020               : dev_init.o64P (.const)
                  808997dc    0000001c     mcbsp_bios_drv.lib : dda_mcbsp_bios.obj (.const)
                  808997f8    00000011     bios.a64P : sys_prin.o64P (.const:_digtohex)
                  80899809    00000011     evmAudioTemplatecfg.obj (.const)
                  8089981a    00000004     bios.a64P : gio_crea.o64P (.const)
                  8089981e    00000002     --HOLE-- [fill = 0]
                  80899820    00000008     rts64plus.lib : divd.obj (.const:.string:_initial_approx$1)
                  80899828    00000008     edma3_drv_sample.lib : bios_edma3_sample_init.obj (.const)
                  80899830    00000004     bios.a64P : mem_allo.o64P (.const)
                  80899834    00000004               : mem_free.o64P (.const)
                  80899838    00000004               : mem_unde.o64P (.const)
                  8089983c    00000001               : sem_crea.o64P (.const)
                  8089983d    00000003     --HOLE-- [fill = 0]
                  80899840    00000001               : tsk.o64P (.const)

.printf    0    80899841    000000a7     COPY SECTION
                  80899841    000000a7     evmAudioTemplatecfg.obj (.printf)

.bss       0    80899848    00000860     UNINITIALIZED
                  80899848    00000434     evmAudioTemplatecfg.obj (.bss)
                  80899c7c    00000100     bios.a64P : hwi_disp_asm.o64P (.bss)
                  80899d7c    000000cc               : biosdata.o64P (.bss)
                  80899e48    0000009c               : swi.o64P (.bss)
                  80899ee4    00000048               : knl.o64P (.bss)
                  80899f2c    00000020     audio_bios_drv.lib : psp_audio.obj (.bss)
                  80899f4c    00000004     bios.a64P : clk_data2.o64P (.bss)
                  80899f50    00000020               : exc_asm.o64P (.bss)
                  80899f70    0000001c     evmAudioTemplate.obj (.bss)
                  80899f8c    0000001a     edma3_drv_bios.lib : edma3.obj (.bss)
                  80899fa6    00000002     --HOLE--
                  80899fa8    00000018     bios.a64P : hwi.o64P (.bss)
                  80899fc0    00000018     lnkrtdx.a64P : rtdx.o64P (.bss)
                  80899fd8    00000010     bios.a64P : exc.o64P (.bss)
                  80899fe8    00000010     edma3_drv_sample.lib : bios_edma3_sample_cfg.obj (.bss)
                  80899ff8    00000010     evmdm6437bsl.lib : evmdm6437_flash_id.obj (.bss)
                  8089a008    00000010     mcbsp_bios_drv.lib : llc_mcbsp.obj (.bss)
                  8089a018    00000010     rtdx64xplus.lib : buffer1.o64P (.bss)
                  8089a028    00000010                     : rtdx_mon.o64P (.bss)
                  8089a038    0000000e     edma3_rm_bios.lib : edma3resmgr.obj (.bss)
                  8089a046    00000002     --HOLE--
                  8089a048    0000000c     audioProcessing.obj (.bss)
                  8089a054    0000000c     audio_bios_drv.lib : psp_aic33Codec.obj (.bss)
                  8089a060    0000000c     bios.a64P : tsk.o64P (.bss)
                  8089a06c    00000008               : clk_data.o64P (.bss)
                  8089a074    00000008               : sys.o64P (.bss)
                  8089a07c    00000008     edma3_drv_sample.lib : bios_edma3_sample_init.obj (.bss)
                  8089a084    00000004     bios.a64P : dev_init.o64P (.bss)
                  8089a088    00000004               : idl_busy.o64P (.bss)
                  8089a08c    00000004               : mem_asm.o64P (.bss)
                  8089a090    00000004               : mem_defi.o64P (.bss)
                  8089a094    00000004               : tsk_disa.o64P (.bss)
                  8089a098    00000004     evmdm6437bsl.lib : evmdm6437_i2c.obj (.bss)
                  8089a09c    00000004                      : evmdm6437_psc.obj (.bss)
                  8089a0a0    00000004     mcasp_bios_drv.lib : dda_mcasp_bios.obj (.bss)
                  8089a0a4    00000004     mcbsp_bios_drv.lib : dda_mcbsp_bios.obj (.bss)

.gio       0    8089a0a8    00000010     UNINITIALIZED
                  8089a0a8    00000010     evmAudioTemplatecfg.obj (.gio)

.sysinit   0    8089a0c0    000007c0     
                  8089a0c0    000003c0     evmAudioTemplatecfg.obj (.sysinit)
                  8089a480    00000120     bios.a64P : dev_init.o64P (.sysinit)
                  8089a5a0    000000e0     bios6424.a64P : clk_enable64LcTimer.o64P (.sysinit)
                  8089a680    000000c0     bios.a64P : boot.o64P (.sysinit)
                  8089a740    000000a0               : mem_init.o64P (.sysinit)
                  8089a7e0    00000060               : tsk_init.o64P (.sysinit)
                  8089a840    00000020               : gio.o64P (.sysinit)
                  8089a860    00000020               : obj_init.o64P (.sysinit)

.switch    0    8089a880    000003d4     
                  8089a880    000000e4     mcasp_bios_drv.lib : llc_mcasp.obj (.switch)
                  8089a964    000000b8     edma3_drv_bios.lib : edma3.obj (.switch)
                  8089aa1c    00000070     audio_bios_drv.lib : psp_audio.obj (.switch)
                  8089aa8c    0000005c     mcbsp_bios_drv.lib : ddc_mcbsp.obj (.switch)
                  8089aae8    00000050     mcasp_bios_drv.lib : ddc_mcasp.obj (.switch)
                  8089ab38    00000040     edma3_rm_bios.lib : edma3resmgr.obj (.switch)
                  8089ab78    00000040     i2c_bios_drv.lib : ddc_i2c.obj (.switch)
                  8089abb8    00000028     edma3_drv_sample.lib : bios_edma3_sample_cs.obj (.switch)
                  8089abe0    00000020     evmdm6437bsl.lib : evmdm6437.obj (.switch)
                  8089ac00    00000014     audio_bios_drv.lib : psp_aic33Codec.obj (.switch)
                  8089ac14    00000010     i2c_bios_drv.lib : dda_i2cIom.obj (.switch)
                  8089ac24    00000010     mcasp_bios_drv.lib : dda_mcasp_bios.obj (.switch)
                  8089ac34    00000010     mcbsp_bios_drv.lib : dda_mcbsp_bios.obj (.switch)
                  8089ac44    00000010                        : llc_mcbsp.obj (.switch)

.cio       0    8089ac58    00000120     UNINITIALIZED
                  8089ac58    00000120     rts64plus.lib : trgmsg.obj (.cio)

.gblinit   0    8089ad78    0000007c     
                  8089ad78    0000007c     evmAudioTemplatecfg.obj (.gblinit)

.devtable 
*          0    8089adf4    00000048     UNINITIALIZED
                  8089adf4    00000048     evmAudioTemplatecfg.obj (.devtable)

.sys       0    8089ae3c    00000010     UNINITIALIZED
                  8089ae3c    00000010     evmAudioTemplatecfg.obj (.sys)

.pinit     0    8089ae4c    0000000c     
                  8089ae4c    00000004     rtdx64xplus.lib : buffer1.o64P (.pinit)
                  8089ae50    00000004                     : rtdx_mon.o64P (.pinit)
                  8089ae54    00000004     --HOLE-- [fill = 0]

.trcdata   0    8089ae58    0000000c     
                  8089ae58    0000000c     bios.a64P : trc.o64P (.trcdata)


FAR CALL TRAMPOLINES

callee name               trampoline name
   callee addr  tramp addr   call addr  call info
--------------  -----------  ---------  ----------------
$.bios:bios.a64P<log_printf.o64P>$0x0  $Tramp$S$$_LOG_printf
   80894460     8088e4e0     80880338   audio_bios_drv.lib : psp_aic33Codec.obj (.text)
                             808803c4                      : psp_aic33Codec.obj (.text)
                             808803f4                      : psp_aic33Codec.obj (.text)
                             80880cc0                      : psp_aic33Codec.obj (.text)
                             80880d14                      : psp_aic33Codec.obj (.text)
                             80880d78                      : psp_aic33Codec.obj (.text)
                             80880e18                      : psp_aic33Codec.obj (.text)
                             80880eb4                      : psp_aic33Codec.obj (.text)
                             8088bc50   palos_bios.lib : pal_oscache.obj (.text)
$.bios:bios6424.a64P<bcache_block.o64P>$0x170  $Tramp$S$$_BCACHE_wbInv
   80892510     8088e500     80880f74   audio_bios_drv.lib : psp_audio.obj (.text)
                             80880f88                      : psp_audio.obj (.text)
                             80880ff4                      : psp_audio.obj (.text)
                             80881008                      : psp_audio.obj (.text)
                             8088bcd4   palos_bios.lib : pal_oscache.obj (.text)
$.bios:bios.a64P<ecm_dispatchPlug.o64P>$0x0  $Tramp$S$$_ECM_dispatchPlug
   80893e40     8088e520     80883934   mcasp_bios_drv.lib : dda_mcasp_bios.obj (.text)
                             80884170   mcbsp_bios_drv.lib : dda_mcbsp_bios.obj (.text)
                             80888d2c   edma3_drv_sample.lib : bios_edma3_sample_init.obj (.text)
                             80888d54                        : bios_edma3_sample_init.obj (.text)
                             80888d98                        : bios_edma3_sample_init.obj (.text)
                             8088b894   i2c_bios_drv.lib : dda_i2cBios.obj (.text)
$.bios:bios.a64P<c62_c.o64P>$0x18  $Tramp$S$$_C64_enableIER
   80894218     8088e540     80883938   mcasp_bios_drv.lib : dda_mcasp_bios.obj (.text)
                             80884180   mcbsp_bios_drv.lib : dda_mcbsp_bios.obj (.text)
                             80888dd4   edma3_drv_sample.lib : bios_edma3_sample_init.obj (.text)
                             8088b8d4   i2c_bios_drv.lib : dda_i2cBios.obj (.text)
$.bios:bios.a64P<ecm_disableEvent.o64P>$0x0  $Tramp$S$$_ECM_disableEvent
   80894240     8088e560     8088398c   mcasp_bios_drv.lib : dda_mcasp_bios.obj (.text)
                             808841e0   mcbsp_bios_drv.lib : dda_mcbsp_bios.obj (.text)
                             80887d80   edma3_drv_sample.lib : bios_edma3_sample_cs.obj (.text)
                             80887d8c                        : bios_edma3_sample_cs.obj (.text)
                             80887dac                        : bios_edma3_sample_cs.obj (.text)
                             80888e78                        : bios_edma3_sample_init.obj (.text)
                             80888e84                        : bios_edma3_sample_init.obj (.text)
                             80888eac                        : bios_edma3_sample_init.obj (.text)
                             8088b900   i2c_bios_drv.lib : dda_i2cBios.obj (.text)
                             8088e3d8   palos_bios.lib : pal_osInt.obj (.text)
$.bios:bios.a64P<sem_pend_counting.o64P>$0x0  $Tramp$S$$_SEM_pend
   80894020     8088e580     80885d90   evmAudioTemplate.obj (.text)
                             80885da0   evmAudioTemplate.obj (.text)
                             80885ed8   evmAudioTemplate.obj (.text)
                             80885f24   evmAudioTemplate.obj (.text)
                             8088614c   evmAudioTemplate.obj (.text)
$.bios:bios.a64P<gio_sbmt.o64P>$0x0  $Tramp$S$$_GIO_submit
   80892020     8088e590     80885e00   evmAudioTemplate.obj (.text)
                             80885e28   evmAudioTemplate.obj (.text)
                             80886040   evmAudioTemplate.obj (.text)
                             80886084   evmAudioTemplate.obj (.text)
                             808860c0   evmAudioTemplate.obj (.text)
                             808860f8   evmAudioTemplate.obj (.text)
$.bios:bios.a64P<sem_post_asm.o64P>$0x0  $Tramp$S$$_SEM_post
   80893460     8088e5a0     80885f44   evmAudioTemplate.obj (.text)
                             80885f68   evmAudioTemplate.obj (.text)
$.bios:bios.a64P<gio_crea.o64P>$0x0  $Tramp$S$$_GIO_create
   80890640     8088e5b0     80885f84   evmAudioTemplate.obj (.text)
                             80885fb8   evmAudioTemplate.obj (.text)
$.bios:bios.a64P<sys_abor.o64P>$0x0  $Tramp$S$$_SYS_abort
   808940e0     8088e5c0     80885fac   evmAudioTemplate.obj (.text)
                             80885fe4   evmAudioTemplate.obj (.text)
                             80886064   evmAudioTemplate.obj (.text)
                             808860a0   evmAudioTemplate.obj (.text)
                             808860d8   evmAudioTemplate.obj (.text)
                             80886114   evmAudioTemplate.obj (.text)
$.bios:bios.a64P<malloc.o64P>$0x0  $Tramp$S$$_free
   808908e0     8088e5d0     8088aaa0   rts64plus.lib : setvbuf.obj (.text:_setvbuf)
                             8088bdc8                 : fclose.obj (.text:__closefile)
$.bios:bios.a64P<hwi_c.o64P>$0x0  $Tramp$S$$_HWI_disable
   80893f00     8088e5e0     80887d68   edma3_drv_sample.lib : bios_edma3_sample_cs.obj (.text)
                             80888d0c                        : bios_edma3_sample_init.obj (.text)
                             80888e70                        : bios_edma3_sample_init.obj (.text)
                             8088df94   palos_bios.lib : pal_osprotect.obj (.text)
$.bios:bios.a64P<tsk_disa.o64P>$0x24  $Tramp$S$$_TSK_disable
   80893c24     8088e600     80887d74   edma3_drv_sample.lib : bios_edma3_sample_cs.obj (.text)
                             8088dfac   palos_bios.lib : pal_osprotect.obj (.text)
$.bios:bios.a64P<hwi_c.o64P>$0x2c  $Tramp$S$$_HWI_restore
   80893f2c     8088e620     80887e0c   edma3_drv_sample.lib : bios_edma3_sample_cs.obj (.text)
                             80888de0                        : bios_edma3_sample_init.obj (.text)
                             80888ecc                        : bios_edma3_sample_init.obj (.text)
                             8088dfd4   palos_bios.lib : pal_osprotect.obj (.text)
$.bios:bios.a64P<tsk_disa.o64P>$0x0  $Tramp$S$$_TSK_enable
   80893c00     8088e640     80887e14   edma3_drv_sample.lib : bios_edma3_sample_cs.obj (.text)
                             8088dfe8   palos_bios.lib : pal_osprotect.obj (.text)
$.bios:bios.a64P<ecm_enableEvent.o64P>$0x0  $Tramp$S$$_ECM_enableEvent
   80894280     8088e660     80887e20   edma3_drv_sample.lib : bios_edma3_sample_cs.obj (.text)
                             80887e2c                        : bios_edma3_sample_cs.obj (.text)
                             80887e48                        : bios_edma3_sample_cs.obj (.text)
                             80888d38                        : bios_edma3_sample_init.obj (.text)
                             80888d60                        : bios_edma3_sample_init.obj (.text)
                             80888db4                        : bios_edma3_sample_init.obj (.text)
                             8088b8c4   i2c_bios_drv.lib : dda_i2cBios.obj (.text)
                             8088e3c8   palos_bios.lib : pal_osInt.obj (.text)
$.bios:bios.a64P<clk_countspms.o64P>$0x0  $Tramp$S$$_CLK_countspms
   808943c0     8088e680     80887ea8   edma3_drv_sample.lib : bios_edma3_sample_cs.obj (.text)
                             8088d3d4   palos_bios.lib : pal_osWait.obj (.text)
                             8088d438                  : pal_osWait.obj (.text)
$.bios:bios.a64P<clk_getprd.o64P>$0x0  $Tramp$S$$_CLK_getprd
   808943e0     8088e6a0     80887eac   edma3_drv_sample.lib : bios_edma3_sample_cs.obj (.text)
                             8088d3e0   palos_bios.lib : pal_osWait.obj (.text)
                             8088d440                  : pal_osWait.obj (.text)
$.bios:bios.a64P<sem_pend_counting.o64P>$0x0  $Tramp$S$$_SEM_pend
   80894020     8088e6c0     80887ed4   edma3_drv_sample.lib : bios_edma3_sample_cs.obj (.text)
                             80887ff4                        : bios_edma3_sample_cs.obj (.text)
                             8088c674   palos_bios.lib : pal_ossem.obj (.text)
                             8088d408                  : pal_osWait.obj (.text)
$.bios:bios6424.a64P<bcache_block.o64P>$0x194  $Tramp$S$$_BCACHE_inv
   80892534     8088e6e0     80887ef8   edma3_drv_sample.lib : bios_edma3_sample_cs.obj (.text)
                             8088bcac   palos_bios.lib : pal_oscache.obj (.text)
$.bios:bios6424.a64P<bcache_block.o64P>$0x184  $Tramp$S$$_BCACHE_wb
   80892524     8088e700     80887f18   edma3_drv_sample.lib : bios_edma3_sample_cs.obj (.text)
                             8088bc84   palos_bios.lib : pal_oscache.obj (.text)
$.bios:bios.a64P<sem_crea.o64P>$0x0  $Tramp$S$$_SEM_create
   80893b80     8088e720     80887f60   edma3_drv_sample.lib : bios_edma3_sample_cs.obj (.text)
                             8088c610   palos_bios.lib : pal_ossem.obj (.text)
$.bios:bios.a64P<sem_dele.o64P>$0x0  $Tramp$S$$_SEM_delete
   80894480     8088e740     80887fb4   edma3_drv_sample.lib : bios_edma3_sample_cs.obj (.text)
                             8088c64c   palos_bios.lib : pal_ossem.obj (.text)
$.bios:bios.a64P<sem_post_asm.o64P>$0x0  $Tramp$S$$_SEM_post
   80893460     8088e760     8088804c   edma3_drv_sample.lib : bios_edma3_sample_cs.obj (.text)
                             8088c6b4   palos_bios.lib : pal_ossem.obj (.text)
$.bios:bios.a64P<mem_defi.o64P>$0x0  $Tramp$S$$_MEM_define
   80891040     8088e780     808891e8   palos_bios.lib : pal_osmem.obj (.text)
$.bios:bios.a64P<mem_unde.o64P>$0x0  $Tramp$S$$_MEM_undefine
   80893020     8088e7a0     80889214   palos_bios.lib : pal_osmem.obj (.text)
$.bios:.near:bios.a64P<mem_allo.o64P>$0x0  $Tramp$S$$_MEM_alloc
   808918a0     8088e7c0     8088924c   palos_bios.lib : pal_osmem.obj (.text)
$.bios:.near:bios.a64P<mem_free.o64P>$0x0  $Tramp$S$$_MEM_free
   808914a0     8088e7e0     808892a0   palos_bios.lib : pal_osmem.obj (.text)
$.bios:bios.a64P<malloc.o64P>$0x28  $Tramp$S$$_malloc
   80890908     8088e800     8088ab34   rts64plus.lib : setvbuf.obj (.text:_setvbuf)
$.bios:bios.a64P<lck.o64P>$0x0  $Tramp$S$$_LCK_post
   80893a00     8088e820     8088d300   bios.a64P : tsk_stup.o64P (.text)
$.bios:bios.a64P<lck.o64P>$0x20  $Tramp$S$$_LCK_pend
   80893a20     8088e840     8088d364   bios.a64P : tsk_stup.o64P (.text)
$.bios:bios.a64P<sys_abor.o64P>$0x0  $Tramp$S$$_SYS_abort
   808940e0     8088e860     8088d368   bios.a64P : tsk_stup.o64P (.text)
                             8088d384             : tsk_stup.o64P (.text)

[32 trampolines]
[106 trampoline calls]


GLOBAL SYMBOLS: SORTED ALPHABETICALLY BY Name 

address    name
--------   ----
80899848   $bss
80899848   .bss
80000000   .data
80867260   .text
8089a284   BIOS$$CLKOFF
8089a244   BIOS$$CLKON
8089a0c0   BIOS_init
8089a340   BIOS_start
00000000   BUF$
00000001   BUF_ENABLED
8088e178   C$$IO$$
ffffffff   CACHE_L1D
ffffffff   CACHE_L1P
00000001   CLK$
10801af8   CLK_A_TABBEG
00000001   CLK_CALDIV
00000001   CLK_CALMULT
00091050   CLK_COUNTSPMS
00000009   CLK_COUNTSPMSHIGH
80899da4   CLK_D_idletime
80899da0   CLK_D_isrhook
80899d9c   CLK_D_tabbeg
80899d98   CLK_D_timefxn
00000001   CLK_ENABLEHTIME
80894500   CLK_F_gethtime
80892700   CLK_F_getltime
80892710   CLK_F_isr
80892850   CLK_F_itime
8088f920   CLK_HOOKFXN
00000001   CLK_HTIMEDIV
00000001   CLK_HTIMEMULT
00091050   CLK_HTIMEPERLTIME
00006978   CLK_INPUTCLK
00008000   CLK_INTBIT
00000001   CLK_LTIMEDIV
00091050   CLK_LTIMEMULT
000003e8   CLK_MICROSECS
00000001   CLK_POWERENABLE
00006978   CLK_PRD
00000000   CLK_PRDHIGH
01c21800   CLK_REGS
00000001   CLK_RESETTIMER
80899d94   CLK_R_time
00000020   CLK_TCR
00000000   CLK_TDDR
00000000   CLK_TDDRHIGH
80894500   CLK_TIMEFXN
00000001   CLK_TIMERNUM
00000005   CLK_TIMMODE
00000001   CLK_USETIMER
10801afc   CLK_null
80899c58   DDR2
80000000   DDR2$B
00800000   DDR2$L
00000000   DEV$
00000000   DGN$
00000000   DHL$
00000000   DHL_gChannelsAvailable
00000000   DIO$
00000000   DIO_NUMSWIBASE
00000000   DIO_NUMTSKBASE
00000000   DIO_STATIC
00000000   DPI$
00000001   ECM$
00000001   ECM_ENABLE
ffffffff   ECM_EVTMASK0
ffffffff   ECM_EVTMASK1
ffffffff   ECM_EVTMASK2
ffffffff   ECM_EVTMASK3
0000000a   EVENT10
00000064   EVENT100
00000065   EVENT101
00000066   EVENT102
00000067   EVENT103
00000068   EVENT104
00000069   EVENT105
0000006a   EVENT106
0000006b   EVENT107
0000006c   EVENT108
0000006d   EVENT109
0000000b   EVENT11
0000006e   EVENT110
0000006f   EVENT111
00000070   EVENT112
00000071   EVENT113
00000072   EVENT114
00000073   EVENT115
00000074   EVENT116
00000075   EVENT117
00000076   EVENT118
00000077   EVENT119
0000000c   EVENT12
00000078   EVENT120
00000079   EVENT121
0000007a   EVENT122
0000007b   EVENT123
0000007c   EVENT124
0000007d   EVENT125
0000007e   EVENT126
0000007f   EVENT127
0000000d   EVENT13
0000000e   EVENT14
0000000f   EVENT15
00000010   EVENT16
00000011   EVENT17
00000012   EVENT18
00000013   EVENT19
00000014   EVENT20
00000015   EVENT21
00000016   EVENT22
00000017   EVENT23
00000018   EVENT24
00000019   EVENT25
0000001a   EVENT26
0000001b   EVENT27
0000001c   EVENT28
0000001d   EVENT29
0000001e   EVENT30
0000001f   EVENT31
00000020   EVENT32
00000021   EVENT33
00000022   EVENT34
00000023   EVENT35
00000024   EVENT36
00000025   EVENT37
00000026   EVENT38
00000027   EVENT39
00000004   EVENT4
00000028   EVENT40
00000029   EVENT41
0000002a   EVENT42
0000002b   EVENT43
0000002c   EVENT44
0000002d   EVENT45
0000002e   EVENT46
0000002f   EVENT47
00000030   EVENT48
00000031   EVENT49
00000005   EVENT5
00000032   EVENT50
00000033   EVENT51
00000034   EVENT52
00000035   EVENT53
00000036   EVENT54
00000037   EVENT55
00000038   EVENT56
00000039   EVENT57
0000003a   EVENT58
0000003b   EVENT59
00000006   EVENT6
0000003c   EVENT60
0000003d   EVENT61
0000003e   EVENT62
0000003f   EVENT63
00000040   EVENT64
00000041   EVENT65
00000042   EVENT66
00000043   EVENT67
00000044   EVENT68
00000045   EVENT69
00000007   EVENT7
00000046   EVENT70
00000047   EVENT71
00000048   EVENT72
00000049   EVENT73
0000004a   EVENT74
0000004b   EVENT75
0000004c   EVENT76
0000004d   EVENT77
0000004e   EVENT78
0000004f   EVENT79
00000008   EVENT8
00000050   EVENT80
00000051   EVENT81
00000052   EVENT82
00000053   EVENT83
00000054   EVENT84
00000055   EVENT85
00000056   EVENT86
00000057   EVENT87
00000058   EVENT88
00000059   EVENT89
00000009   EVENT9
0000005a   EVENT90
0000005b   EVENT91
0000005c   EVENT92
0000005d   EVENT93
0000005e   EVENT94
0000005f   EVENT95
00000060   EVENT96
00000061   EVENT97
00000062   EVENT98
00000063   EVENT99
80893ea0   FXN_F_nop
80893ea4   FXN_F_run
80893ee0   FXN_F_zero
00000001   GBL$
00005205   GBL_A_VERSION
00000000   GBL_BCACHEREADADDR0
00000000   GBL_BCACHEREADADDR1
00000000   GBL_BCACHEREADADDR2
00000000   GBL_BIGENDIAN
00000000   GBL_CACHE
00000000   GBL_CALLCSLCFGINIT
00004e20   GBL_CLKIN
00001918   GBL_CLKTYPE
00001963   GBL_DSPSUBTYPE
0000003e   GBL_DSPTYPE
00000001   GBL_ENABLEINST
00000000   GBL_ENABLE_SK
00000042   GBL_FOOTPRINT
00091050   GBL_FREQ
00000000   GBL_GEMTRUECOMPEN
00000007   GBL_L1DMODE
00000007   GBL_L1PMODE
00000001   GBL_L2CONFIGURE
00000000   GBL_L2MAR0_31
00000000   GBL_L2MAR128_159
00000000   GBL_L2MAR160_191
00000000   GBL_L2MAR192_223
00000000   GBL_L2MAR224_255
00000000   GBL_L2MAR32_63
00000000   GBL_L2MAR64_95
00000000   GBL_L2MAR96_127
00000000   GBL_L2MODE
00000000   GBL_NULL
00000000   GBL_PROCID
00000000   GBL_ROM
00000000   GBL_SUPPORTCSL
0000dbef   GBL_TRCMASKVALUE
00000000   GBL_USERINIT
80894400   GBL_USERINITFXN
00000001   GBL_boot
8089ae60   GBL_initdone
80896ff8   GBL_stackbeg
80897ff7   GBL_stackend
00000001   GIO$
8089a0a8   GIO$config
80893b80   GIO_CREATEFXN
80894480   GIO_DELETEFXN
80894020   GIO_PENDFXN
80893460   GIO_POSTFXN
00000000   HOOK$
00000000   HOOK_KNLID
00000001   HST$
10802390   HST_A_TABBEG
108023cc   HST_A_TABEND
00000000   HST_DSM
ffffffff   HST_DSMBUFSEG
00000400   HST_DSMMEMSIZE
80899e10   HST_D_chanmask
80899e14   HST_D_tabbeg
80899e18   HST_D_tabend
000000ff   HST_MAXFRAMEALLOWED
00000040   HST_MAXFRAMESET
00000000   HST_NONE
00000001   HST_RTDX
00000001   HWI$
10801c00   HWI_A_VECS
00009f88   HWI_CFGDISPATCHED
80899fb8   HWI_D_bss
80899fbc   HWI_D_ccmask
80899fa8   HWI_D_spsave
00000001   HWI_ENABLE_EXC
8088f920   HWI_F_dispatch
00000000   HWI_GENERATE_RESET_VEC
0000000a   HWI_INT10
00000000   HWI_INT10$hwi
0000000b   HWI_INT11
00000000   HWI_INT11$hwi
0000000c   HWI_INT12
00000000   HWI_INT12$hwi
0000000d   HWI_INT13
00000000   HWI_INT13$hwi
0000000e   HWI_INT14
00000000   HWI_INT14$hwi
0000000f   HWI_INT15
00000000   HWI_INT15$hwi
00000004   HWI_INT4
00000000   HWI_INT4$hwi
00000005   HWI_INT5
00000000   HWI_INT5$hwi
00000006   HWI_INT6
00000000   HWI_INT6$hwi
00000007   HWI_INT7
00000000   HWI_INT7$hwi
00000008   HWI_INT8
00000000   HWI_INT8$hwi
00000009   HWI_INT9
00000000   HWI_INT9$hwi
00060504   HWI_INTRMUX1
0b030201   HWI_INTRMUX2
06040d0c   HWI_INTRMUX3
00000001   HWI_NMI
00000000   HWI_NMI$hwi
00000000   HWI_POLARITYMASK
00000002   HWI_RESERVED0
00000000   HWI_RESERVED0$hwi
00000003   HWI_RESERVED1
00000000   HWI_RESERVED1$hwi
00000000   HWI_RESET
00000000   HWI_RESET$hwi
00000000   HWI_ZEROTAB
00000001   IDL$
10802428   IDL_A_CALBEG
108020f0   IDL_A_TABBEG
00000006   IDL_CALIBRERROR
808942c0   IDL_CALIBRFXN
8089a088   IDL_D_busyObj
80899d84   IDL_D_calbeg
80899d80   IDL_D_calibrate
80899d7c   IDL_D_tabbeg
108020fc   IDL_END
10802434   IDL_END$
80893f60   IDL_F_busy
80893d00   IDL_F_calibrate
80894440   IDL_F_loop
808942c0   IDL_F_stub
00000001   IDL_USECLKIDLTIME
1080232c   IDL_busyObj
808998e3   IDL_busyObj$avgfmt
00000001   IDL_busyObj$filter
00000001   IDL_busyObj$iA
00000000   IDL_busyObj$iB
00000001   IDL_busyObj$iC
808998dd   IDL_busyObj$maxfmt
00000000   IDL_busyObj$operation
10802328   IDL_busyObj$stsobj
808998e0   IDL_busyObj$sumfmt
00000002   IDL_busyObj$unittype
108020f0   IDL_cpuLoad
10802428   IDL_cpuLoad$
ffffffff   IRAM
00000001   ISRC$
808929f8   KNL_glue
108023fc   KNL_swi
00000001   KNL_swi$dorta
00000000   KNL_swi$ord
00000000   KNL_swi$pri
108022cc   KNL_swi$sts
80899851   KNL_swi$sts$avgfmt
00000002   KNL_swi$sts$filter
00000001   KNL_swi$sts$filtmaxmult
00000001   KNL_swi$sts$filtsummult
80899841   KNL_swi$sts$maxfmt
108022c8   KNL_swi$sts$stsobj
80899849   KNL_swi$sts$sumfmt
00000000   KNL_swi$sts$unittype
00000000   KNL_swi$swi
ffffffff   L1DSRAM
00000001   LCK$
8088ee40   LNK_F_checkBufferCall
8088eec0   LNK_F_dataPump
8088ee60   LNK_F_getChanPtr
8088eeb8   LNK_F_init
8088f3c8   LNK_F_readCallBack
108020f4   LNK_dataPump
1080242c   LNK_dataPump$
80899fc4   LNK_dspFrameReadyMask
80899fc0   LNK_dspFrameRequestMask
8088f140   LNK_newin
8088f274   LNK_newout
8088eed0   LNK_rcloop
8088ef94   LNK_rdrtry
80899fcc   LNK_readDone
80899fd0   LNK_readFail
80899fc8   LNK_readPend
8088efa4   LNK_rrloop
80899fd4   LNK_writeFail
8088f070   LNK_wrloop
8088f064   LNK_wrrtry
00000001   LOG$
108023cc   LOG_A_TABBEG
108023fc   LOG_A_TABEND
00000002   LOG_A_TABLEN
80899d88   LOG_D_system
00000001   LOG_ENABLED
80893a80   LOG_F_event
108023cc   LOG_system
10801b00   LOG_system$buf
00000000   LOG_system$datatype
00000000   LOG_system$log
00000040   LOG_system$size
00000000   MBX$
00000001   MEM$
80899c58   MEM_MALLOCSEG
00000000   MEM_NULL
80899c58   MEM_SEGZERO
00000000   MEM_USEMPC
00000001   MEM_gNumHeap
00000000   MSGQ$
00000000   MSGQ_USEMSGQ
00000000   OBJ$
00000000   PIP$
10802200   PIP_A_TABBEG
108022c8   PIP_A_TABEND
00000002   PIP_A_TABLEN
80899d8c   PIP_D_tabbeg
80899d90   PIP_D_tablen
80891eb8   PIP_F_give
80891eb8   PIP_F_probe
80891f88   PIP_F_start
80891e40   PIP_F_take
00000064   PIP_OBJSIZE
00000000   PIP_gNextId
00000002   PIP_gNumEmbed
00000000   POOL$
00000000   POOL_USEPOOL
00000001   PRD$
10800000   PRD_A_TABBEG
10800000   PRD_A_TABEND
00000000   PRD_A_TABLEN
80899dcc   PRD_D_cur
80899dd0   PRD_D_elapsed
80899dd4   PRD_D_prevtim
80899dd8   PRD_D_scalar
80899ddc   PRD_D_swihandle
80899de0   PRD_D_tabbeg
80899de4   PRD_D_tablen
80899de8   PRD_D_thook
80899dc8   PRD_D_tick
808902c0   PRD_F_swi
80890544   PRD_F_tick
00004000   PRD_SCALAR
00000000   PRD_SWIHANDLE
80891e2c   PRD_THOOKFXN
10801af8   PRD_clock
00000001   QUE$
80899dec   RTA_D_fromHost
80899df4   RTA_D_logval
80899e04   RTA_D_stsval
80899df0   RTA_D_toHost
80894340   RTA_F_andn
80890c60   RTA_F_dispatch
80890b80   RTA_F_getlog
80890bb8   RTA_F_getsts
80894358   RTA_F_or
80890bf8   RTA_F_readblk
80890c20   RTA_F_resetmem
80890c14   RTA_F_writeword
108020f8   RTA_dispatcher
10802430   RTA_dispatcher$
80890cac   RTA_execute
10802394   RTA_fromHost
108020e0   RTA_fromHost$buf
00000004   RTA_fromHost$framesize
00000000   RTA_fromHost$hst
00000001   RTA_fromHost$id
00000000   RTA_fromHost$mode
10802200   RTA_fromHost$pipe
10802230   RTA_fromHost$pipe$aaa
10802260   RTA_fromHost$pipe$bbb
80899c5c   RTA_fromHost$pipe$dtab
10802204   RTA_fromHost$pipe$rd
10802234   RTA_fromHost$pipe$wr
1080239c   RTA_fromHost$rtdx
108023b0   RTA_toHost
10801fe0   RTA_toHost$buf
00000040   RTA_toHost$framesize
00000000   RTA_toHost$hst
00000000   RTA_toHost$id
00000001   RTA_toHost$mode
10802264   RTA_toHost$pipe
10802294   RTA_toHost$pipe$aaa
108022c4   RTA_toHost$pipe$bbb
80899c68   RTA_toHost$pipe$dtab
10802268   RTA_toHost$pipe$rd
10802298   RTA_toHost$pipe$wr
108023b8   RTA_toHost$rtdx
00000001   RTDX$
00000408   RTDX_BUFMEMSIZE
ffffffff   RTDX_DATAMEMSEG
00000000   RTDX_MODE
00000001   RTDX_NORMALIZED_HDR
00000001   RTDX_USERTDX
00000000   RTDX_USERTEXECUTION
00000001   SEM$
00000000   SIO$
ffffffff   SRAM
00000001   STS$
108022c8   STS_A_TABBEG
10802338   STS_A_TABEND
808940ac   STS_F_add
80894080   STS_F_delta
808940c8   STS_F_reset
00000001   SWI$
108023fc   SWI_A_TABBEG
10802428   SWI_A_TABEND
00000001   SWI_A_TABLEN
80899e60   SWI_D_curfxn
80899e50   SWI_D_curmask
80899e5c   SWI_D_curmbox
80899e54   SWI_D_curset
80899e4c   SWI_D_execaddr
80899e68   SWI_D_inswi
80899e58   SWI_D_lock
80899e64   SWI_D_rdybeg
80899e6c   SWI_D_rdytab
80899e48   SWI_D_runaddr
00000000   SWI_EHOOKFXN
8088ffe4   SWI_EXECFXN
8088fe00   SWI_F_enable
8088ffe4   SWI_F_exec
8089000c   SWI_F_iexec
8088fe70   SWI_F_post
8089008c   SWI_F_run
00000000   SWI_IHOOKFXN
8089008c   SWI_RUNFXN
00000001   SYS$
8089ae3c   SYS$config
80894380   SYS_ABORTFXN
808944c0   SYS_ERRORFXN
808944e0   SYS_EXITFXN
80894140   SYS_PUTCFXN
8089ae5c   TRC_R_mask
8089ae58   TRC_cinit
00000001   TSK$
10801ecc   TSK_ALIVE
00000003   TSK_ALIVE$ord
00000001   TSK_ALIVE$pri
108004f8   TSK_ALIVE$stack
10800890   TSK_ALIVE$stkptr
108022fc   TSK_ALIVE$sts
8089989f   TSK_ALIVE$sts$avgfmt
00000002   TSK_ALIVE$sts$filter
00000001   TSK_ALIVE$sts$filtmaxmult
00000001   TSK_ALIVE$sts$filtsummult
8089988f   TSK_ALIVE$sts$maxfmt
108022f8   TSK_ALIVE$sts$stsobj
80899897   TSK_ALIVE$sts$sumfmt
00000000   TSK_ALIVE$sts$unittype
00000000   TSK_ALIVE$tsk
10801e0c   TSK_AUDIO
00000001   TSK_AUDIO$ord
00000002   TSK_AUDIO$pri
108008f8   TSK_AUDIO$stack
10800c90   TSK_AUDIO$stkptr
108022dc   TSK_AUDIO$sts
8089986b   TSK_AUDIO$sts$avgfmt
00000002   TSK_AUDIO$sts$filter
00000001   TSK_AUDIO$sts$filtmaxmult
00000001   TSK_AUDIO$sts$filtsummult
8089985b   TSK_AUDIO$sts$maxfmt
108022d8   TSK_AUDIO$sts$stsobj
80899863   TSK_AUDIO$sts$sumfmt
00000000   TSK_AUDIO$sts$unittype
00000000   TSK_AUDIO$tsk
00000000   TSK_NUM_HOOKS
00000001   TSK_PRIORITY
00000000   TSK_READYFXN
10801f2c   TSK_SETDELAY
00000004   TSK_SETDELAY$ord
00000001   TSK_SETDELAY$pri
10800cf8   TSK_SETDELAY$stack
10801090   TSK_SETDELAY$stkptr
1080230c   TSK_SETDELAY$sts
808998b9   TSK_SETDELAY$sts$avgfmt
00000002   TSK_SETDELAY$sts$filter
00000001   TSK_SETDELAY$sts$filtmaxmult
00000001   TSK_SETDELAY$sts$filtsummult
808998a9   TSK_SETDELAY$sts$maxfmt
10802308   TSK_SETDELAY$sts$stsobj
808998b1   TSK_SETDELAY$sts$sumfmt
00000000   TSK_SETDELAY$sts$unittype
00000000   TSK_SETDELAY$tsk
10801f8c   TSK_SETMODE
00000005   TSK_SETMODE$ord
00000001   TSK_SETMODE$pri
108010f8   TSK_SETMODE$stack
10801490   TSK_SETMODE$stkptr
1080231c   TSK_SETMODE$sts
808998d3   TSK_SETMODE$sts$avgfmt
00000002   TSK_SETMODE$sts$filter
00000001   TSK_SETMODE$sts$filtmaxmult
00000001   TSK_SETMODE$sts$filtsummult
808998c3   TSK_SETMODE$sts$maxfmt
10802318   TSK_SETMODE$sts$stsobj
808998cb   TSK_SETMODE$sts$sumfmt
00000000   TSK_SETMODE$sts$unittype
00000000   TSK_SETMODE$tsk
00000000   TSK_STACKSEG
00000400   TSK_STACKSIZE
00000000   TSK_SWITCHFXN
80894400   TSK_VCREATEFXN
80894400   TSK_VDELETEFXN
80894400   TSK_VEXITFXN
10801e6c   TSK_idle
00000002   TSK_idle$ord
00000000   TSK_idle$pri
108014f8   TSK_idle$stack
10801890   TSK_idle$stkptr
108022ec   TSK_idle$sts
80899885   TSK_idle$sts$avgfmt
00000002   TSK_idle$sts$filter
00000001   TSK_idle$sts$filtmaxmult
00000001   TSK_idle$sts$filtsummult
80899875   TSK_idle$sts$maxfmt
108022e8   TSK_idle$sts$stsobj
8089987d   TSK_idle$sts$sumfmt
00000000   TSK_idle$sts$unittype
00000000   TSK_idle$tsk
00000001   UDEV$
8089ae24   UDEV_I2C0$device
8089ae18   UDEV_I2C0$obj
8089ae00   UDEV_udevCodec$device
8089adf4   UDEV_udevCodec$obj
80893800   _ATM_andi
80893800   _ATM_andu
80893810   _ATM_cleari
80893810   _ATM_clearu
80893820   _ATM_deci
80893820   _ATM_decu
80893830   _ATM_inci
80893830   _ATM_incu
80893844   _ATM_ori
80893844   _ATM_oru
80893854   _ATM_seti
80893854   _ATM_setu
80894400   _BCACHE_bootInit
80892db4   _BCACHE_getMar
80892d64   _BCACHE_getSize
80892534   _BCACHE_inv
80892d34   _BCACHE_setCacheToSram
80892ce4   _BCACHE_setMar
80892ca0   _BCACHE_setSize
80893c80   _BCACHE_wait
80892524   _BCACHE_wb
80892510   _BCACHE_wbInv
8088d424   _BIOS_OsGetOsTicksPerMSecs
8089a0c0   _BIOS_init
8089a340   _BIOS_start
8089422c   _C62_clearIFR
80894200   _C62_disableIER
80894218   _C62_enableIER
8089422c   _C64_clearIFR
80894200   _C64_disableIER
80894218   _C64_enableIER
ffffffff   _CACHE_L1D
ffffffff   _CACHE_L1P
00091050   _CLK_COUNTSPMS
8089a06c   _CLK_DFLTMICROSECS
80899dc4   _CLK_D_countspms
80899db8   _CLK_D_dirty
8089a070   _CLK_D_microseconds
80899dbc   _CLK_D_prd
80899dc0   _CLK_D_tddr
80892850   _CLK_F_itime
00006978   _CLK_PRD
01c21800   _CLK_REGS
00000000   _CLK_TDDR
00000001   _CLK_TIMERNUM
00000001   _CLK_USETIMER
808943c0   _CLK_countspms
8089a5a0   _CLK_enableTimer
80894500   _CLK_gethtime
808943e0   _CLK_getprd
80899da8   _CLK_htimeDiv
80899dac   _CLK_htimeMult
80899f4c   _CLK_htimePerLtime
80866d94   _CLK_inputClock
80892850   _CLK_itime
80899db0   _CLK_ltimeDiv
80899db4   _CLK_ltimeMult
808941a0   _CLK_measure
8087f214   _DDC_i2cTransfer
80899c58   _DDR2
80000000   _DDR2_base
00800000   _DDR2_length
80867250   _DEV_D_devinit
80899c74   _DEV_devinit
8089a480   _DEV_init
80893540   _DEV_match
80867228   _ECM_ATTRS
80894240   _ECM_disableEvent
80893260   _ECM_dispatch
80893e40   _ECM_dispatchPlug
80899854   _ECM_dispatchTab
80894280   _ECM_enableEvent
808705c4   _EDMA3_DRV_chainChannel
808722e4   _EDMA3_DRV_checkAndClearTcc
8086f1d0   _EDMA3_DRV_clearErrorBits
8086e3cc   _EDMA3_DRV_close
8086d9e0   _EDMA3_DRV_create
8086dfa4   _EDMA3_DRV_delete
80870c18   _EDMA3_DRV_disableTransfer
808708c8   _EDMA3_DRV_enableTransfer
8086ee90   _EDMA3_DRV_freeChannel
808720f8   _EDMA3_DRV_getCCRegister
80871f0c   _EDMA3_DRV_getMapChToEvtQ
8086f948   _EDMA3_DRV_getOptField
80871230   _EDMA3_DRV_getPaRAM
80871410   _EDMA3_DRV_getPaRAMEntry
808719b4   _EDMA3_DRV_getPaRAMField
80872430   _EDMA3_DRV_getPaRAMPhyAddr
8086f3a8   _EDMA3_DRV_linkChannel
80871e84   _EDMA3_DRV_mapChToEvtQ
8086e0ec   _EDMA3_DRV_open
8086e514   _EDMA3_DRV_requestChannel
80872030   _EDMA3_DRV_setCCRegister
80870224   _EDMA3_DRV_setDestIndex
8086fde0   _EDMA3_DRV_setDestParams
80871d10   _EDMA3_DRV_setEvtQPriority
8086f6a4   _EDMA3_DRV_setOptField
80871148   _EDMA3_DRV_setPaRAM
80871314   _EDMA3_DRV_setPaRAMEntry
80871518   _EDMA3_DRV_setPaRAMField
80871038   _EDMA3_DRV_setQdmaTrigWord
80870090   _EDMA3_DRV_setSrcIndex
8086fb30   _EDMA3_DRV_setSrcParams
808703b0   _EDMA3_DRV_setTransferParams
808707c0   _EDMA3_DRV_unchainChannel
8086f5a0   _EDMA3_DRV_unlinkChannel
80872194   _EDMA3_DRV_waitAndClearTcc
80879724   _EDMA3_RM_allocContiguousResource
80877fa0   _EDMA3_RM_allocResource
80879cb8   _EDMA3_RM_checkAndClearTcc
80877da4   _EDMA3_RM_close
808773e0   _EDMA3_RM_create
80877778   _EDMA3_RM_delete
808798b4   _EDMA3_RM_freeContiguousResource
80878b8c   _EDMA3_RM_freeResource
80879ad4   _EDMA3_RM_getCCRegister
808790ec   _EDMA3_RM_mapEdmaChannel
808791e8   _EDMA3_RM_mapQdmaChannel
808778c8   _EDMA3_RM_open
80879368   _EDMA3_RM_registerTccCb
80879a0c   _EDMA3_RM_setCCRegister
80879548   _EDMA3_RM_unregisterTccCb
80879b70   _EDMA3_RM_waitAndClearTcc
0000000a   _EVENT10
00000064   _EVENT100
00000065   _EVENT101
00000066   _EVENT102
00000067   _EVENT103
00000068   _EVENT104
00000069   _EVENT105
0000006a   _EVENT106
0000006b   _EVENT107
0000006c   _EVENT108
0000006d   _EVENT109
0000000b   _EVENT11
0000006e   _EVENT110
0000006f   _EVENT111
00000070   _EVENT112
00000071   _EVENT113
00000072   _EVENT114
00000073   _EVENT115
00000074   _EVENT116
00000075   _EVENT117
00000076   _EVENT118
00000077   _EVENT119
0000000c   _EVENT12
00000078   _EVENT120
00000079   _EVENT121
0000007a   _EVENT122
0000007b   _EVENT123
0000007c   _EVENT124
0000007d   _EVENT125
0000007e   _EVENT126
0000007f   _EVENT127
0000000d   _EVENT13
0000000e   _EVENT14
0000000f   _EVENT15
00000010   _EVENT16
00000011   _EVENT17
00000012   _EVENT18
00000013   _EVENT19
00000014   _EVENT20
00000015   _EVENT21
00000016   _EVENT22
00000017   _EVENT23
00000018   _EVENT24
00000019   _EVENT25
0000001a   _EVENT26
0000001b   _EVENT27
0000001c   _EVENT28
0000001d   _EVENT29
0000001e   _EVENT30
0000001f   _EVENT31
00000020   _EVENT32
00000021   _EVENT33
00000022   _EVENT34
00000023   _EVENT35
00000024   _EVENT36
00000025   _EVENT37
00000026   _EVENT38
00000027   _EVENT39
00000004   _EVENT4
00000028   _EVENT40
00000029   _EVENT41
0000002a   _EVENT42
0000002b   _EVENT43
0000002c   _EVENT44
0000002d   _EVENT45
0000002e   _EVENT46
0000002f   _EVENT47
00000030   _EVENT48
00000031   _EVENT49
00000005   _EVENT5
00000032   _EVENT50
00000033   _EVENT51
00000034   _EVENT52
00000035   _EVENT53
00000036   _EVENT54
00000037   _EVENT55
00000038   _EVENT56
00000039   _EVENT57
0000003a   _EVENT58
0000003b   _EVENT59
00000006   _EVENT6
0000003c   _EVENT60
0000003d   _EVENT61
0000003e   _EVENT62
0000003f   _EVENT63
00000040   _EVENT64
00000041   _EVENT65
00000042   _EVENT66
00000043   _EVENT67
00000044   _EVENT68
00000045   _EVENT69
00000007   _EVENT7
00000046   _EVENT70
00000047   _EVENT71
00000048   _EVENT72
00000049   _EVENT73
0000004a   _EVENT74
0000004b   _EVENT75
0000004c   _EVENT76
0000004d   _EVENT77
0000004e   _EVENT78
0000004f   _EVENT79
00000008   _EVENT8
00000050   _EVENT80
00000051   _EVENT81
00000052   _EVENT82
00000053   _EVENT83
00000054   _EVENT84
00000055   _EVENT85
00000056   _EVENT86
00000057   _EVENT87
00000058   _EVENT88
00000059   _EVENT89
00000009   _EVENT9
0000005a   _EVENT90
0000005b   _EVENT91
0000005c   _EVENT92
0000005d   _EVENT93
0000005e   _EVENT94
0000005f   _EVENT95
00000060   _EVENT96
00000061   _EVENT97
00000062   _EVENT98
00000063   _EVENT99
8088b500   _EVMDM6437_DDR_init
8088df0c   _EVMDM6437_DIP_get
8088df00   _EVMDM6437_DIP_init
808660f8   _EVMDM6437_EDMA_AIC33_FXNS
80881a78   _EVMDM6437_EDMA_AIC33_init0
80881b30   _EVMDM6437_EDMA_AIC33_init1
80888778   _EVMDM6437_FLASH_getTotalPages
8088bae0   _EVMDM6437_FLASH_init
8088b2e4   _EVMDM6437_GPIO_getInput
8088b1a0   _EVMDM6437_GPIO_init
8088b1b4   _EVMDM6437_GPIO_setDir
8088b254   _EVMDM6437_GPIO_setOutput
8088afa0   _EVMDM6437_I2C_GPIO_checkIntr
8088af14   _EVMDM6437_I2C_GPIO_getInput
8088ae18   _EVMDM6437_I2C_GPIO_getall
8088ae00   _EVMDM6437_I2C_GPIO_init
8088ae64   _EVMDM6437_I2C_GPIO_setOutput
8088ae40   _EVMDM6437_I2C_GPIO_setall
8088af68   _EVMDM6437_I2C_GPIO_setupIntr
8088afb0   _EVMDM6437_I2C_GPIO_waitForIntr
80889920   _EVMDM6437_I2C_close
808898e0   _EVMDM6437_I2C_init
80889a40   _EVMDM6437_I2C_read
80889934   _EVMDM6437_I2C_reset
80889948   _EVMDM6437_I2C_write
8088ac00   _EVMDM6437_LED_init
8088aca0   _EVMDM6437_LED_off
8088ac10   _EVMDM6437_LED_on
8088ad2c   _EVMDM6437_LED_toggle
80889e30   _EVMDM6437_PSC_changeState
80889d80   _EVMDM6437_PSC_enableAll
808865e0   _EVMDM6437_enablePll1
808867f0   _EVMDM6437_enablePll2
808876e0   _EVMDM6437_init
80887680   _EVMDM6437_startupGEL
8088f8f0   _EXC_clearLastStatus
80891a80   _EXC_dispatch
8088f774   _EXC_exceptionHandler
80899fd8   _EXC_exceptionHook
8088f740   _EXC_external
80899fe0   _EXC_externalHook
8088f720   _EXC_getLastStatus
8088f6e0   _EXC_init
8088f434   _EXC_internal
80899fdc   _EXC_internalHook
8088f400   _EXC_nmi
80899fe4   _EXC_nmiHook
80899f58   _EXC_returnPtr
80891c44   _EXC_setReturnPtr
808671ec   _EXC_status
80899f50   _EXC_sysTrapTable
80887f0c   _Edma3_CacheFlush
80887eec   _Edma3_CacheInvalidate
80894400   _FXN_F_nop
80893ea4   _FXN_F_run
80893ee0   _FXN_F_zero
00000000   _GBL_CACHE
80892e44   _GBL_cacheInit64P
80899e20   _GBL_clkIn
80899e24   _GBL_freq
80894420   _GBL_getVersion
80899e1c   _GBL_procId
80899c54   _GIO
80867230   _GIO_ATTRS
80890640   _GIO_create
80893360   _GIO_delete
8089a840   _GIO_init
80892020   _GIO_submit
8088d480   _HOSTclose
8088c1e0   _HOSTlseek
8088c6e0   _HOSTopen
8088cd00   _HOSTread
8088b6a0   _HOSTrename
8088cdc0   _HOSTunlink
8088ce80   _HOSTwrite
80898000   _HSRTDX_rec
80898760   _HSRTDX_xmt
10802390   _HST_A_TABBEG
108023cc   _HST_A_TABEND
00009f88   _HWI_CFGDISPATCHED
80899fb4   _HWI_D_inhwi
80899fa8   _HWI_D_spsave
8088f920   _HWI_F_dispatch
0000000a   _HWI_INT10
0000000b   _HWI_INT11
0000000c   _HWI_INT12
0000000d   _HWI_INT13
0000000e   _HWI_INT14
0000000f   _HWI_INT15
00000004   _HWI_INT4
00000005   _HWI_INT5
[...]
808720f8   _EDMA3_DRV_getCCRegister
80872194   _EDMA3_DRV_waitAndClearTcc
808722e4   _EDMA3_DRV_checkAndClearTcc
80872430   _EDMA3_DRV_getPaRAMPhyAddr
80872d60   _PSP_mcbspInit
80872db0   _PSP_mcbspCreate
808730e0   _PSP_mcbspDelete
80873188   _PSP_mcbspOpen
80873954   _PSP_mcbspClose
80873b84   _PSP_mcbspWrite
80873c08   _PSP_mcbspRead
80873c8c   _PSP_mcbspFlushRequests
80873d90   _PSP_mcbspAbortRequests
80874198   _PSP_mcbspIoctl
80877254   _ddc_mcbspISR
808773e0   _EDMA3_RM_create
80877778   _EDMA3_RM_delete
808778c8   _EDMA3_RM_open
80877da4   _EDMA3_RM_close
80877fa0   _EDMA3_RM_allocResource
80878b8c   _EDMA3_RM_freeResource
808790ec   _EDMA3_RM_mapEdmaChannel
808791e8   _EDMA3_RM_mapQdmaChannel
80879368   _EDMA3_RM_registerTccCb
80879548   _EDMA3_RM_unregisterTccCb
80879724   _EDMA3_RM_allocContiguousResource
808798b4   _EDMA3_RM_freeContiguousResource
80879a0c   _EDMA3_RM_setCCRegister
80879ad4   _EDMA3_RM_getCCRegister
80879b70   _EDMA3_RM_waitAndClearTcc
80879cb8   _EDMA3_RM_checkAndClearTcc
8087a058   _lisrEdma3ComplHandler0
8087a64c   _lisrEdma3CCErrHandler0
8087aad4   _lisrEdma3TC0ErrHandler0
8087aaf0   _lisrEdma3TC1ErrHandler0
8087ab0c   _lisrEdma3TC2ErrHandler0
8087ab28   _lisrEdma3TC3ErrHandler0
8087ab44   _lisrEdma3TC4ErrHandler0
8087ab60   _lisrEdma3TC5ErrHandler0
8087ab78   _lisrEdma3TC6ErrHandler0
8087ab94   _lisrEdma3TC7ErrHandler0
8087b08c   _edma3MemSet
8087b0f4   _edma3MemCpy
8087b918   _LLC_mcaspConfigAudioMute
8087b958   _LLC_mcaspConfigLoopBack
8087bd74   _LLC_mcaspConfigXmtSection
8087c048   _LLC_mcaspConfigRcvSection
8087c310   _LLC_mcaspSetSerXmt
8087c4c0   _LLC_mcaspSetSerRcv
8087c638   _LLC_mcaspWriteChanStatRam
8087c7a4   _LLC_mcaspWriteUserDataRam
8087c918   _LLC_mcaspResetXmt
8087c9d4   _LLC_mcaspResetRcv
8087caa0   _LLC_mcaspResetSmFsXmt
8087cb0c   _LLC_mcaspResetSmFsRcv
8087cb80   _LLC_mcaspActivateXmtClkSer
8087cca8   _LLC_mcaspActivateRcvClkSer
8087cdc0   _LLC_mcaspSetDitMode
8087cea8   _LLC_mcaspActivateClkRcvXmt
8087d018   _LLC_mcaspWrite
8087d0f4   _LLC_mcaspRead
8087d1d0   _LLC_mcaspRegReset
8087d428   _LLC_mcaspOpen
8087d56c   _LLC_mcaspInit
8087d590   _LLC_mcaspHwSetup
8087d948   _LLC_mcaspGetHwStatus
8087dcc0   _LLC_mcaspClose
8087dd28   _LLC_mcaspConfigGpio
8087dd74   _LLC_mcaspReadXmtConfig
8087ded8   _LLC_mcaspReadRcvConfig
8087e040   _PSP_i2cCreate
8087e314   _PSP_i2cDelete
8087e3e0   _PSP_i2cOpen
8087e700   _PSP_i2cClose
8087e878   _PSP_i2cTransfer
8087ea08   __DDC_i2cIntrHandler
8087ecc4   _PSP_i2cTransferMultiple
8087ee28   _PSP_i2cIoctl
8087f214   _DDC_i2cTransfer
8087f7d4   _i2cCalculateClockSettings
8087f8b0   _i2c_cancelIO
8087fab4   _aic33_sampleRateControl
80880304   _aic33Codec_config
80880a40   _aic33_inGainControl
80880b38   _aic33_outGainControl
80880c0c   _aic33_closeCodec
80880c40   _writeToIOExpander
80881a78   _EVMDM6437_EDMA_AIC33_init0
80881b30   _EVMDM6437_EDMA_AIC33_init1
80882400   _LLC_mcbspInit
80882414   _LLC_mcbspGetBaseAddress
808824a0   _LLC_mcbspOpen
808825e0   _LLC_mcbspClose
80882634   _LLC_mcbspHwControl
808826ec   _LLC_mcbspHwSetupRaw
808827b0   _LLC_mcbspHwSetup
80882dcc   _LLC_mcbspRcvConfigWordLength
80882f54   _LLC_mcbspXmtConfigWordLength
808836f8   _MCASP_IOM_init
808838a4   __DDA_McASP_RegisterInt
80883958   __DDA_McASP_UnRegisterInt
80883f10   _MCBSP_IOM_init
808840ec   __DDA_McBSP_RegisterInt
808841a4   __DDA_McBSP_UnRegisterInt
80884200   _PAL_osListAppend
80884298   _PAL_osListRemoveHead
808842f8   _PAL_osListInsert
80884390   _PAL_osListRemove
80884474   _PAL_osListPrepend
80884520   _PAL_osListEnqueue
808845b0   _PAL_osListDequeue
80884628   _PAL_osListIsEmpty
80884680   _PAL_osList_NP_Append
808846f0   _PAL_osList_NP_RemoveHead
80884738   _PAL_osList_NP_Insert
808847b8   _PAL_osList_NP_Remove
80884888   _PAL_osList_NP_Prepend
80884918   _PAL_osList_NP_Enqueue
80884984   _PAL_osList_NP_Dequeue
808849e4   _PAL_osList_NP_IsEmpty
80884a40   _i2c_mdBindDev
80884c30   _i2c_mdCreateChan
80884df0   _i2c_mdSubmitChan
80884fd4   _i2c_mdControlChan
80885064   _i2c_mdUnBindDev
808850f0   _i2c_mdDeleteChan
80885780   __divd
80885cc0   _main
80885d34   _audiotTask
80885e4c   _setDelayTask
80885ee8   _setModeTask
80886128   _alive
80886160   _audioLoopback
80886180   _fonctionDelay
808862a4   _fonctionReverb
808863f8   _autoGainControl
80886510   _movePointer
80886538   _getProcess
80886598   _audioProcess
808865e0   _EVMDM6437_enablePll1
808867f0   _EVMDM6437_enablePll2
80886a60   __printfi
808872e0   _fputs
80887680   _EVMDM6437_startupGEL
808876e0   _EVMDM6437_init
80887700   __setupPinMux
80887738   __setPinMux
80887780   __clrPinMux
808877c4   __resetEMIF
808878c4   __setupEMIF
808879ac   __wait
808879e0   __waitusec
80887d40   _edma3OsProtectEntry
80887df8   _edma3OsProtectExit
80887e90   _edma3OsWaitMsecs
80887eec   _Edma3_CacheInvalidate
80887f0c   _Edma3_CacheFlush
80887f2c   _edma3OsSemCreate
80887f8c   _edma3OsSemDelete
80887fc8   _edma3OsSemTake
80888024   _edma3OsSemGive
80888660   __FLASH_getId
80888764   __FLASH_getMfg
80888778   _EVMDM6437_FLASH_getTotalPages
808888b8   __FLASH_getPageLength
808888c4   __FLASH_nextPage
80888c20   _edma3init
80888df0   _edma3deinit
80889180   _PAL_osMemInit
80889194   _PAL_osMemSegDefine
8088920c   _PAL_osMemSegUndefine
80889224   _PAL_osMemAlloc
80889278   _PAL_osMemFree
808892d0   _PAL_osMemCopy
8088934c   _PAL_osMemSet
808893a8   _PAL_osMemLock
808893c4   _PAL_osMemUnlock
808893e0   _PAL_osMemVirt2Phy
808893f0   _PAL_osMemPhy2Virt
80889404   _PAL_osMemReport
80889420   __divull
80889680   __mpyd
808898e0   _EVMDM6437_I2C_init
80889920   _EVMDM6437_I2C_close
80889934   _EVMDM6437_I2C_reset
80889948   _EVMDM6437_I2C_write
80889a40   _EVMDM6437_I2C_read
80889d80   _EVMDM6437_PSC_enableAll
80889e30   _EVMDM6437_PSC_changeState
8088a1e0   _fputc
8088a1e0   _putc
8088a400   __addd
8088a600   __frcaddd
8088aa00   _setvbuf
8088ac00   _EVMDM6437_LED_init
8088ac10   _EVMDM6437_LED_on
8088aca0   _EVMDM6437_LED_off
8088ad2c   _EVMDM6437_LED_toggle
8088ae00   _EVMDM6437_I2C_GPIO_init
8088ae18   _EVMDM6437_I2C_GPIO_getall
8088ae40   _EVMDM6437_I2C_GPIO_setall
8088ae64   _EVMDM6437_I2C_GPIO_setOutput
8088af14   _EVMDM6437_I2C_GPIO_getInput
8088af68   _EVMDM6437_I2C_GPIO_setupIntr
8088afa0   _EVMDM6437_I2C_GPIO_checkIntr
8088afb0   _EVMDM6437_I2C_GPIO_waitForIntr
8088b1a0   _EVMDM6437_GPIO_init
8088b1b4   _EVMDM6437_GPIO_setDir
8088b254   _EVMDM6437_GPIO_setOutput
8088b2e4   _EVMDM6437_GPIO_getInput
8088b360   __divul
8088b500   _EVMDM6437_DDR_init
8088b6a0   _HOSTrename
8088b820   __DDA_i2cRegisterIntrHandler
8088b8f0   __DDA_i2cUnregisterIntrHandler
8088b960   __DDA_i2cSleep
8088b970   __DDA_i2cOsGetTicks
8088bae0   _EVMDM6437_FLASH_init
8088bb2c   __FLASH_waitWhileErasing
8088bb98   __FLASH_waitWhileProgramming
8088bc6c   _PAL_osCacheFlush
8088bc94   _PAL_osCacheInvalidate
8088bcc0   _PAL_osCacheFlushAndInvalidate
8088bce8   _PAL_osCacheSetCacheLineLength
8088bd0c   _PAL_osCacheGetCacheLineLength
8088bd24   _PSP_cacheDrainWriteBuffer
8088bd60   __closefile
8088c0c0   _fseek
8088c1e0   _HOSTlseek
8088c2e0   __frcmpyd
8088c3e0   __wrt_ok
8088c4e0   _call_dtors
8088c5e0   _PAL_osSemCreate
8088c638   _PAL_osSemDelete
8088c660   _PAL_osSemTake
8088c6a4   _PAL_osSemGive
8088c6e0   _HOSTopen
8088c7c0   __cmpd
8088c8a0   __c6xabi_divi
8088c8a0   __divi
8088c980   _atoi
8088ca60   _close
8088cb40   _memset
8088cc20   _printf
8088cd00   _HOSTread
8088cdc0   _HOSTunlink
8088ce80   _HOSTwrite
8088d000   __c6xabi_divu
8088d000   __divu
8088d0c0   __doflush
8088d180   _atexit
8088d240   _ltoa
8088d3c0   _PAL_osWaitMsecs
8088d424   _BIOS_OsGetOsTicksPerMSecs
8088d480   _HOSTclose
8088d520   __cleanup
8088d5c0   __divli
8088d7a0   __fixdli
8088d8e0   __c6xabi_remu
8088d8e0   __remu
8088da20   _lseek
8088dac0   _memcpy
8088db60   _write
8088dc00   __fixdi
8088dc80   __fltlid
8088dd00   __llshl
8088dd80   __renormd
8088de00   _readmsg
8088de80   _unlink
8088df00   _EVMDM6437_DIP_init
8088df0c   _EVMDM6437_DIP_get
8088df80   _PAL_osProtectEntry
8088dfc0   _PAL_osProtectExit
8088e000   __subcull
8088e060   _memccpy
8088e0c0   _strcpy
8088e120   _writemsg
8088e178   C$$IO$$
8088e180   ___add_dtor
8088e1c0   ___isinf
8088e240   __frcmpyd_div
8088e280   __llshru
8088e2c0   __negd
8088e300   __remli
8088e340   __c6xabi_strasgi_64plus
8088e340   __strasgi_64plus
8088e380   __subd
8088e3c0   _PAL_osEvtEnable
8088e3d0   _PAL_osEvtDisable
8088e400   __negll
8088e420   __nop
8088e480   __register_lock
8088e4a0   __register_unlock
8088e4c0   _remove
8088e880   ___etext__
8088e880   etext
8088e980   _SYS_vsprintf
8088edb4   _SYS_vprintf
8088edc4   _SYS_sprintf
8088edf0   _SYS_printf
8088ee40   LNK_F_checkBufferCall
8088ee60   LNK_F_getChanPtr
8088eeb8   LNK_F_init
8088eec0   LNK_F_dataPump
8088eed0   LNK_rcloop
8088ef94   LNK_rdrtry
8088efa4   LNK_rrloop
8088f064   LNK_wrrtry
8088f070   LNK_wrloop
8088f140   LNK_newin
8088f274   LNK_newout
8088f3c8   LNK_F_readCallBack
8088f400   _EXC_nmi
8088f434   _EXC_internal
8088f6e0   _EXC_init
8088f720   _EXC_getLastStatus
8088f740   _EXC_external
8088f774   _EXC_exceptionHandler
8088f8f0   _EXC_clearLastStatus
8088f920   CLK_HOOKFXN
8088f920   HWI_F_dispatch
8088f920   _HWI_F_dispatch
8088f920   __HWI_lat1beg
8088faa8   __HWI_lat1end
8088faa8   __HWI_lat2beg
8088fc10   __HWI_lat2end2
8088fc40   __HWI_lat3end2
8088fc84   __HWI_lat2end1
8088fca0   __HWI_lat3beg
8088fe00   SWI_F_enable
8088fe00   __SWI_lat3beg
8088fe6c   __SWI_lat3end
8088fe70   SWI_F_post
8088fe70   _SWI_post
8088ff78   __SWI_lat1beg
8088ffe4   SWI_EXECFXN
8088ffe4   SWI_F_exec
8089000c   SWI_F_iexec
80890024   __SWI_lat1end
80890028   __SWI_lat2beg
80890088   __SWI_lat2end
8089008c   SWI_F_run
8089008c   SWI_RUNFXN
808902c0   PRD_F_swi
80890544   PRD_F_tick
80890640   _GIO_create
808908e0   _free
80890908   _malloc
8089096c   _realloc
80890a38   _memalign
80890b18   _calloc
80890b80   RTA_F_getlog
80890bb8   RTA_F_getsts
80890bf8   RTA_F_readblk
80890c14   RTA_F_writeword
80890c20   RTA_F_resetmem
80890c20   __RTA_lat1beg
80890c54   __RTA_lat1end
80890c60   RTA_F_dispatch
80890cac   RTA_execute
80890e00   _KNL_run
80891040   _MEM_define
80891280   _MEM_redefine
808914a0   _MEM_free
808916a0   _SEM_pendEnterKnl
808918a0   _MEM_alloc
80891a80   _EXC_dispatch
80891c44   _EXC_setReturnPtr
80891e2c   PRD_THOOKFXN
80891e2c   _KNL_tick
80891e40   PIP_F_take
80891eb8   PIP_F_give
80891eb8   PIP_F_probe
80891f88   PIP_F_start
80892020   _GIO_submit
808921e0   __SEM_dopost
80892510   _BCACHE_wbInv
80892524   _BCACHE_wb
80892534   _BCACHE_inv
80892560   _TSK_setup
80892700   CLK_F_getltime
80892710   CLK_F_isr
80892850   CLK_F_itime
80892850   _CLK_F_itime
80892850   _CLK_itime
80892870   __CLK_lat1beg
80892890   __CLK_lat1end
808928a0   _KNL_saveIsrFrame
8089294c   _KNL_switch
808929f8   KNL_glue
80892a20   __auto_init
80892b60   _TSK_exit
80892ca0   _BCACHE_setSize
80892ce4   _BCACHE_setMar
80892d34   _BCACHE_setCacheToSram
80892d64   _BCACHE_getSize
80892db4   _BCACHE_getMar
80892e44   _GBL_cacheInit64P
80892f00   _KNL_check
80892f4c   __KNL_lat1beg
80892fc8   _KNL_idle
80892fc8   __KNL_lat1end
80892ff0   _KNL_max
80893020   _MEM_undefine
808931e4   _TSK_startup
80893260   _ECM_dispatch
80893360   _GIO_delete
80893460   GIO_POSTFXN
80893460   _SEM_post
80893460   _SEM_postBinary
80893540   _DEV_match
80893600   _KNL_exit
80893640   _KNL_enter
808936c0   _SEM_postEnterKnl
80893760   _SYS_exit
80893800   _ATM_andi
80893800   _ATM_andu
80893810   _ATM_cleari
80893810   _ATM_clearu
80893820   _ATM_deci
80893820   _ATM_decu
80893830   _ATM_inci
80893830   _ATM_incu
80893844   _ATM_ori
80893844   _ATM_oru
80893854   _ATM_seti
80893854   _ATM_setu
80893880   __GIO_iomCallback
80893900   _KNL_ipost
80893980   _KNL_post
80893a00   _LCK_post
80893a20   _LCK_pend
80893a80   LOG_F_event
80893a80   _LOG_event
80893a80   __LOG_lat1beg
80893b00   _OBJ_create
80893b80   GIO_CREATEFXN
80893b80   _SEM_create
80893c00   _TSK_enable
80893c24   _TSK_disable
80893c80   _BCACHE_wait
80893d00   IDL_F_calibrate
80893d80   _MEM_valloc
80893de0   _SYS_error
80893e40   _ECM_dispatchPlug
80893ea0   FXN_F_nop
80893ea4   FXN_F_run
80893ea4   _FXN_F_run
80893ee0   FXN_F_zero
80893ee0   _FXN_F_zero
80893f00   _HWI_disable
80893f18   _HWI_enable
80893f2c   _HWI_restore
80893f60   IDL_F_busy
80893f60   __IDL_lat1beg
80893fa0   __IDL_lat1end
80893fc0   _OBJ_delete
80894020   GIO_PENDFXN
80894020   _SEM_pend
80894080   STS_F_delta
80894080   _STS_delta
808940ac   STS_F_add
808940ac   _STS_add
808940c8   STS_F_reset
808940c8   _STS_reset
808940e0   _SYS_abort
80894140   SYS_PUTCFXN
80894140   _UTL_doPutc
808941a0   _CLK_measure
80894200   _C62_disableIER
80894200   _C64_disableIER
80894218   _C62_enableIER
80894218   _C64_enableIER
8089422c   _C62_clearIFR
8089422c   _C64_clearIFR
80894240   _ECM_disableEvent
80894280   _ECM_enableEvent
808942c0   IDL_CALIBRFXN
808942c0   IDL_F_stub
80894300   _QUE_get
80894300   __QUE_lat1beg
80894320   __QUE_lat1end
80894328   _QUE_put
80894328   __QUE_lat2beg
80894334   __QUE_lat2end
80894340   RTA_F_andn
80894358   RTA_F_or
80894380   SYS_ABORTFXN
80894380   _UTL_doAbort
808943c0   _CLK_countspms
808943e0   _CLK_getprd
80894400   GBL_USERINITFXN
80894400   TSK_VCREATEFXN
80894400   TSK_VDELETEFXN
80894400   TSK_VEXITFXN
80894400   _BCACHE_bootInit
80894400   _FXN_F_nop
80894420   _GBL_getVersion
80894440   IDL_F_loop
80894440   _IDL_loop
80894460   _LOG_printf
80894480   GIO_DELETEFXN
80894480   _SEM_delete
808944a0   _STS_set
808944c0   SYS_ERRORFXN
808944c0   _UTL_doError
808944e0   SYS_EXITFXN
808944e0   _UTL_halt
80894500   CLK_F_gethtime
80894500   CLK_TIMEFXN
80894500   _CLK_gethtime
80894520   ___cinit__
80894520   cinit
80896ff8   GBL_stackbeg
80896ff8   _HWI_STKTOP
80896ff8   __stack
80897ff0   _HWI_STKBOTTOM
80897ff7   GBL_stackend
80897ff8   __STACK_END
80898000   _HSRTDX_rec
808982a0   _RTDX_Buffer_WriteCB
80898760   _HSRTDX_xmt
80898a60   _RTDX_Mon_Queue
80898cc0   _RTDX_Poll
80898d60   _RTDX_Final_RT_Monitor
80898de0   _RTDX_Buffer_Initialize
80898e40   _RTDX_Init_RT_Monitor
80898ea0   _RTDX_Buffer_ReadCB
80898ee0   _RTDX_Buffer_Size
80898f20   _RTDX_memfill
80898f60   _RTDX_Buffer_Read
80898f80   _RTDX_Buffer_Write
80898fa0   _RTDX_Mask_IER
808992b8   __ctypes_
80899841   KNL_swi$sts$maxfmt
80899848   $bss
80899848   .bss
80899848   _MEM_memtab
80899848   ___bss__
80899849   KNL_swi$sts$sumfmt
80899851   KNL_swi$sts$avgfmt
80899854   _ECM_dispatchTab
8089985b   TSK_AUDIO$sts$maxfmt
80899863   TSK_AUDIO$sts$sumfmt
8089986b   TSK_AUDIO$sts$avgfmt
80899875   TSK_idle$sts$maxfmt
8089987d   TSK_idle$sts$sumfmt
80899885   TSK_idle$sts$avgfmt
8089988f   TSK_ALIVE$sts$maxfmt
80899897   TSK_ALIVE$sts$sumfmt
8089989f   TSK_ALIVE$sts$avgfmt
808998a9   TSK_SETDELAY$sts$maxfmt
808998b1   TSK_SETDELAY$sts$sumfmt
808998b9   TSK_SETDELAY$sts$avgfmt
808998c3   TSK_SETMODE$sts$maxfmt
808998cb   TSK_SETMODE$sts$sumfmt
808998d3   TSK_SETMODE$sts$avgfmt
808998dd   IDL_busyObj$maxfmt
808998e0   IDL_busyObj$sumfmt
808998e3   IDL_busyObj$avgfmt
80899c54   _GIO
80899c58   DDR2
80899c58   MEM_MALLOCSEG
80899c58   MEM_SEGZERO
80899c58   _DDR2
80899c58   _SEG_DDR2
80899c5c   RTA_fromHost$pipe$dtab
80899c68   RTA_toHost$pipe$dtab
80899c74   _DEV_devinit
80899c78   __DEV_NUMINITFXNS
80899c7c   _HWI_dispatchTab
80899d7c   IDL_D_tabbeg
80899d80   IDL_D_calibrate
80899d84   IDL_D_calbeg
80899d88   LOG_D_system
80899d88   _LOG_D_system
80899d8c   PIP_D_tabbeg
80899d90   PIP_D_tablen
80899d94   CLK_R_time
80899d98   CLK_D_timefxn
80899d9c   CLK_D_tabbeg
80899da0   CLK_D_isrhook
80899da4   CLK_D_idletime
80899da8   _CLK_htimeDiv
80899dac   _CLK_htimeMult
80899db0   _CLK_ltimeDiv
80899db4   _CLK_ltimeMult
80899db8   _CLK_D_dirty
80899dbc   _CLK_D_prd
80899dc0   _CLK_D_tddr
80899dc4   _CLK_D_countspms
80899dc8   PRD_D_tick
80899dc8   _PRD_D_tick
80899dcc   PRD_D_cur
80899dd0   PRD_D_elapsed
80899dd4   PRD_D_prevtim
80899dd8   PRD_D_scalar
80899ddc   PRD_D_swihandle
80899de0   PRD_D_tabbeg
80899de4   PRD_D_tablen
80899de8   PRD_D_thook
80899dec   RTA_D_fromHost
80899df0   RTA_D_toHost
80899df4   RTA_D_logval
80899e04   RTA_D_stsval
80899e10   HST_D_chanmask
80899e14   HST_D_tabbeg
80899e18   HST_D_tabend
80899e1c   _GBL_procId
80899e20   _GBL_clkIn
80899e24   _GBL_freq
80899e28   _MEM_D_NUMSEGMENTS
80899e2c   _MEM_D_memtab
80899e30   _MEM_D_freelist
80899e34   _MEM_D_lockaddr
80899e38   _MEM_D_unlockaddr
80899e3c   _SYS
80899e40   __HOOK_knlId
80899e44   __HOOK_NUMHOOKS
80899e48   SWI_D_runaddr
80899e48   _SWI_D_runaddr
80899e48   _SWI_data
80899e4c   SWI_D_execaddr
80899e4c   _SWI_D_execaddr
80899e50   SWI_D_curmask
80899e50   _SWI_D_curmask
80899e54   SWI_D_curset
80899e54   _SWI_D_curset
80899e58   SWI_D_lock
80899e58   _SWI_D_lock
80899e5c   SWI_D_curmbox
80899e60   SWI_D_curfxn
80899e60   _SWI_D_curfxn
80899e64   SWI_D_rdybeg
80899e64   _SWI_D_rdybeg
80899e68   SWI_D_inswi
80899e68   _SWI_D_inswi
80899e6c   SWI_D_rdytab
80899ee4   _KNL_wFlag
80899ee8   _KNL_wList
80899eec   _KNL_alarm
80899ef0   _KNL_setpri
80899ef4   _KNL_inactive
80899ef8   _KNL_priority
80899efc   _KNL_set
80899f00   _KNL_curtask
80899f04   _KNL_prevtask
80899f08   _KNL_curtime
80899f0c   _KNL_swiptr
80899f10   _KNL_curqueue
80899f14   _KNL_maxqueue
80899f18   _KNL_tswitchfxn
80899f1c   _KNL_tcreatefxn
80899f20   _KNL_tdeletefxn
80899f24   _KNL_treadyfxn
80899f28   _KNL_idlefxn
80899f4c   _CLK_htimePerLtime
80899f50   _EXC_sysTrapTable
80899f58   _EXC_returnPtr
80899f70   _rxDone
80899f74   _txDone
80899f78   _inChan
80899f7c   _outChan
80899f80   _mode
80899f84   _pFonction
80899f88   _mDelay
80899fa8   HWI_D_spsave
80899fa8   _HWI_D_spsave
80899fa8   _HWI_data
80899fb4   _HWI_D_inhwi
80899fb8   HWI_D_bss
80899fbc   HWI_D_ccmask
80899fc0   LNK_dspFrameRequestMask
80899fc0   _LNK_dspFrameRequestMask
80899fc4   LNK_dspFrameReadyMask
80899fc4   _LNK_dspFrameReadyMask
80899fc8   LNK_readPend
80899fc8   _LNK_readPend
80899fcc   LNK_readDone
80899fcc   _LNK_readDone
80899fd0   LNK_readFail
80899fd0   _LNK_readFail
80899fd4   LNK_writeFail
80899fd4   _LNK_writeFail
80899fd8   _EXC_exceptionHook
80899fdc   _EXC_internalHook
80899fe0   _EXC_externalHook
80899fe4   _EXC_nmiHook
80899fe8   _numEdma3EvtQue
80899fec   _numEdma3Tc
80899ff0   _ccXferCompInt
80899ff4   _ccErrorInt
8089a020   _rtdxNullChanCnt
8089a024   _rtdxNullFuncCnt
8089a028   _rtdxXmtNotDoneCnt
8089a02c   _rtdxRecNotDoneCnt
8089a030   _rtdxXmtRestartCnt
8089a034   _rtdxXmtErrorCnt
8089a040   _edma3NumPaRAMSets
8089a048   _indiceWR
8089a04c   _indiceRD
8089a050   _thisDelay
8089a060   _TSK_nTasks
8089a064   _TSK_pid
8089a068   _TSK
8089a06c   _CLK_DFLTMICROSECS
8089a070   _CLK_D_microseconds
8089a074   _SYS_exitStackPtr
8089a078   _SYS_exitStackTop
8089a07c   _hEdma
8089a084   __DEV_D_NUMINITFXNS
8089a088   IDL_D_busyObj
8089a08c   _MEM
8089a090   _MEM_staticMemtab
8089a098   _i2c_timeout
8089a0a8   GIO$config
8089a0a8   ___end__
8089a0a8   end
8089a0c0   BIOS_init
8089a0c0   _BIOS_init
8089a244   BIOS$$CLKON
8089a284   BIOS$$CLKOFF
8089a340   BIOS_start
8089a340   _BIOS_start
8089a480   _DEV_init
8089a5a0   _CLK_enableTimer
8089a680   _c_int00
8089a740   _MEM_init
8089a7e0   _TSK_init
8089a840   _GIO_init
8089a860   _OBJ_init
8089ac58   __CIOBUF_
8089adf4   UDEV_udevCodec$obj
8089ae00   UDEV_udevCodec$device
8089ae18   UDEV_I2C0$obj
8089ae24   UDEV_I2C0$device
8089ae3c   SYS$config
8089ae4c   ___pinit__
8089ae4c   pinit
8089ae58   TRC_cinit
8089ae5c   TRC_R_mask
8089ae5c   _TRC_R_mask
8089ae60   GBL_initdone
ffffffff   CACHE_L1D
ffffffff   CACHE_L1P
ffffffff   ECM_EVTMASK0
ffffffff   ECM_EVTMASK1
ffffffff   ECM_EVTMASK2
ffffffff   ECM_EVTMASK3
ffffffff   HST_DSMBUFSEG
ffffffff   IRAM
ffffffff   L1DSRAM
ffffffff   RTDX_DATAMEMSEG
ffffffff   SRAM
ffffffff   _CACHE_L1D
ffffffff   _CACHE_L1P
ffffffff   _IRAM
ffffffff   _L1DSRAM
ffffffff   _SRAM
ffffffff   ___TI_pprof_out_hndl
ffffffff   ___TI_prof_data_size
ffffffff   ___TI_prof_data_start
ffffffff   ___binit__
ffffffff   ___c_args__
ffffffff   binit

[1506 symbols]
