<?xml version="1.0"?>
<link_info>
   <banner>TMS320C6x Linker PC v7.4.4</banner>
   <copyright>Copyright (c) 1996-2013 Texas Instruments Incorporated</copyright>
   <link_time>0x5a7639f1</link_time>
   <output_file>Labo01.out</output_file>
   <entry_point>
      <name>_c_int00</name>
      <address>0x8089a680</address>
   </entry_point>
   <input_file_list>
      <input_file id="fl-a">
         <path>.\</path>
         <kind>object</kind>
         <file>i2c_params.obj</file>
         <name>i2c_params.obj</name>
      </input_file>
      <input_file id="fl-b">
         <path>.\</path>
         <kind>object</kind>
         <file>evmAudioTemplatecfg_c.obj</file>
         <name>evmAudioTemplatecfg_c.obj</name>
      </input_file>
      <input_file id="fl-c">
         <path>.\</path>
         <kind>object</kind>
         <file>evmAudioTemplatecfg.obj</file>
         <name>evmAudioTemplatecfg.obj</name>
      </input_file>
      <input_file id="fl-d">
         <path>.\</path>
         <kind>object</kind>
         <file>evmAudioTemplate.obj</file>
         <name>evmAudioTemplate.obj</name>
      </input_file>
      <input_file id="fl-e">
         <path>.\</path>
         <kind>object</kind>
         <file>audio_params.obj</file>
         <name>audio_params.obj</name>
      </input_file>
      <input_file id="fl-f">
         <path>.\</path>
         <kind>object</kind>
         <file>audioProcessing.obj</file>
         <name>audioProcessing.obj</name>
      </input_file>
      <input_file id="fl-92">
         <path>C:\ti\bios_5_42_01_09\packages\ti\bios\lib\</path>
         <kind>archive</kind>
         <file>bios.a64P</file>
         <name>biosdata.o64P</name>
      </input_file>
      <input_file id="fl-93">
         <path>C:\ti\bios_5_42_01_09\packages\ti\bios\lib\</path>
         <kind>archive</kind>
         <file>bios.a64P</file>
         <name>hwi_disp_asm.o64P</name>
      </input_file>
      <input_file id="fl-94">
         <path>C:\ti\bios_5_42_01_09\packages\ti\bios\lib\</path>
         <kind>archive</kind>
         <file>bios.a64P</file>
         <name>idl_stub.o64P</name>
      </input_file>
      <input_file id="fl-95">
         <path>C:\ti\bios_5_42_01_09\packages\ti\bios\lib\</path>
         <kind>archive</kind>
         <file>lnkrtdx.a64P</file>
         <name>rtdx.o64P</name>
      </input_file>
      <input_file id="fl-96">
         <path>C:\ti\bios_5_42_01_09\packages\ti\bios\lib\</path>
         <kind>archive</kind>
         <file>bios.a64P</file>
         <name>swi.o64P</name>
      </input_file>
      <input_file id="fl-97">
         <path>C:\ti\bios_5_42_01_09\packages\ti\bios\lib\</path>
         <kind>archive</kind>
         <file>bios6424.a64P</file>
         <name>clk_gethtime.o64P</name>
      </input_file>
      <input_file id="fl-98">
         <path>C:\ti\bios_5_42_01_09\packages\ti\bios\lib\</path>
         <kind>archive</kind>
         <file>bios.a64P</file>
         <name>fxn_c.o64P</name>
      </input_file>
      <input_file id="fl-99">
         <path>C:\ti\bios_5_42_01_09\packages\ti\bios\lib\</path>
         <kind>archive</kind>
         <file>bios.a64P</file>
         <name>knl_tick.o64P</name>
      </input_file>
      <input_file id="fl-9a">
         <path>C:\ti\bios_5_42_01_09\packages\ti\bios\lib\</path>
         <kind>archive</kind>
         <file>bios.a64P</file>
         <name>sem_crea.o64P</name>
      </input_file>
      <input_file id="fl-9b">
         <path>C:\ti\bios_5_42_01_09\packages\ti\bios\lib\</path>
         <kind>archive</kind>
         <file>bios.a64P</file>
         <name>sem_dele.o64P</name>
      </input_file>
      <input_file id="fl-9c">
         <path>C:\ti\bios_5_42_01_09\packages\ti\bios\lib\</path>
         <kind>archive</kind>
         <file>bios.a64P</file>
         <name>sem_pend_counting.o64P</name>
      </input_file>
      <input_file id="fl-9d">
         <path>C:\ti\bios_5_42_01_09\packages\ti\bios\lib\</path>
         <kind>archive</kind>
         <file>bios.a64P</file>
         <name>sem_post_asm.o64P</name>
      </input_file>
      <input_file id="fl-9e">
         <path>C:\ti\bios_5_42_01_09\packages\ti\bios\lib\</path>
         <kind>archive</kind>
         <file>bios.a64P</file>
         <name>utl_doab.o64P</name>
      </input_file>
      <input_file id="fl-9f">
         <path>C:\ti\bios_5_42_01_09\packages\ti\bios\lib\</path>
         <kind>archive</kind>
         <file>bios.a64P</file>
         <name>utl_doer.o64P</name>
      </input_file>
      <input_file id="fl-a0">
         <path>C:\ti\bios_5_42_01_09\packages\ti\bios\lib\</path>
         <kind>archive</kind>
         <file>bios.a64P</file>
         <name>utl_putc.o64P</name>
      </input_file>
      <input_file id="fl-a1">
         <path>C:\ti\bios_5_42_01_09\packages\ti\bios\lib\</path>
         <kind>archive</kind>
         <file>bios.a64P</file>
         <name>utl_halt.o64P</name>
      </input_file>
      <input_file id="fl-a2">
         <path>C:\ti\bios_5_42_01_09\packages\ti\bios\lib\</path>
         <kind>archive</kind>
         <file>bios6424.a64P</file>
         <name>clk.o64P</name>
      </input_file>
      <input_file id="fl-a3">
         <path>C:\ti\bios_5_42_01_09\packages\ti\bios\lib\</path>
         <kind>archive</kind>
         <file>bios.a64P</file>
         <name>fxn.o64P</name>
      </input_file>
      <input_file id="fl-a4">
         <path>C:\ti\bios_5_42_01_09\packages\ti\bios\lib\</path>
         <kind>archive</kind>
         <file>bios.a64P</file>
         <name>boot.o64P</name>
      </input_file>
      <input_file id="fl-a5">
         <path>C:\ti\bios_5_42_01_09\packages\ti\bios\lib\</path>
         <kind>archive</kind>
         <file>bios.a64P</file>
         <name>trc.o64P</name>
      </input_file>
      <input_file id="fl-a6">
         <path>C:\ti\bios_5_42_01_09\packages\ti\bios\lib\</path>
         <kind>archive</kind>
         <file>bios.a64P</file>
         <name>hwi.o64P</name>
      </input_file>
      <input_file id="fl-a7">
         <path>C:\ti\bios_5_42_01_09\packages\ti\bios\lib\</path>
         <kind>archive</kind>
         <file>bios.a64P</file>
         <name>idl_busy.o64P</name>
      </input_file>
      <input_file id="fl-a8">
         <path>C:\ti\bios_5_42_01_09\packages\ti\bios\lib\</path>
         <kind>archive</kind>
         <file>bios6424.a64P</file>
         <name>idl_cal.o64P</name>
      </input_file>
      <input_file id="fl-a9">
         <path>C:\ti\bios_5_42_01_09\packages\ti\bios\lib\</path>
         <kind>archive</kind>
         <file>bios.a64P</file>
         <name>idl.o64P</name>
      </input_file>
      <input_file id="fl-aa">
         <path>C:\ti\bios_5_42_01_09\packages\ti\bios\lib\</path>
         <kind>archive</kind>
         <file>bios.a64P</file>
         <name>knl_swit.o64P</name>
      </input_file>
      <input_file id="fl-ab">
         <path>C:\ti\bios_5_42_01_09\packages\ti\bios\lib\</path>
         <kind>archive</kind>
         <file>bios.a64P</file>
         <name>log.o64P</name>
      </input_file>
      <input_file id="fl-ac">
         <path>C:\ti\bios_5_42_01_09\packages\ti\bios\lib\</path>
         <kind>archive</kind>
         <file>bios.a64P</file>
         <name>pip.o64P</name>
      </input_file>
      <input_file id="fl-ad">
         <path>C:\ti\bios_5_42_01_09\packages\ti\bios\lib\</path>
         <kind>archive</kind>
         <file>bios.a64P</file>
         <name>prd.o64P</name>
      </input_file>
      <input_file id="fl-ae">
         <path>C:\ti\bios_5_42_01_09\packages\ti\bios\lib\</path>
         <kind>archive</kind>
         <file>bios.a64P</file>
         <name>rta.o64P</name>
      </input_file>
      <input_file id="fl-af">
         <path>C:\ti\bios_5_42_01_09\packages\ti\bios\lib\</path>
         <kind>archive</kind>
         <file>bios.a64P</file>
         <name>rta_andn.o64P</name>
      </input_file>
      <input_file id="fl-b0">
         <path>C:\ti\bios_5_42_01_09\packages\ti\bios\lib\</path>
         <kind>archive</kind>
         <file>bios.a64P</file>
         <name>sts.o64P</name>
      </input_file>
      <input_file id="fl-b1">
         <path>C:\ti\bios_5_42_01_09\packages\ti\bios\lib\</path>
         <kind>archive</kind>
         <file>bios.a64P</file>
         <name>clk_data.o64P</name>
      </input_file>
      <input_file id="fl-b2">
         <path>C:\ti\bios_5_42_01_09\packages\ti\bios\lib\</path>
         <kind>archive</kind>
         <file>bios6424.a64P</file>
         <name>clk_enable64LcTimer.o64P</name>
      </input_file>
      <input_file id="fl-b3">
         <path>C:\ti\bios_5_42_01_09\packages\ti\bios\lib\</path>
         <kind>archive</kind>
         <file>bios.a64P</file>
         <name>clk_data2.o64P</name>
      </input_file>
      <input_file id="fl-b4">
         <path>C:\ti\bios_5_42_01_09\packages\ti\bios\lib\</path>
         <kind>archive</kind>
         <file>bios6424.a64P</file>
         <name>clk_data.o64P</name>
      </input_file>
      <input_file id="fl-b5">
         <path>C:\ti\bios_5_42_01_09\packages\ti\bios\lib\</path>
         <kind>archive</kind>
         <file>bios6424.a64P</file>
         <name>clk_meas.o64P</name>
      </input_file>
      <input_file id="fl-b6">
         <path>C:\ti\bios_5_42_01_09\packages\ti\bios\lib\</path>
         <kind>archive</kind>
         <file>bios.a64P</file>
         <name>dev_init.o64P</name>
      </input_file>
      <input_file id="fl-b7">
         <path>C:\ti\bios_5_42_01_09\packages\ti\bios\lib\</path>
         <kind>archive</kind>
         <file>bios.a64P</file>
         <name>ecm_dispatch.o64P</name>
      </input_file>
      <input_file id="fl-b8">
         <path>C:\CCStudio_v3.3\EVMDM6437\boards\evmdm6437_v2\lib\</path>
         <kind>archive</kind>
         <file>evmdm6437bsl.lib</file>
         <name>evmdm6437_dip.obj</name>
      </input_file>
      <input_file id="fl-b9">
         <path>C:\dvsdk_1_01_00_15\psp_1_00_02_00\pspdrivers\lib\DM6437\Debug\</path>
         <kind>archive</kind>
         <file>audio_bios_drv.lib</file>
         <name>psp_audio.obj</name>
      </input_file>
      <input_file id="fl-ba">
         <path>C:\ti\bios_5_42_01_09\packages\ti\bios\lib\</path>
         <kind>archive</kind>
         <file>bios6424.a64P</file>
         <name>bcache_block.o64P</name>
      </input_file>
      <input_file id="fl-bb">
         <path>C:\ti\bios_5_42_01_09\packages\ti\bios\lib\</path>
         <kind>archive</kind>
         <file>bios6424.a64P</file>
         <name>bcache_wait.o64P</name>
      </input_file>
      <input_file id="fl-bc">
         <path>C:\CCStudio_v3.3\EVMDM6437\boards\evmdm6437_v2\lib\</path>
         <kind>archive</kind>
         <file>evmdm6437bsl.lib</file>
         <name>evmdm6437_i2c_gpio.obj</name>
      </input_file>
      <input_file id="fl-bd">
         <path>C:\CCStudio_v3.3\EVMDM6437\boards\evmdm6437_v2\lib\</path>
         <kind>archive</kind>
         <file>evmdm6437bsl.lib</file>
         <name>evmdm6437_gpio.obj</name>
      </input_file>
      <input_file id="fl-be">
         <path>C:\CCStudio_v3.3\EVMDM6437\boards\evmdm6437_v2\lib\</path>
         <kind>archive</kind>
         <file>evmdm6437bsl.lib</file>
         <name>evmdm6437_i2c.obj</name>
      </input_file>
      <input_file id="fl-bf">
         <path>C:\CCStudio_v3.3\EVMDM6437\boards\evmdm6437_v2\lib\</path>
         <kind>archive</kind>
         <file>evmdm6437bsl.lib</file>
         <name>evmdm6437_led.obj</name>
      </input_file>
      <input_file id="fl-c0">
         <path>C:\CCStudio_v3.3\EVMDM6437\boards\evmdm6437_v2\lib\</path>
         <kind>archive</kind>
         <file>evmdm6437bsl.lib</file>
         <name>evmdm6437.obj</name>
      </input_file>
      <input_file id="fl-c1">
         <path>C:\CCStudio_v3.3\EVMDM6437\boards\evmdm6437_v2\lib\</path>
         <kind>archive</kind>
         <file>evmdm6437bsl.lib</file>
         <name>evmdm6437_ddr.obj</name>
      </input_file>
      <input_file id="fl-c2">
         <path>C:\CCStudio_v3.3\EVMDM6437\boards\evmdm6437_v2\lib\</path>
         <kind>archive</kind>
         <file>evmdm6437bsl.lib</file>
         <name>evmdm6437_flash.obj</name>
      </input_file>
      <input_file id="fl-c3">
         <path>C:\CCStudio_v3.3\EVMDM6437\boards\evmdm6437_v2\lib\</path>
         <kind>archive</kind>
         <file>evmdm6437bsl.lib</file>
         <name>evmdm6437_flash_id.obj</name>
      </input_file>
      <input_file id="fl-c4">
         <path>C:\CCStudio_v3.3\EVMDM6437\boards\evmdm6437_v2\lib\</path>
         <kind>archive</kind>
         <file>evmdm6437bsl.lib</file>
         <name>evmdm6437_psc.obj</name>
      </input_file>
      <input_file id="fl-c5">
         <path>C:\CCStudio_v3.3\EVMDM6437\boards\evmdm6437_v2\lib\</path>
         <kind>archive</kind>
         <file>evmdm6437bsl.lib</file>
         <name>evmdm6437_pll.obj</name>
      </input_file>
      <input_file id="fl-c6">
         <path>C:\ti\bios_5_42_01_09\packages\ti\bios\lib\</path>
         <kind>archive</kind>
         <file>bios.a64P</file>
         <name>exc_asm.o64P</name>
      </input_file>
      <input_file id="fl-c7">
         <path>C:\ti\bios_5_42_01_09\packages\ti\bios\lib\</path>
         <kind>archive</kind>
         <file>bios.a64P</file>
         <name>exc.o64P</name>
      </input_file>
      <input_file id="fl-c8">
         <path>C:\ti\bios_5_42_01_09\packages\ti\bios\lib\</path>
         <kind>archive</kind>
         <file>bios.a64P</file>
         <name>gbl_cacheinit64P.o64P</name>
      </input_file>
      <input_file id="fl-c9">
         <path>C:\ti\bios_5_42_01_09\packages\ti\bios\lib\</path>
         <kind>archive</kind>
         <file>bios6424.a64P</file>
         <name>bcache_init.o64P</name>
      </input_file>
      <input_file id="fl-ca">
         <path>C:\ti\bios_5_42_01_09\packages\ti\bios\lib\</path>
         <kind>archive</kind>
         <file>bios.a64P</file>
         <name>gbl_vers.o64P</name>
      </input_file>
      <input_file id="fl-cb">
         <path>C:\ti\bios_5_42_01_09\packages\ti\bios\lib\</path>
         <kind>archive</kind>
         <file>bios.a64P</file>
         <name>gio_crea.o64P</name>
      </input_file>
      <input_file id="fl-cc">
         <path>C:\ti\bios_5_42_01_09\packages\ti\bios\lib\</path>
         <kind>archive</kind>
         <file>bios.a64P</file>
         <name>dev_matc.o64P</name>
      </input_file>
      <input_file id="fl-cd">
         <path>C:\ti\bios_5_42_01_09\packages\ti\bios\lib\</path>
         <kind>archive</kind>
         <file>bios.a64P</file>
         <name>gio.o64P</name>
      </input_file>
      <input_file id="fl-ce">
         <path>C:\ti\bios_5_42_01_09\packages\ti\bios\lib\</path>
         <kind>archive</kind>
         <file>bios.a64P</file>
         <name>gio_dele.o64P</name>
      </input_file>
      <input_file id="fl-cf">
         <path>C:\ti\bios_5_42_01_09\packages\ti\bios\lib\</path>
         <kind>archive</kind>
         <file>bios.a64P</file>
         <name>gio_sbmt.o64P</name>
      </input_file>
      <input_file id="fl-d0">
         <path>C:\ti\bios_5_42_01_09\packages\ti\rtdx\lib\c6000\</path>
         <kind>archive</kind>
         <file>rtdx64xplus.lib</file>
         <name>rtdx_mon.o64P</name>
      </input_file>
      <input_file id="fl-d1">
         <path>C:\ti\bios_5_42_01_09\packages\ti\bios\lib\</path>
         <kind>archive</kind>
         <file>bios.a64P</file>
         <name>hwi_c.o64P</name>
      </input_file>
      <input_file id="fl-d2">
         <path>C:\dvsdk_1_01_00_15\psp_1_00_02_00\pspdrivers\lib\DM6437\Debug\</path>
         <kind>archive</kind>
         <file>i2c_bios_drv.lib</file>
         <name>dda_i2cIom.obj</name>
      </input_file>
      <input_file id="fl-d3">
         <path>C:\ti\bios_5_42_01_09\packages\ti\bios\lib\</path>
         <kind>archive</kind>
         <file>bios.a64P</file>
         <name>knl.o64P</name>
      </input_file>
      <input_file id="fl-d4">
         <path>C:\ti\bios_5_42_01_09\packages\ti\bios\lib\</path>
         <kind>archive</kind>
         <file>bios.a64P</file>
         <name>knl_exit.o64P</name>
      </input_file>
      <input_file id="fl-d5">
         <path>C:\ti\bios_5_42_01_09\packages\ti\bios\lib\</path>
         <kind>archive</kind>
         <file>bios.a64P</file>
         <name>knl_chec.o64P</name>
      </input_file>
      <input_file id="fl-d6">
         <path>C:\ti\bios_5_42_01_09\packages\ti\bios\lib\</path>
         <kind>archive</kind>
         <file>bios.a64P</file>
         <name>knl_ipos.o64P</name>
      </input_file>
      <input_file id="fl-d7">
         <path>C:\ti\bios_5_42_01_09\packages\ti\bios\lib\</path>
         <kind>archive</kind>
         <file>bios.a64P</file>
         <name>knl_post.o64P</name>
      </input_file>
      <input_file id="fl-d8">
         <path>C:\ti\bios_5_42_01_09\packages\ti\bios\lib\</path>
         <kind>archive</kind>
         <file>bios.a64P</file>
         <name>knl_run.o64P</name>
      </input_file>
      <input_file id="fl-d9">
         <path>C:\dvsdk_1_01_00_15\psp_1_00_02_00\pspdrivers\lib\DM6437\Debug\</path>
         <kind>archive</kind>
         <file>mcasp_bios_drv.lib</file>
         <name>dda_mcasp_bios.obj</name>
      </input_file>
      <input_file id="fl-da">
         <path>C:\ti\bios_5_42_01_09\packages\ti\bios\lib\</path>
         <kind>archive</kind>
         <file>bios.a64P</file>
         <name>c62_c.o64P</name>
      </input_file>
      <input_file id="fl-db">
         <path>C:\ti\bios_5_42_01_09\packages\ti\bios\lib\</path>
         <kind>archive</kind>
         <file>bios.a64P</file>
         <name>ecm_disableEvent.o64P</name>
      </input_file>
      <input_file id="fl-dc">
         <path>C:\ti\bios_5_42_01_09\packages\ti\bios\lib\</path>
         <kind>archive</kind>
         <file>bios.a64P</file>
         <name>atm.o64P</name>
      </input_file>
      <input_file id="fl-dd">
         <path>C:\ti\bios_5_42_01_09\packages\ti\bios\lib\</path>
         <kind>archive</kind>
         <file>bios.a64P</file>
         <name>ecm_dispatchPlug.o64P</name>
      </input_file>
      <input_file id="fl-de">
         <path>C:\ti\bios_5_42_01_09\packages\ti\bios\lib\</path>
         <kind>archive</kind>
         <file>bios.a64P</file>
         <name>ecm_enableEvent.o64P</name>
      </input_file>
      <input_file id="fl-df">
         <path>C:\dvsdk_1_01_00_15\psp_1_00_02_00\pspdrivers\lib\DM6437\Debug\</path>
         <kind>archive</kind>
         <file>mcbsp_bios_drv.lib</file>
         <name>dda_mcbsp_bios.obj</name>
      </input_file>
      <input_file id="fl-e0">
         <path>C:\ti\bios_5_42_01_09\packages\ti\bios\lib\</path>
         <kind>archive</kind>
         <file>bios.a64P</file>
         <name>mem_asm.o64P</name>
      </input_file>
      <input_file id="fl-e1">
         <path>C:\ti\bios_5_42_01_09\packages\ti\bios\lib\</path>
         <kind>archive</kind>
         <file>bios.a64P</file>
         <name>mem_allo.o64P</name>
      </input_file>
      <input_file id="fl-e2">
         <path>C:\ti\bios_5_42_01_09\packages\ti\bios\lib\</path>
         <kind>archive</kind>
         <file>bios.a64P</file>
         <name>mem_free.o64P</name>
      </input_file>
      <input_file id="fl-e3">
         <path>C:\ti\bios_5_42_01_09\packages\ti\bios\lib\</path>
         <kind>archive</kind>
         <file>bios.a64P</file>
         <name>mem_init.o64P</name>
      </input_file>
      <input_file id="fl-e4">
         <path>C:\ti\bios_5_42_01_09\packages\ti\bios\lib\</path>
         <kind>archive</kind>
         <file>bios.a64P</file>
         <name>mem_vall.o64P</name>
      </input_file>
      <input_file id="fl-e5">
         <path>C:\ti\bios_5_42_01_09\packages\ti\bios\lib\</path>
         <kind>archive</kind>
         <file>bios.a64P</file>
         <name>obj_crea.o64P</name>
      </input_file>
      <input_file id="fl-e6">
         <path>C:\ti\bios_5_42_01_09\packages\ti\bios\lib\</path>
         <kind>archive</kind>
         <file>bios.a64P</file>
         <name>obj_dele.o64P</name>
      </input_file>
      <input_file id="fl-e7">
         <path>C:\ti\bios_5_42_01_09\packages\ti\bios\lib\</path>
         <kind>archive</kind>
         <file>bios.a64P</file>
         <name>obj_init.o64P</name>
      </input_file>
      <input_file id="fl-e8">
         <path>C:\dvsdk_1_01_00_15\psp_1_00_02_00\pspdrivers\lib\DM6437\Debug\</path>
         <kind>archive</kind>
         <file>palos_bios.lib</file>
         <name>pal_osmem.obj</name>
      </input_file>
      <input_file id="fl-e9">
         <path>C:\ti\bios_5_42_01_09\packages\ti\bios\lib\</path>
         <kind>archive</kind>
         <file>bios.a64P</file>
         <name>mem_defi.o64P</name>
      </input_file>
      <input_file id="fl-ea">
         <path>C:\ti\bios_5_42_01_09\packages\ti\bios\lib\</path>
         <kind>archive</kind>
         <file>bios.a64P</file>
         <name>mem_rede.o64P</name>
      </input_file>
      <input_file id="fl-eb">
         <path>C:\ti\bios_5_42_01_09\packages\ti\bios\lib\</path>
         <kind>archive</kind>
         <file>bios.a64P</file>
         <name>mem_unde.o64P</name>
      </input_file>
      <input_file id="fl-ec">
         <path>C:\dvsdk_1_01_00_15\psp_1_00_02_00\pspdrivers\lib\DM6437\Debug\</path>
         <kind>archive</kind>
         <file>palos_bios.lib</file>
         <name>pal_osprotect.obj</name>
      </input_file>
      <input_file id="fl-ed">
         <path>C:\dvsdk_1_01_00_15\psp_1_00_02_00\pspdrivers\lib\DM6437\Debug\</path>
         <kind>archive</kind>
         <file>i2c_bios_drv.lib</file>
         <name>ddc_i2c.obj</name>
      </input_file>
      <input_file id="fl-ee">
         <path>C:\dvsdk_1_01_00_15\psp_1_00_02_00\pspdrivers\lib\DM6437\Debug\</path>
         <kind>archive</kind>
         <file>palos_bios.lib</file>
         <name>pal_ossem.obj</name>
      </input_file>
      <input_file id="fl-ef">
         <path>C:\dvsdk_1_01_00_15\psp_1_00_02_00\pspdrivers\lib\DM6437\Debug\</path>
         <kind>archive</kind>
         <file>palos_bios.lib</file>
         <name>pal_osWait.obj</name>
      </input_file>
      <input_file id="fl-f0">
         <path>C:\ti\bios_5_42_01_09\packages\ti\bios\lib\</path>
         <kind>archive</kind>
         <file>bios.a64P</file>
         <name>clk_countspms.o64P</name>
      </input_file>
      <input_file id="fl-f1">
         <path>C:\ti\bios_5_42_01_09\packages\ti\bios\lib\</path>
         <kind>archive</kind>
         <file>bios.a64P</file>
         <name>clk_getprd.o64P</name>
      </input_file>
      <input_file id="fl-f2">
         <path>C:\dvsdk_1_01_00_15\psp_1_00_02_00\pspdrivers\lib\DM6437\Debug\</path>
         <kind>archive</kind>
         <file>mcasp_bios_drv.lib</file>
         <name>ddc_mcasp.obj</name>
      </input_file>
      <input_file id="fl-f3">
         <path>C:\dvsdk_1_01_00_15\psp_1_00_02_00\edma3\lib\Debug\</path>
         <kind>archive</kind>
         <file>edma3_drv_bios.lib</file>
         <name>edma3.obj</name>
      </input_file>
      <input_file id="fl-f4">
         <path>C:\dvsdk_1_01_00_15\psp_1_00_02_00\edma3\lib\Debug\</path>
         <kind>archive</kind>
         <file>edma3_rm_bios.lib</file>
         <name>edma3resmgr.obj</name>
      </input_file>
      <input_file id="fl-f5">
         <path>C:\dvsdk_1_01_00_15\psp_1_00_02_00\pspdrivers\lib\DM6437\Debug\</path>
         <kind>archive</kind>
         <file>mcasp_bios_drv.lib</file>
         <name>llc_mcasp.obj</name>
      </input_file>
      <input_file id="fl-f6">
         <path>C:\dvsdk_1_01_00_15\psp_1_00_02_00\pspdrivers\lib\DM6437\Debug\</path>
         <kind>archive</kind>
         <file>palos_bios.lib</file>
         <name>pal_oscache.obj</name>
      </input_file>
      <input_file id="fl-f7">
         <path>C:\ti\bios_5_42_01_09\packages\ti\bios\lib\</path>
         <kind>archive</kind>
         <file>bios.a64P</file>
         <name>log_printf.o64P</name>
      </input_file>
      <input_file id="fl-f8">
         <path>C:\dvsdk_1_01_00_15\psp_1_00_02_00\pspdrivers\lib\DM6437\Debug\</path>
         <kind>archive</kind>
         <file>palos_bios.lib</file>
         <name>pal_osInt.obj</name>
      </input_file>
      <input_file id="fl-f9">
         <path>C:\dvsdk_1_01_00_15\psp_1_00_02_00\pspdrivers\lib\DM6437\Debug\</path>
         <kind>archive</kind>
         <file>palos_bios.lib</file>
         <name>pal_osList.obj</name>
      </input_file>
      <input_file id="fl-fa">
         <path>C:\dvsdk_1_01_00_15\psp_1_00_02_00\pspdrivers\lib\DM6437\Debug\</path>
         <kind>archive</kind>
         <file>mcbsp_bios_drv.lib</file>
         <name>ddc_mcbsp.obj</name>
      </input_file>
      <input_file id="fl-fb">
         <path>C:\dvsdk_1_01_00_15\psp_1_00_02_00\pspdrivers\lib\DM6437\Debug\</path>
         <kind>archive</kind>
         <file>mcbsp_bios_drv.lib</file>
         <name>llc_mcbsp.obj</name>
      </input_file>
      <input_file id="fl-fc">
         <path>C:\ti\bios_5_42_01_09\packages\ti\bios\lib\</path>
         <kind>archive</kind>
         <file>bios.a64P</file>
         <name>que_get.o64P</name>
      </input_file>
      <input_file id="fl-fd">
         <path>C:\ti\bios_5_42_01_09\packages\ti\rtdx\lib\c6000\</path>
         <kind>archive</kind>
         <file>rtdx64xplus.lib</file>
         <name>buffer2.o64P</name>
      </input_file>
      <input_file id="fl-fe">
         <path>C:\ti\bios_5_42_01_09\packages\ti\rtdx\lib\c6000\</path>
         <kind>archive</kind>
         <file>rtdx64xplus.lib</file>
         <name>buffer1.o64P</name>
      </input_file>
      <input_file id="fl-ff">
         <path>C:\ti\bios_5_42_01_09\packages\ti\rtdx\lib\c6000\</path>
         <kind>archive</kind>
         <file>rtdx64xplus.lib</file>
         <name>intr_tgt.o64P</name>
      </input_file>
      <input_file id="fl-100">
         <path>C:\ti\bios_5_42_01_09\packages\ti\rtdx\lib\c6000\</path>
         <kind>archive</kind>
         <file>rtdx64xplus.lib</file>
         <name>memfill.o64P</name>
      </input_file>
      <input_file id="fl-101">
         <path>C:\ti\bios_5_42_01_09\packages\ti\bios\lib\</path>
         <kind>archive</kind>
         <file>bios.a64P</file>
         <name>sem_pend.o64P</name>
      </input_file>
      <input_file id="fl-102">
         <path>C:\ti\bios_5_42_01_09\packages\ti\bios\lib\</path>
         <kind>archive</kind>
         <file>bios.a64P</file>
         <name>sem_post.o64P</name>
      </input_file>
      <input_file id="fl-103">
         <path>C:\ti\bios_5_42_01_09\packages\ti\bios\lib\</path>
         <kind>archive</kind>
         <file>bios.a64P</file>
         <name>sts_set.o64P</name>
      </input_file>
      <input_file id="fl-104">
         <path>C:\ti\bios_5_42_01_09\packages\ti\bios\lib\</path>
         <kind>archive</kind>
         <file>bios.a64P</file>
         <name>sys_abor.o64P</name>
      </input_file>
      <input_file id="fl-105">
         <path>C:\ti\bios_5_42_01_09\packages\ti\bios\lib\</path>
         <kind>archive</kind>
         <file>bios.a64P</file>
         <name>sys_erro.o64P</name>
      </input_file>
      <input_file id="fl-106">
         <path>C:\ti\bios_5_42_01_09\packages\ti\bios\lib\</path>
         <kind>archive</kind>
         <file>bios.a64P</file>
         <name>sys_prin.o64P</name>
      </input_file>
      <input_file id="fl-107">
         <path>C:\ti\bios_5_42_01_09\packages\ti\bios\lib\</path>
         <kind>archive</kind>
         <file>bios.a64P</file>
         <name>tsk.o64P</name>
      </input_file>
      <input_file id="fl-108">
         <path>C:\ti\bios_5_42_01_09\packages\ti\bios\lib\</path>
         <kind>archive</kind>
         <file>bios.a64P</file>
         <name>tsk_disa.o64P</name>
      </input_file>
      <input_file id="fl-109">
         <path>C:\ti\bios_5_42_01_09\packages\ti\bios\lib\</path>
         <kind>archive</kind>
         <file>bios.a64P</file>
         <name>tsk_exit.o64P</name>
      </input_file>
      <input_file id="fl-10a">
         <path>C:\ti\bios_5_42_01_09\packages\ti\bios\lib\</path>
         <kind>archive</kind>
         <file>bios.a64P</file>
         <name>sys_exit.o64P</name>
      </input_file>
      <input_file id="fl-10b">
         <path>C:\ti\bios_5_42_01_09\packages\ti\bios\lib\</path>
         <kind>archive</kind>
         <file>bios.a64P</file>
         <name>sys.o64P</name>
      </input_file>
      <input_file id="fl-10c">
         <path>C:\ti\bios_5_42_01_09\packages\ti\bios\lib\</path>
         <kind>archive</kind>
         <file>bios.a64P</file>
         <name>tsk_init.o64P</name>
      </input_file>
      <input_file id="fl-10d">
         <path>C:\ti\bios_5_42_01_09\packages\ti\bios\lib\</path>
         <kind>archive</kind>
         <file>bios.a64P</file>
         <name>tsk_setu.o64P</name>
      </input_file>
      <input_file id="fl-10e">
         <path>C:\ti\bios_5_42_01_09\packages\ti\bios\lib\</path>
         <kind>archive</kind>
         <file>bios.a64P</file>
         <name>tsk_stup.o64P</name>
      </input_file>
      <input_file id="fl-10f">
         <path>C:\ti\bios_5_42_01_09\packages\ti\bios\lib\</path>
         <kind>archive</kind>
         <file>bios.a64P</file>
         <name>lck.o64P</name>
      </input_file>
      <input_file id="fl-110">
         <path>C:\dvsdk_1_01_00_15\psp_1_00_02_00\pspdrivers\lib\DM6437\Debug\</path>
         <kind>archive</kind>
         <file>i2c_bios_drv.lib</file>
         <name>dda_i2cBios.obj</name>
      </input_file>
      <input_file id="fl-111">
         <path>C:\ti\bios_5_42_01_09\packages\ti\bios\lib\</path>
         <kind>archive</kind>
         <file>bios.a64P</file>
         <name>gio_cbck.o64P</name>
      </input_file>
      <input_file id="fl-112">
         <path>C:\ti\bios_5_42_01_09\packages\ti\bios\lib\</path>
         <kind>archive</kind>
         <file>bios.a64P</file>
         <name>sem_dopo.o64P</name>
      </input_file>
      <input_file id="fl-113">
         <path>C:\ti\bios_5_42_01_09\packages\ti\bios\lib\</path>
         <kind>archive</kind>
         <file>bios.a64P</file>
         <name>autoinit.o64P</name>
      </input_file>
      <input_file id="fl-114">
         <path>C:\ti\ccsv5\tools\compiler\c6000_7.4.4\lib\</path>
         <kind>archive</kind>
         <file>rts64plus.lib</file>
         <name>divi.obj</name>
      </input_file>
      <input_file id="fl-115">
         <path>C:\ti\ccsv5\tools\compiler\c6000_7.4.4\lib\</path>
         <kind>archive</kind>
         <file>rts64plus.lib</file>
         <name>divu.obj</name>
      </input_file>
      <input_file id="fl-116">
         <path>C:\ti\ccsv5\tools\compiler\c6000_7.4.4\lib\</path>
         <kind>archive</kind>
         <file>rts64plus.lib</file>
         <name>_lock.obj</name>
      </input_file>
      <input_file id="fl-117">
         <path>C:\ti\ccsv5\tools\compiler\c6000_7.4.4\lib\</path>
         <kind>archive</kind>
         <file>rts64plus.lib</file>
         <name>remu.obj</name>
      </input_file>
      <input_file id="fl-118">
         <path>C:\ti\ccsv5\tools\compiler\c6000_7.4.4\lib\</path>
         <kind>archive</kind>
         <file>rts64plus.lib</file>
         <name>strasg.obj</name>
      </input_file>
      <input_file id="fl-119">
         <path>C:\dvsdk_1_01_00_15\psp_1_00_02_00\pspdrivers\lib\DM6437\Debug\</path>
         <kind>archive</kind>
         <file>audio_bios_drv.lib</file>
         <name>psp_aic33Codec.obj</name>
      </input_file>
      <input_file id="fl-11a">
         <path>C:\ti\ccsv5\tools\compiler\c6000_7.4.4\lib\</path>
         <kind>archive</kind>
         <file>rts64plus.lib</file>
         <name>atexit.obj</name>
      </input_file>
      <input_file id="fl-11b">
         <path>C:\ti\ccsv5\tools\compiler\c6000_7.4.4\lib\</path>
         <kind>archive</kind>
         <file>rts64plus.lib</file>
         <name>sinit.obj</name>
      </input_file>
      <input_file id="fl-11c">
         <path>C:\ti\ccsv5\tools\compiler\c6000_7.4.4\lib\</path>
         <kind>archive</kind>
         <file>rts64plus.lib</file>
         <name>exit.obj</name>
      </input_file>
      <input_file id="fl-11d">
         <path>C:\dvsdk_1_01_00_15\psp_1_00_02_00\edma3\lib\Debug\</path>
         <kind>archive</kind>
         <file>edma3_drv_bios.lib</file>
         <name>edma3cfg.obj</name>
      </input_file>
      <input_file id="fl-11e">
         <path>C:\dvsdk_1_01_00_15\psp_1_00_02_00\edma3\lib\Debug\</path>
         <kind>archive</kind>
         <file>edma3_drv_sample.lib</file>
         <name>bios_edma3_sample_cs.obj</name>
      </input_file>
      <input_file id="fl-11f">
         <path>C:\dvsdk_1_01_00_15\psp_1_00_02_00\edma3\lib\Debug\</path>
         <kind>archive</kind>
         <file>edma3_drv_sample.lib</file>
         <name>bios_edma3_sample_cfg.obj</name>
      </input_file>
      <input_file id="fl-120">
         <path>C:\dvsdk_1_01_00_15\psp_1_00_02_00\edma3\lib\Debug\</path>
         <kind>archive</kind>
         <file>edma3_drv_sample.lib</file>
         <name>bios_edma3_sample_init.obj</name>
      </input_file>
      <input_file id="fl-121">
         <path>C:\ti\ccsv5\tools\compiler\c6000_7.4.4\lib\</path>
         <kind>archive</kind>
         <file>rts64plus.lib</file>
         <name>memcpy64.obj</name>
      </input_file>
      <input_file id="fl-122">
         <path>C:\ti\ccsv5\tools\compiler\c6000_7.4.4\lib\</path>
         <kind>archive</kind>
         <file>rts64plus.lib</file>
         <name>memset.obj</name>
      </input_file>
      <input_file id="fl-123">
         <path>C:\ti\ccsv5\tools\compiler\c6000_7.4.4\lib\</path>
         <kind>archive</kind>
         <file>rts64plus.lib</file>
         <name>printf.obj</name>
      </input_file>
      <input_file id="fl-124">
         <path>C:\ti\ccsv5\tools\compiler\c6000_7.4.4\lib\</path>
         <kind>archive</kind>
         <file>rts64plus.lib</file>
         <name>defs.obj</name>
      </input_file>
      <input_file id="fl-125">
         <path>C:\ti\ccsv5\tools\compiler\c6000_7.4.4\lib\</path>
         <kind>archive</kind>
         <file>rts64plus.lib</file>
         <name>_printfi.obj</name>
      </input_file>
      <input_file id="fl-126">
         <path>C:\ti\ccsv5\tools\compiler\c6000_7.4.4\lib\</path>
         <kind>archive</kind>
         <file>rts64plus.lib</file>
         <name>isinf.obj</name>
      </input_file>
      <input_file id="fl-127">
         <path>C:\ti\ccsv5\tools\compiler\c6000_7.4.4\lib\</path>
         <kind>archive</kind>
         <file>rts64plus.lib</file>
         <name>cmpd.obj</name>
      </input_file>
      <input_file id="fl-128">
         <path>C:\ti\ccsv5\tools\compiler\c6000_7.4.4\lib\</path>
         <kind>archive</kind>
         <file>rts64plus.lib</file>
         <name>divd.obj</name>
      </input_file>
      <input_file id="fl-129">
         <path>C:\ti\ccsv5\tools\compiler\c6000_7.4.4\lib\</path>
         <kind>archive</kind>
         <file>rts64plus.lib</file>
         <name>imath40.obj</name>
      </input_file>
      <input_file id="fl-12a">
         <path>C:\ti\ccsv5\tools\compiler\c6000_7.4.4\lib\</path>
         <kind>archive</kind>
         <file>rts64plus.lib</file>
         <name>imath64.obj</name>
      </input_file>
      <input_file id="fl-12b">
         <path>C:\ti\ccsv5\tools\compiler\c6000_7.4.4\lib\</path>
         <kind>archive</kind>
         <file>rts64plus.lib</file>
         <name>fixdi.obj</name>
      </input_file>
      <input_file id="fl-12c">
         <path>C:\ti\ccsv5\tools\compiler\c6000_7.4.4\lib\</path>
         <kind>archive</kind>
         <file>rts64plus.lib</file>
         <name>fixdli.obj</name>
      </input_file>
      <input_file id="fl-12d">
         <path>C:\ti\ccsv5\tools\compiler\c6000_7.4.4\lib\</path>
         <kind>archive</kind>
         <file>rts64plus.lib</file>
         <name>fltlid.obj</name>
      </input_file>
      <input_file id="fl-12e">
         <path>C:\ti\ccsv5\tools\compiler\c6000_7.4.4\lib\</path>
         <kind>archive</kind>
         <file>rts64plus.lib</file>
         <name>frcmpyd_div.obj</name>
      </input_file>
      <input_file id="fl-12f">
         <path>C:\ti\ccsv5\tools\compiler\c6000_7.4.4\lib\</path>
         <kind>archive</kind>
         <file>rts64plus.lib</file>
         <name>llshift.obj</name>
      </input_file>
      <input_file id="fl-130">
         <path>C:\ti\ccsv5\tools\compiler\c6000_7.4.4\lib\</path>
         <kind>archive</kind>
         <file>rts64plus.lib</file>
         <name>mpyd.obj</name>
      </input_file>
      <input_file id="fl-131">
         <path>C:\ti\ccsv5\tools\compiler\c6000_7.4.4\lib\</path>
         <kind>archive</kind>
         <file>rts64plus.lib</file>
         <name>frcmpyd.obj</name>
      </input_file>
      <input_file id="fl-132">
         <path>C:\ti\ccsv5\tools\compiler\c6000_7.4.4\lib\</path>
         <kind>archive</kind>
         <file>rts64plus.lib</file>
         <name>negd.obj</name>
      </input_file>
      <input_file id="fl-133">
         <path>C:\ti\ccsv5\tools\compiler\c6000_7.4.4\lib\</path>
         <kind>archive</kind>
         <file>rts64plus.lib</file>
         <name>negll.obj</name>
      </input_file>
      <input_file id="fl-134">
         <path>C:\ti\ccsv5\tools\compiler\c6000_7.4.4\lib\</path>
         <kind>archive</kind>
         <file>rts64plus.lib</file>
         <name>subd.obj</name>
      </input_file>
      <input_file id="fl-135">
         <path>C:\ti\ccsv5\tools\compiler\c6000_7.4.4\lib\</path>
         <kind>archive</kind>
         <file>rts64plus.lib</file>
         <name>addd.obj</name>
      </input_file>
      <input_file id="fl-136">
         <path>C:\ti\ccsv5\tools\compiler\c6000_7.4.4\lib\</path>
         <kind>archive</kind>
         <file>rts64plus.lib</file>
         <name>frcaddd.obj</name>
      </input_file>
      <input_file id="fl-137">
         <path>C:\ti\ccsv5\tools\compiler\c6000_7.4.4\lib\</path>
         <kind>archive</kind>
         <file>rts64plus.lib</file>
         <name>renormd.obj</name>
      </input_file>
      <input_file id="fl-138">
         <path>C:\ti\ccsv5\tools\compiler\c6000_7.4.4\lib\</path>
         <kind>archive</kind>
         <file>rts64plus.lib</file>
         <name>atoi.obj</name>
      </input_file>
      <input_file id="fl-139">
         <path>C:\ti\ccsv5\tools\compiler\c6000_7.4.4\lib\</path>
         <kind>archive</kind>
         <file>rts64plus.lib</file>
         <name>ctype.obj</name>
      </input_file>
      <input_file id="fl-13a">
         <path>C:\ti\ccsv5\tools\compiler\c6000_7.4.4\lib\</path>
         <kind>archive</kind>
         <file>rts64plus.lib</file>
         <name>fputc.obj</name>
      </input_file>
      <input_file id="fl-13b">
         <path>C:\ti\ccsv5\tools\compiler\c6000_7.4.4\lib\</path>
         <kind>archive</kind>
         <file>rts64plus.lib</file>
         <name>fflush.obj</name>
      </input_file>
      <input_file id="fl-13c">
         <path>C:\ti\ccsv5\tools\compiler\c6000_7.4.4\lib\</path>
         <kind>archive</kind>
         <file>rts64plus.lib</file>
         <name>_io_perm.obj</name>
      </input_file>
      <input_file id="fl-13d">
         <path>C:\ti\ccsv5\tools\compiler\c6000_7.4.4\lib\</path>
         <kind>archive</kind>
         <file>rts64plus.lib</file>
         <name>fputs.obj</name>
      </input_file>
      <input_file id="fl-13e">
         <path>C:\ti\ccsv5\tools\compiler\c6000_7.4.4\lib\</path>
         <kind>archive</kind>
         <file>rts64plus.lib</file>
         <name>fseek.obj</name>
      </input_file>
      <input_file id="fl-13f">
         <path>C:\ti\ccsv5\tools\compiler\c6000_7.4.4\lib\</path>
         <kind>archive</kind>
         <file>rts64plus.lib</file>
         <name>abs.obj</name>
      </input_file>
      <input_file id="fl-140">
         <path>C:\ti\ccsv5\tools\compiler\c6000_7.4.4\lib\</path>
         <kind>archive</kind>
         <file>rts64plus.lib</file>
         <name>lowlev.obj</name>
      </input_file>
      <input_file id="fl-141">
         <path>C:\ti\ccsv5\tools\compiler\c6000_7.4.4\lib\</path>
         <kind>archive</kind>
         <file>rts64plus.lib</file>
         <name>trgdrv.obj</name>
      </input_file>
      <input_file id="fl-142">
         <path>C:\ti\ccsv5\tools\compiler\c6000_7.4.4\lib\</path>
         <kind>archive</kind>
         <file>rts64plus.lib</file>
         <name>ltoa.obj</name>
      </input_file>
      <input_file id="fl-143">
         <path>C:\ti\ccsv5\tools\compiler\c6000_7.4.4\lib\</path>
         <kind>archive</kind>
         <file>rts64plus.lib</file>
         <name>memccpy.obj</name>
      </input_file>
      <input_file id="fl-144">
         <path>C:\ti\ccsv5\tools\compiler\c6000_7.4.4\lib\</path>
         <kind>archive</kind>
         <file>rts64plus.lib</file>
         <name>trgmsg.obj</name>
      </input_file>
      <input_file id="fl-145">
         <path>C:\ti\ccsv5\tools\compiler\c6000_7.4.4\lib\</path>
         <kind>archive</kind>
         <file>rts64plus.lib</file>
         <name>setvbuf.obj</name>
      </input_file>
      <input_file id="fl-146">
         <path>C:\ti\ccsv5\tools\compiler\c6000_7.4.4\lib\</path>
         <kind>archive</kind>
         <file>rts64plus.lib</file>
         <name>fopen.obj</name>
      </input_file>
      <input_file id="fl-147">
         <path>C:\ti\ccsv5\tools\compiler\c6000_7.4.4\lib\</path>
         <kind>archive</kind>
         <file>rts64plus.lib</file>
         <name>fclose.obj</name>
      </input_file>
      <input_file id="fl-148">
         <path>C:\ti\bios_5_42_01_09\packages\ti\bios\lib\</path>
         <kind>archive</kind>
         <file>bios.a64P</file>
         <name>malloc.o64P</name>
      </input_file>
      <input_file id="fl-149">
         <path>C:\ti\ccsv5\tools\compiler\c6000_7.4.4\lib\</path>
         <kind>archive</kind>
         <file>rts64plus.lib</file>
         <name>remove.obj</name>
      </input_file>
      <input_file id="fl-14a">
         <path>C:\ti\ccsv5\tools\compiler\c6000_7.4.4\lib\</path>
         <kind>archive</kind>
         <file>rts64plus.lib</file>
         <name>strcpy.obj</name>
      </input_file>
   </input_file_list>
   <object_component_list>
      <object_component id="oc-7f">
         <name>.vers</name>
         <load_address>0x0</load_address>
         <run_address>0x0</run_address>
         <size>0x48</size>
         <input_file_ref idref="fl-c"/>
      </object_component>
      <object_component id="oc-69">
         <name>.clk</name>
         <uninitialized>true</uninitialized>
         <run_address>0x10801af8</run_address>
         <size>0x8</size>
         <input_file_ref idref="fl-c"/>
      </object_component>
      <object_component id="oc-6f">
         <name>.swi</name>
         <uninitialized>true</uninitialized>
         <run_address>0x108023fc</run_address>
         <size>0x2c</size>
         <input_file_ref idref="fl-c"/>
      </object_component>
      <object_component id="oc-72">
         <name>.tsk</name>
         <uninitialized>true</uninitialized>
         <run_address>0x10801e00</run_address>
         <size>0x1e0</size>
         <input_file_ref idref="fl-c"/>
      </object_component>
      <object_component id="oc-79">
         <name>.idl</name>
         <uninitialized>true</uninitialized>
         <run_address>0x108020f0</run_address>
         <size>0x10</size>
         <input_file_ref idref="fl-c"/>
      </object_component>
      <object_component id="oc-78">
         <name>.idlcal</name>
         <uninitialized>true</uninitialized>
         <run_address>0x10802428</run_address>
         <size>0x10</size>
         <input_file_ref idref="fl-c"/>
      </object_component>
      <object_component id="oc-54">
         <name>.bss</name>
         <uninitialized>true</uninitialized>
         <run_address>0x80899848</run_address>
         <size>0x434</size>
         <input_file_ref idref="fl-c"/>
      </object_component>
      <object_component id="oc-83">
         <name>.bss</name>
         <uninitialized>true</uninitialized>
         <run_address>0x80899f70</run_address>
         <size>0x1c</size>
         <input_file_ref idref="fl-d"/>
      </object_component>
      <object_component id="oc-8f">
         <name>.bss</name>
         <uninitialized>true</uninitialized>
         <run_address>0x8089a048</run_address>
         <size>0xc</size>
         <input_file_ref idref="fl-f"/>
      </object_component>
      <object_component id="oc-96">
         <name>.bss</name>
         <uninitialized>true</uninitialized>
         <run_address>0x80899d7c</run_address>
         <size>0xcc</size>
         <input_file_ref idref="fl-92"/>
      </object_component>
      <object_component id="oc-98">
         <name>.bss</name>
         <uninitialized>true</uninitialized>
         <run_address>0x80899c7c</run_address>
         <size>0x100</size>
         <input_file_ref idref="fl-93"/>
      </object_component>
      <object_component id="oc-9f">
         <name>.bss</name>
         <uninitialized>true</uninitialized>
         <run_address>0x80899fc0</run_address>
         <size>0x18</size>
         <input_file_ref idref="fl-95"/>
      </object_component>
      <object_component id="oc-a5">
         <name>.bss</name>
         <uninitialized>true</uninitialized>
         <run_address>0x80899e48</run_address>
         <size>0x9c</size>
         <input_file_ref idref="fl-96"/>
      </object_component>
      <object_component id="oc-e2">
         <name>.bss</name>
         <uninitialized>true</uninitialized>
         <run_address>0x80899fa8</run_address>
         <size>0x18</size>
         <input_file_ref idref="fl-a6"/>
      </object_component>
      <object_component id="oc-e4">
         <name>.bss</name>
         <uninitialized>true</uninitialized>
         <run_address>0x8089a088</run_address>
         <size>0x4</size>
         <input_file_ref idref="fl-a7"/>
      </object_component>
      <object_component id="oc-110">
         <name>.bss</name>
         <uninitialized>true</uninitialized>
         <run_address>0x8089a06c</run_address>
         <size>0x8</size>
         <input_file_ref idref="fl-b1"/>
      </object_component>
      <object_component id="oc-117">
         <name>.bss</name>
         <uninitialized>true</uninitialized>
         <run_address>0x80899f4c</run_address>
         <size>0x4</size>
         <input_file_ref idref="fl-b3"/>
      </object_component>
      <object_component id="oc-121">
         <name>.bss</name>
         <uninitialized>true</uninitialized>
         <run_address>0x8089a084</run_address>
         <size>0x4</size>
         <input_file_ref idref="fl-b6"/>
      </object_component>
      <object_component id="oc-134">
         <name>.bss</name>
         <uninitialized>true</uninitialized>
         <run_address>0x80899f2c</run_address>
         <size>0x20</size>
         <input_file_ref idref="fl-b9"/>
      </object_component>
      <object_component id="oc-153">
         <name>.bss</name>
         <uninitialized>true</uninitialized>
         <run_address>0x8089a098</run_address>
         <size>0x4</size>
         <input_file_ref idref="fl-be"/>
      </object_component>
      <object_component id="oc-16f">
         <name>.bss</name>
         <uninitialized>true</uninitialized>
         <run_address>0x80899ff8</run_address>
         <size>0x10</size>
         <input_file_ref idref="fl-c3"/>
      </object_component>
      <object_component id="oc-177">
         <name>.bss</name>
         <uninitialized>true</uninitialized>
         <run_address>0x8089a09c</run_address>
         <size>0x4</size>
         <input_file_ref idref="fl-c4"/>
      </object_component>
      <object_component id="oc-182">
         <name>.bss</name>
         <uninitialized>true</uninitialized>
         <run_address>0x80899f50</run_address>
         <size>0x20</size>
         <input_file_ref idref="fl-c6"/>
      </object_component>
      <object_component id="oc-188">
         <name>.bss</name>
         <uninitialized>true</uninitialized>
         <run_address>0x80899fd8</run_address>
         <size>0x10</size>
         <input_file_ref idref="fl-c7"/>
      </object_component>
      <object_component id="oc-1b3">
         <name>.bss</name>
         <uninitialized>true</uninitialized>
         <run_address>0x8089a028</run_address>
         <size>0x10</size>
         <input_file_ref idref="fl-d0"/>
      </object_component>
      <object_component id="oc-1c6">
         <name>.bss</name>
         <uninitialized>true</uninitialized>
         <run_address>0x80899ee4</run_address>
         <size>0x48</size>
         <input_file_ref idref="fl-d3"/>
      </object_component>
      <object_component id="oc-1e0">
         <name>.bss</name>
         <uninitialized>true</uninitialized>
         <run_address>0x8089a0a0</run_address>
         <size>0x4</size>
         <input_file_ref idref="fl-d9"/>
      </object_component>
      <object_component id="oc-1fd">
         <name>.bss</name>
         <uninitialized>true</uninitialized>
         <run_address>0x8089a0a4</run_address>
         <size>0x4</size>
         <input_file_ref idref="fl-df"/>
      </object_component>
      <object_component id="oc-205">
         <name>.bss</name>
         <uninitialized>true</uninitialized>
         <run_address>0x8089a08c</run_address>
         <size>0x4</size>
         <input_file_ref idref="fl-e0"/>
      </object_component>
      <object_component id="oc-22b">
         <name>.bss</name>
         <uninitialized>true</uninitialized>
         <run_address>0x8089a090</run_address>
         <size>0x4</size>
         <input_file_ref idref="fl-e9"/>
      </object_component>
      <object_component id="oc-262">
         <name>.bss</name>
         <uninitialized>true</uninitialized>
         <run_address>0x80899f8c</run_address>
         <size>0x1a</size>
         <input_file_ref idref="fl-f3"/>
      </object_component>
      <object_component id="oc-26a">
         <name>.bss</name>
         <uninitialized>true</uninitialized>
         <run_address>0x8089a038</run_address>
         <size>0xe</size>
         <input_file_ref idref="fl-f4"/>
      </object_component>
      <object_component id="oc-293">
         <name>.bss</name>
         <uninitialized>true</uninitialized>
         <run_address>0x8089a008</run_address>
         <size>0x10</size>
         <input_file_ref idref="fl-fb"/>
      </object_component>
      <object_component id="oc-2a0">
         <name>.bss</name>
         <uninitialized>true</uninitialized>
         <run_address>0x8089a018</run_address>
         <size>0x10</size>
         <input_file_ref idref="fl-fe"/>
      </object_component>
      <object_component id="oc-2c7">
         <name>.bss</name>
         <uninitialized>true</uninitialized>
         <run_address>0x8089a060</run_address>
         <size>0xc</size>
         <input_file_ref idref="fl-107"/>
      </object_component>
      <object_component id="oc-2cd">
         <name>.bss</name>
         <uninitialized>true</uninitialized>
         <run_address>0x8089a094</run_address>
         <size>0x4</size>
         <input_file_ref idref="fl-108"/>
      </object_component>
      <object_component id="oc-2db">
         <name>.bss</name>
         <uninitialized>true</uninitialized>
         <run_address>0x8089a074</run_address>
         <size>0x8</size>
         <input_file_ref idref="fl-10b"/>
      </object_component>
      <object_component id="oc-317">
         <name>.bss</name>
         <uninitialized>true</uninitialized>
         <run_address>0x8089a054</run_address>
         <size>0xc</size>
         <input_file_ref idref="fl-119"/>
      </object_component>
      <object_component id="oc-336">
         <name>.bss</name>
         <uninitialized>true</uninitialized>
         <run_address>0x80899fe8</run_address>
         <size>0x10</size>
         <input_file_ref idref="fl-11f"/>
      </object_component>
      <object_component id="oc-33c">
         <name>.bss</name>
         <uninitialized>true</uninitialized>
         <run_address>0x8089a07c</run_address>
         <size>0x8</size>
         <input_file_ref idref="fl-120"/>
      </object_component>
      <object_component id="oc-5d">
         <name>.far</name>
         <uninitialized>true</uninitialized>
         <run_address>0x808671bc</run_address>
         <size>0x18</size>
         <input_file_ref idref="fl-a"/>
      </object_component>
      <object_component id="oc-86">
         <name>.far</name>
         <uninitialized>true</uninitialized>
         <run_address>0x80856280</run_address>
         <size>0x9610</size>
         <input_file_ref idref="fl-d"/>
      </object_component>
      <object_component id="oc-8d">
         <name>.far</name>
         <uninitialized>true</uninitialized>
         <run_address>0x808671a0</run_address>
         <size>0x1c</size>
         <input_file_ref idref="fl-e"/>
      </object_component>
      <object_component id="oc-92">
         <name>.far</name>
         <uninitialized>true</uninitialized>
         <run_address>0x80800000</run_address>
         <size>0x56224</size>
         <input_file_ref idref="fl-f"/>
      </object_component>
      <object_component id="oc-b2">
         <name>.far</name>
         <uninitialized>true</uninitialized>
         <run_address>0x808671fc</run_address>
         <size>0x10</size>
         <input_file_ref idref="fl-99"/>
      </object_component>
      <object_component id="oc-b7">
         <name>.far</name>
         <uninitialized>true</uninitialized>
         <run_address>0x80867238</run_address>
         <size>0x8</size>
         <input_file_ref idref="fl-9a"/>
      </object_component>
      <object_component id="oc-ce">
         <name>.far</name>
         <uninitialized>true</uninitialized>
         <run_address>0x808657f4</run_address>
         <size>0xc</size>
         <input_file_ref idref="fl-a0"/>
      </object_component>
      <object_component id="oc-11b">
         <name>.far</name>
         <uninitialized>true</uninitialized>
         <run_address>0x80866d94</run_address>
         <size>0x4</size>
         <input_file_ref idref="fl-b4"/>
      </object_component>
      <object_component id="oc-123">
         <name>.far</name>
         <uninitialized>true</uninitialized>
         <run_address>0x80867250</run_address>
         <size>0x4</size>
         <input_file_ref idref="fl-b6"/>
      </object_component>
      <object_component id="oc-12a">
         <name>.far</name>
         <uninitialized>true</uninitialized>
         <run_address>0x80867228</run_address>
         <size>0x8</size>
         <input_file_ref idref="fl-b7"/>
      </object_component>
      <object_component id="oc-137">
         <name>.far</name>
         <uninitialized>true</uninitialized>
         <run_address>0x80865800</run_address>
         <size>0x910</size>
         <input_file_ref idref="fl-b9"/>
      </object_component>
      <object_component id="oc-142">
         <name>.far</name>
         <uninitialized>true</uninitialized>
         <run_address>0x80866c74</run_address>
         <size>0x4</size>
         <input_file_ref idref="fl-bb"/>
      </object_component>
      <object_component id="oc-14e">
         <name>.far</name>
         <uninitialized>true</uninitialized>
         <run_address>0x80867180</run_address>
         <size>0x20</size>
         <input_file_ref idref="fl-bd"/>
      </object_component>
      <object_component id="oc-172">
         <name>.far</name>
         <uninitialized>true</uninitialized>
         <run_address>0x80867210</run_address>
         <size>0xc</size>
         <input_file_ref idref="fl-c3"/>
      </object_component>
      <object_component id="oc-18b">
         <name>.far</name>
         <uninitialized>true</uninitialized>
         <run_address>0x808671ec</run_address>
         <size>0x10</size>
         <input_file_ref idref="fl-c7"/>
      </object_component>
      <object_component id="oc-1a7">
         <name>.far</name>
         <uninitialized>true</uninitialized>
         <run_address>0x80867230</run_address>
         <size>0x8</size>
         <input_file_ref idref="fl-cd"/>
      </object_component>
      <object_component id="oc-1b7">
         <name>.far</name>
         <uninitialized>true</uninitialized>
         <run_address>0x808671d4</run_address>
         <size>0x18</size>
         <input_file_ref idref="fl-d0"/>
      </object_component>
      <object_component id="oc-1c2">
         <name>.far</name>
         <uninitialized>true</uninitialized>
         <run_address>0x80866b38</run_address>
         <size>0x13c</size>
         <input_file_ref idref="fl-d2"/>
      </object_component>
      <object_component id="oc-1c9">
         <name>.far</name>
         <uninitialized>true</uninitialized>
         <run_address>0x80866e78</run_address>
         <size>0xd8</size>
         <input_file_ref idref="fl-d3"/>
      </object_component>
      <object_component id="oc-1e3">
         <name>.far</name>
         <uninitialized>true</uninitialized>
         <run_address>0x80866d98</run_address>
         <size>0xe0</size>
         <input_file_ref idref="fl-d9"/>
      </object_component>
      <object_component id="oc-200">
         <name>.far</name>
         <uninitialized>true</uninitialized>
         <run_address>0x80867018</run_address>
         <size>0xb8</size>
         <input_file_ref idref="fl-df"/>
      </object_component>
      <object_component id="oc-222">
         <name>.far</name>
         <uninitialized>true</uninitialized>
         <run_address>0x808657a0</run_address>
         <size>0x54</size>
         <input_file_ref idref="fl-e7"/>
      </object_component>
      <object_component id="oc-22e">
         <name>.far</name>
         <uninitialized>true</uninitialized>
         <run_address>0x808669ac</run_address>
         <size>0x4</size>
         <input_file_ref idref="fl-e9"/>
      </object_component>
      <object_component id="oc-243">
         <name>.far</name>
         <uninitialized>true</uninitialized>
         <run_address>0x80866f50</run_address>
         <size>0xc8</size>
         <input_file_ref idref="fl-ed"/>
      </object_component>
      <object_component id="oc-25c">
         <name>.far</name>
         <uninitialized>true</uninitialized>
         <run_address>0x80861a10</run_address>
         <size>0x1a30</size>
         <input_file_ref idref="fl-f2"/>
      </object_component>
      <object_component id="oc-265">
         <name>.far</name>
         <uninitialized>true</uninitialized>
         <run_address>0x8085f890</run_address>
         <size>0x2180</size>
         <input_file_ref idref="fl-f3"/>
      </object_component>
      <object_component id="oc-26d">
         <name>.far</name>
         <uninitialized>true</uninitialized>
         <run_address>0x808648b8</run_address>
         <size>0xee8</size>
         <input_file_ref idref="fl-f4"/>
      </object_component>
      <object_component id="oc-28d">
         <name>.far</name>
         <uninitialized>true</uninitialized>
         <run_address>0x80863440</run_address>
         <size>0x1478</size>
         <input_file_ref idref="fl-fa"/>
      </object_component>
      <object_component id="oc-2ca">
         <name>.far</name>
         <uninitialized>true</uninitialized>
         <run_address>0x80856224</run_address>
         <size>0x5c</size>
         <input_file_ref idref="fl-107"/>
      </object_component>
      <object_component id="oc-2de">
         <name>.far</name>
         <uninitialized>true</uninitialized>
         <run_address>0x80867120</run_address>
         <size>0x20</size>
         <input_file_ref idref="fl-10b"/>
      </object_component>
      <object_component id="oc-2eb">
         <name>.far</name>
         <uninitialized>true</uninitialized>
         <run_address>0x808670d0</run_address>
         <size>0x50</size>
         <input_file_ref idref="fl-10e"/>
      </object_component>
      <object_component id="oc-30d">
         <name>.far</name>
         <uninitialized>true</uninitialized>
         <run_address>0x80867240</run_address>
         <size>0x8</size>
         <input_file_ref idref="fl-116"/>
      </object_component>
      <object_component id="oc-320">
         <name>.far</name>
         <uninitialized>true</uninitialized>
         <run_address>0x808669b0</run_address>
         <size>0x188</size>
         <input_file_ref idref="fl-11a"/>
      </object_component>
      <object_component id="oc-325">
         <name>.far</name>
         <uninitialized>true</uninitialized>
         <run_address>0x80867254</run_address>
         <size>0x4</size>
         <input_file_ref idref="fl-11b"/>
      </object_component>
      <object_component id="oc-32a">
         <name>.far</name>
         <uninitialized>true</uninitialized>
         <run_address>0x8086721c</run_address>
         <size>0xc</size>
         <input_file_ref idref="fl-11c"/>
      </object_component>
      <object_component id="oc-32f">
         <name>.far</name>
         <uninitialized>true</uninitialized>
         <run_address>0x80866110</run_address>
         <size>0x578</size>
         <input_file_ref idref="fl-11d"/>
      </object_component>
      <object_component id="oc-339">
         <name>.far</name>
         <uninitialized>true</uninitialized>
         <run_address>0x80867140</run_address>
         <size>0x20</size>
         <input_file_ref idref="fl-11f"/>
      </object_component>
      <object_component id="oc-33f">
         <name>.far</name>
         <uninitialized>true</uninitialized>
         <run_address>0x80867160</run_address>
         <size>0x20</size>
         <input_file_ref idref="fl-120"/>
      </object_component>
      <object_component id="oc-34f">
         <name>.far</name>
         <uninitialized>true</uninitialized>
         <run_address>0x80866688</run_address>
         <size>0x324</size>
         <input_file_ref idref="fl-124"/>
      </object_component>
      <object_component id="oc-3a5">
         <name>.far</name>
         <uninitialized>true</uninitialized>
         <run_address>0x80866c78</run_address>
         <size>0x11c</size>
         <input_file_ref idref="fl-140"/>
      </object_component>
      <object_component id="oc-3a9">
         <name>.far</name>
         <uninitialized>true</uninitialized>
         <run_address>0x80867248</run_address>
         <size>0x8</size>
         <input_file_ref idref="fl-141"/>
      </object_component>
      <object_component id="oc-3bb">
         <name>.far</name>
         <uninitialized>true</uninitialized>
         <run_address>0x8086720c</run_address>
         <size>0x4</size>
         <input_file_ref idref="fl-146"/>
      </object_component>
      <object_component id="oc-62">
         <name>.mem</name>
         <uninitialized>true</uninitialized>
         <run_address>0x8086725c</run_address>
         <size>0x4</size>
         <input_file_ref idref="fl-c"/>
      </object_component>
      <object_component id="oc-2c3">
         <name>.bios</name>
         <load_address>0x8088e880</load_address>
         <run_address>0x8088e880</run_address>
         <size>0x5c0</size>
         <input_file_ref idref="fl-106"/>
      </object_component>
      <object_component id="oc-a1">
         <name>.bios</name>
         <load_address>0x8088ee40</load_address>
         <run_address>0x8088ee40</run_address>
         <size>0x5c0</size>
         <input_file_ref idref="fl-95"/>
      </object_component>
      <object_component id="oc-18c">
         <name>.bios</name>
         <load_address>0x8088f400</load_address>
         <run_address>0x8088f400</run_address>
         <size>0x520</size>
         <input_file_ref idref="fl-c7"/>
      </object_component>
      <object_component id="oc-53">
         <name>.bios</name>
         <load_address>0x8088f920</load_address>
         <run_address>0x8088f920</run_address>
         <size>0x4e0</size>
         <input_file_ref idref="fl-93"/>
      </object_component>
      <object_component id="oc-50">
         <name>.bios</name>
         <load_address>0x8088fe00</load_address>
         <run_address>0x8088fe00</run_address>
         <size>0x4c0</size>
         <input_file_ref idref="fl-96"/>
      </object_component>
      <object_component id="oc-ff">
         <name>.bios</name>
         <load_address>0x808902c0</load_address>
         <run_address>0x808902c0</run_address>
         <size>0x380</size>
         <input_file_ref idref="fl-ad"/>
      </object_component>
      <object_component id="oc-19d">
         <name>.bios</name>
         <load_address>0x80890640</load_address>
         <run_address>0x80890640</run_address>
         <size>0x2a0</size>
         <input_file_ref idref="fl-cb"/>
      </object_component>
      <object_component id="oc-3c2">
         <name>.bios</name>
         <load_address>0x808908e0</load_address>
         <run_address>0x808908e0</run_address>
         <size>0x2a0</size>
         <input_file_ref idref="fl-148"/>
      </object_component>
      <object_component id="oc-104">
         <name>.bios</name>
         <load_address>0x80890b80</load_address>
         <run_address>0x80890b80</run_address>
         <size>0x280</size>
         <input_file_ref idref="fl-ae"/>
      </object_component>
      <object_component id="oc-1dc">
         <name>.bios</name>
         <load_address>0x80890e00</load_address>
         <run_address>0x80890e00</run_address>
         <size>0x240</size>
         <input_file_ref idref="fl-d8"/>
      </object_component>
      <object_component id="oc-22f">
         <name>.bios</name>
         <load_address>0x80891040</load_address>
         <run_address>0x80891040</run_address>
         <size>0x240</size>
         <input_file_ref idref="fl-e9"/>
      </object_component>
      <object_component id="oc-233">
         <name>.bios</name>
         <load_address>0x80891280</load_address>
         <run_address>0x80891280</run_address>
         <size>0x220</size>
         <input_file_ref idref="fl-ea"/>
      </object_component>
      <object_component id="oc-20c">
         <name>.bios:.near</name>
         <load_address>0x808914a0</load_address>
         <run_address>0x808914a0</run_address>
         <size>0x200</size>
         <input_file_ref idref="fl-e2"/>
      </object_component>
      <object_component id="oc-2af">
         <name>.bios</name>
         <load_address>0x808916a0</load_address>
         <run_address>0x808916a0</run_address>
         <size>0x200</size>
         <input_file_ref idref="fl-101"/>
      </object_component>
      <object_component id="oc-207">
         <name>.bios:.near</name>
         <load_address>0x808918a0</load_address>
         <run_address>0x808918a0</run_address>
         <size>0x1e0</size>
         <input_file_ref idref="fl-e1"/>
      </object_component>
      <object_component id="oc-184">
         <name>.bios</name>
         <load_address>0x80891a80</load_address>
         <run_address>0x80891a80</run_address>
         <size>0x1e0</size>
         <input_file_ref idref="fl-c6"/>
      </object_component>
      <object_component id="oc-57">
         <name>.bios</name>
         <load_address>0x80891c60</load_address>
         <run_address>0x80891c60</run_address>
         <size>0x1e0</size>
         <input_file_ref idref="fl-99"/>
      </object_component>
      <object_component id="oc-fb">
         <name>.bios</name>
         <load_address>0x80891e40</load_address>
         <run_address>0x80891e40</run_address>
         <size>0x1e0</size>
         <input_file_ref idref="fl-ac"/>
      </object_component>
      <object_component id="oc-1b0">
         <name>.bios</name>
         <load_address>0x80892020</load_address>
         <run_address>0x80892020</run_address>
         <size>0x1c0</size>
         <input_file_ref idref="fl-cf"/>
      </object_component>
      <object_component id="oc-2fe">
         <name>.bios</name>
         <load_address>0x808921e0</load_address>
         <run_address>0x808921e0</run_address>
         <size>0x1c0</size>
         <input_file_ref idref="fl-112"/>
      </object_component>
      <object_component id="oc-13d">
         <name>.bios</name>
         <load_address>0x808923a0</load_address>
         <run_address>0x808923a0</run_address>
         <size>0x1c0</size>
         <input_file_ref idref="fl-ba"/>
      </object_component>
      <object_component id="oc-2e5">
         <name>.bios</name>
         <load_address>0x80892560</load_address>
         <run_address>0x80892560</run_address>
         <size>0x1a0</size>
         <input_file_ref idref="fl-10d"/>
      </object_component>
      <object_component id="oc-d4">
         <name>.bios</name>
         <load_address>0x80892700</load_address>
         <run_address>0x80892700</run_address>
         <size>0x1a0</size>
         <input_file_ref idref="fl-a2"/>
      </object_component>
      <object_component id="oc-f3">
         <name>.bios</name>
         <load_address>0x808928a0</load_address>
         <run_address>0x808928a0</run_address>
         <size>0x180</size>
         <input_file_ref idref="fl-aa"/>
      </object_component>
      <object_component id="oc-302">
         <name>.bios</name>
         <load_address>0x80892a20</load_address>
         <run_address>0x80892a20</run_address>
         <size>0x140</size>
         <input_file_ref idref="fl-113"/>
      </object_component>
      <object_component id="oc-2d4">
         <name>.bios</name>
         <load_address>0x80892b60</load_address>
         <run_address>0x80892b60</run_address>
         <size>0x140</size>
         <input_file_ref idref="fl-109"/>
      </object_component>
      <object_component id="oc-195">
         <name>.bios</name>
         <load_address>0x80892ca0</load_address>
         <run_address>0x80892ca0</run_address>
         <size>0x140</size>
         <input_file_ref idref="fl-c9"/>
      </object_component>
      <object_component id="oc-191">
         <name>.bios</name>
         <load_address>0x80892de0</load_address>
         <run_address>0x80892de0</run_address>
         <size>0x120</size>
         <input_file_ref idref="fl-c8"/>
      </object_component>
      <object_component id="oc-1cf">
         <name>.bios</name>
         <load_address>0x80892f00</load_address>
         <run_address>0x80892f00</run_address>
         <size>0x120</size>
         <input_file_ref idref="fl-d5"/>
      </object_component>
      <object_component id="oc-238">
         <name>.bios</name>
         <load_address>0x80893020</load_address>
         <run_address>0x80893020</run_address>
         <size>0x120</size>
         <input_file_ref idref="fl-eb"/>
      </object_component>
      <object_component id="oc-2ec">
         <name>.bios</name>
         <load_address>0x80893140</load_address>
         <run_address>0x80893140</run_address>
         <size>0x120</size>
         <input_file_ref idref="fl-10e"/>
      </object_component>
      <object_component id="oc-12b">
         <name>.bios</name>
         <load_address>0x80893260</load_address>
         <run_address>0x80893260</run_address>
         <size>0x100</size>
         <input_file_ref idref="fl-b7"/>
      </object_component>
      <object_component id="oc-1ac">
         <name>.bios</name>
         <load_address>0x80893360</load_address>
         <run_address>0x80893360</run_address>
         <size>0x100</size>
         <input_file_ref idref="fl-ce"/>
      </object_component>
      <object_component id="oc-51">
         <name>.bios</name>
         <load_address>0x80893460</load_address>
         <run_address>0x80893460</run_address>
         <size>0xe0</size>
         <input_file_ref idref="fl-9d"/>
      </object_component>
      <object_component id="oc-1a2">
         <name>.bios</name>
         <load_address>0x80893540</load_address>
         <run_address>0x80893540</run_address>
         <size>0xc0</size>
         <input_file_ref idref="fl-cc"/>
      </object_component>
      <object_component id="oc-1cc">
         <name>.bios</name>
         <load_address>0x80893600</load_address>
         <run_address>0x80893600</run_address>
         <size>0xc0</size>
         <input_file_ref idref="fl-d4"/>
      </object_component>
      <object_component id="oc-2b3">
         <name>.bios</name>
         <load_address>0x808936c0</load_address>
         <run_address>0x808936c0</run_address>
         <size>0xa0</size>
         <input_file_ref idref="fl-102"/>
      </object_component>
      <object_component id="oc-2d8">
         <name>.bios</name>
         <load_address>0x80893760</load_address>
         <run_address>0x80893760</run_address>
         <size>0xa0</size>
         <input_file_ref idref="fl-10a"/>
      </object_component>
      <object_component id="oc-1f0">
         <name>.bios</name>
         <load_address>0x80893800</load_address>
         <run_address>0x80893800</run_address>
         <size>0x80</size>
         <input_file_ref idref="fl-dc"/>
      </object_component>
      <object_component id="oc-2fa">
         <name>.bios</name>
         <load_address>0x80893880</load_address>
         <run_address>0x80893880</run_address>
         <size>0x80</size>
         <input_file_ref idref="fl-111"/>
      </object_component>
      <object_component id="oc-1d4">
         <name>.bios</name>
         <load_address>0x80893900</load_address>
         <run_address>0x80893900</run_address>
         <size>0x80</size>
         <input_file_ref idref="fl-d6"/>
      </object_component>
      <object_component id="oc-1d8">
         <name>.bios</name>
         <load_address>0x80893980</load_address>
         <run_address>0x80893980</run_address>
         <size>0x80</size>
         <input_file_ref idref="fl-d7"/>
      </object_component>
      <object_component id="oc-2f1">
         <name>.bios</name>
         <load_address>0x80893a00</load_address>
         <run_address>0x80893a00</run_address>
         <size>0x80</size>
         <input_file_ref idref="fl-10f"/>
      </object_component>
      <object_component id="oc-f7">
         <name>.bios</name>
         <load_address>0x80893a80</load_address>
         <run_address>0x80893a80</run_address>
         <size>0x80</size>
         <input_file_ref idref="fl-ab"/>
      </object_component>
      <object_component id="oc-219">
         <name>.bios</name>
         <load_address>0x80893b00</load_address>
         <run_address>0x80893b00</run_address>
         <size>0x80</size>
         <input_file_ref idref="fl-e5"/>
      </object_component>
      <object_component id="oc-4f">
         <name>.bios</name>
         <load_address>0x80893b80</load_address>
         <run_address>0x80893b80</run_address>
         <size>0x80</size>
         <input_file_ref idref="fl-9a"/>
      </object_component>
      <object_component id="oc-2d0">
         <name>.bios</name>
         <load_address>0x80893c00</load_address>
         <run_address>0x80893c00</run_address>
         <size>0x80</size>
         <input_file_ref idref="fl-108"/>
      </object_component>
      <object_component id="oc-143">
         <name>.bios</name>
         <load_address>0x80893c80</load_address>
         <run_address>0x80893c80</run_address>
         <size>0x80</size>
         <input_file_ref idref="fl-bb"/>
      </object_component>
      <object_component id="oc-ea">
         <name>.bios</name>
         <load_address>0x80893d00</load_address>
         <run_address>0x80893d00</run_address>
         <size>0x80</size>
         <input_file_ref idref="fl-a8"/>
      </object_component>
      <object_component id="oc-215">
         <name>.bios:.near</name>
         <load_address>0x80893d80</load_address>
         <run_address>0x80893d80</run_address>
         <size>0x60</size>
         <input_file_ref idref="fl-e4"/>
      </object_component>
      <object_component id="oc-2bf">
         <name>.bios:.near</name>
         <load_address>0x80893de0</load_address>
         <run_address>0x80893de0</run_address>
         <size>0x60</size>
         <input_file_ref idref="fl-105"/>
      </object_component>
      <object_component id="oc-1f5">
         <name>.bios</name>
         <load_address>0x80893e40</load_address>
         <run_address>0x80893e40</run_address>
         <size>0x60</size>
         <input_file_ref idref="fl-dd"/>
      </object_component>
      <object_component id="oc-d8">
         <name>.bios</name>
         <load_address>0x80893ea0</load_address>
         <run_address>0x80893ea0</run_address>
         <size>0x60</size>
         <input_file_ref idref="fl-a3"/>
      </object_component>
      <object_component id="oc-1bb">
         <name>.bios</name>
         <load_address>0x80893f00</load_address>
         <run_address>0x80893f00</run_address>
         <size>0x60</size>
         <input_file_ref idref="fl-d1"/>
      </object_component>
      <object_component id="oc-e6">
         <name>.bios</name>
         <load_address>0x80893f60</load_address>
         <run_address>0x80893f60</run_address>
         <size>0x60</size>
         <input_file_ref idref="fl-a7"/>
      </object_component>
      <object_component id="oc-21d">
         <name>.bios</name>
         <load_address>0x80893fc0</load_address>
         <run_address>0x80893fc0</run_address>
         <size>0x60</size>
         <input_file_ref idref="fl-e6"/>
      </object_component>
      <object_component id="oc-4c">
         <name>.bios</name>
         <load_address>0x80894020</load_address>
         <run_address>0x80894020</run_address>
         <size>0x60</size>
         <input_file_ref idref="fl-9c"/>
      </object_component>
      <object_component id="oc-10c">
         <name>.bios</name>
         <load_address>0x80894080</load_address>
         <run_address>0x80894080</run_address>
         <size>0x60</size>
         <input_file_ref idref="fl-b0"/>
      </object_component>
      <object_component id="oc-2bb">
         <name>.bios</name>
         <load_address>0x808940e0</load_address>
         <run_address>0x808940e0</run_address>
         <size>0x60</size>
         <input_file_ref idref="fl-104"/>
      </object_component>
      <object_component id="oc-56">
         <name>.bios</name>
         <load_address>0x80894140</load_address>
         <run_address>0x80894140</run_address>
         <size>0x60</size>
         <input_file_ref idref="fl-a0"/>
      </object_component>
      <object_component id="oc-11d">
         <name>.bios</name>
         <load_address>0x808941a0</load_address>
         <run_address>0x808941a0</run_address>
         <size>0x60</size>
         <input_file_ref idref="fl-b5"/>
      </object_component>
      <object_component id="oc-1e8">
         <name>.bios</name>
         <load_address>0x80894200</load_address>
         <run_address>0x80894200</run_address>
         <size>0x40</size>
         <input_file_ref idref="fl-da"/>
      </object_component>
      <object_component id="oc-1ed">
         <name>.bios</name>
         <load_address>0x80894240</load_address>
         <run_address>0x80894240</run_address>
         <size>0x40</size>
         <input_file_ref idref="fl-db"/>
      </object_component>
      <object_component id="oc-1f9">
         <name>.bios</name>
         <load_address>0x80894280</load_address>
         <run_address>0x80894280</run_address>
         <size>0x40</size>
         <input_file_ref idref="fl-de"/>
      </object_component>
      <object_component id="oc-4d">
         <name>.bios</name>
         <load_address>0x808942c0</load_address>
         <run_address>0x808942c0</run_address>
         <size>0x40</size>
         <input_file_ref idref="fl-94"/>
      </object_component>
      <object_component id="oc-299">
         <name>.bios</name>
         <load_address>0x80894300</load_address>
         <run_address>0x80894300</run_address>
         <size>0x40</size>
         <input_file_ref idref="fl-fc"/>
      </object_component>
      <object_component id="oc-108">
         <name>.bios</name>
         <load_address>0x80894340</load_address>
         <run_address>0x80894340</run_address>
         <size>0x40</size>
         <input_file_ref idref="fl-af"/>
[...]
         <name>_TSK_setup</name>
         <value>0x80892560</value>
         <object_component_ref idref="oc-2e5"/>
      </symbol>
      <symbol id="sm-250d">
         <name>__MEM_mutex</name>
         <value>0x808670f8</value>
         <object_component_ref idref="oc-2eb"/>
      </symbol>
      <symbol id="sm-250e">
         <name>_TSK_startup</name>
         <value>0x808931e4</value>
         <object_component_ref idref="oc-2ec"/>
      </symbol>
      <symbol id="sm-250f">
         <name>__TSK_mutex</name>
         <value>0x808670d0</value>
         <object_component_ref idref="oc-2eb"/>
      </symbol>
      <symbol id="sm-251c">
         <name>_LCK_pend</name>
         <value>0x80893a20</value>
         <object_component_ref idref="oc-2f1"/>
      </symbol>
      <symbol id="sm-251d">
         <name>_LCK_post</name>
         <value>0x80893a00</value>
         <object_component_ref idref="oc-2f1"/>
      </symbol>
      <symbol id="sm-2539">
         <name>__DDA_i2cUnregisterIntrHandler</name>
         <value>0x8088b8f0</value>
         <object_component_ref idref="oc-2f4"/>
      </symbol>
      <symbol id="sm-253a">
         <name>__DDA_i2cSleep</name>
         <value>0x8088b960</value>
         <object_component_ref idref="oc-2f4"/>
      </symbol>
      <symbol id="sm-253b">
         <name>__DDA_i2cRegisterIntrHandler</name>
         <value>0x8088b820</value>
         <object_component_ref idref="oc-2f4"/>
      </symbol>
      <symbol id="sm-253c">
         <name>__DDA_i2cOsGetTicks</name>
         <value>0x8088b970</value>
         <object_component_ref idref="oc-2f4"/>
      </symbol>
      <symbol id="sm-254c">
         <name>__GIO_iomCallback</name>
         <value>0x80893880</value>
         <object_component_ref idref="oc-2fa"/>
      </symbol>
      <symbol id="sm-255e">
         <name>__SEM_dopost</name>
         <value>0x808921e0</value>
         <object_component_ref idref="oc-2fe"/>
      </symbol>
      <symbol id="sm-2572">
         <name>__auto_init</name>
         <value>0x80892a20</value>
         <object_component_ref idref="oc-302"/>
      </symbol>
      <symbol id="sm-257b">
         <name>__c6xabi_divi</name>
         <value>0x8088c8a0</value>
         <object_component_ref idref="oc-3dd"/>
      </symbol>
      <symbol id="sm-257c">
         <name>__divi</name>
         <value>0x8088c8a0</value>
         <object_component_ref idref="oc-3dd"/>
      </symbol>
      <symbol id="sm-2585">
         <name>__c6xabi_divu</name>
         <value>0x8088d000</value>
         <object_component_ref idref="oc-3d4"/>
      </symbol>
      <symbol id="sm-2586">
         <name>__divu</name>
         <value>0x8088d000</value>
         <object_component_ref idref="oc-3d4"/>
      </symbol>
      <symbol id="sm-2598">
         <name>__unlock</name>
         <value>0x80867244</value>
         <object_component_ref idref="oc-30d"/>
      </symbol>
      <symbol id="sm-2599">
         <name>__lock</name>
         <value>0x80867240</value>
         <object_component_ref idref="oc-30d"/>
      </symbol>
      <symbol id="sm-259a">
         <name>__register_lock</name>
         <value>0x8088e480</value>
         <object_component_ref idref="oc-3e7"/>
      </symbol>
      <symbol id="sm-259b">
         <name>__nop</name>
         <value>0x8088e420</value>
         <object_component_ref idref="oc-3e9"/>
      </symbol>
      <symbol id="sm-259c">
         <name>__register_unlock</name>
         <value>0x8088e4a0</value>
         <object_component_ref idref="oc-3e8"/>
      </symbol>
      <symbol id="sm-25a5">
         <name>__remu</name>
         <value>0x8088d8e0</value>
         <object_component_ref idref="oc-3e6"/>
      </symbol>
      <symbol id="sm-25a6">
         <name>__c6xabi_remu</name>
         <value>0x8088d8e0</value>
         <object_component_ref idref="oc-3e6"/>
      </symbol>
      <symbol id="sm-25ae">
         <name>__c6xabi_strasgi_64plus</name>
         <value>0x8088e340</value>
         <object_component_ref idref="oc-3d2"/>
      </symbol>
      <symbol id="sm-25af">
         <name>__strasgi_64plus</name>
         <value>0x8088e340</value>
         <object_component_ref idref="oc-3d2"/>
      </symbol>
      <symbol id="sm-26b5">
         <name>_aic33_closeCodec</name>
         <value>0x80880c0c</value>
         <object_component_ref idref="oc-316"/>
      </symbol>
      <symbol id="sm-26b6">
         <name>_aic33_outGainControl</name>
         <value>0x80880b38</value>
         <object_component_ref idref="oc-316"/>
      </symbol>
      <symbol id="sm-26b7">
         <name>_aic33_inGainControl</name>
         <value>0x80880a40</value>
         <object_component_ref idref="oc-316"/>
      </symbol>
      <symbol id="sm-26b8">
         <name>_aic33_sampleRateControl</name>
         <value>0x8087fab4</value>
         <object_component_ref idref="oc-316"/>
      </symbol>
      <symbol id="sm-26b9">
         <name>_writeToIOExpander</name>
         <value>0x80880c40</value>
         <object_component_ref idref="oc-316"/>
      </symbol>
      <symbol id="sm-26ba">
         <name>_aic33Codec_config</name>
         <value>0x80880304</value>
         <object_component_ref idref="oc-316"/>
      </symbol>
      <symbol id="sm-26d0">
         <name>_atexit</name>
         <value>0x8088d180</value>
         <object_component_ref idref="oc-3fb"/>
      </symbol>
      <symbol id="sm-26d1">
         <name>___atexit_func_id__</name>
         <value>0x808669b0</value>
         <object_component_ref idref="oc-320"/>
      </symbol>
      <symbol id="sm-26e9">
         <name>_dtors</name>
         <value>0x80867254</value>
         <object_component_ref idref="oc-325"/>
      </symbol>
      <symbol id="sm-26ea">
         <name>_call_dtors</name>
         <value>0x8088c4e0</value>
         <object_component_ref idref="oc-40b"/>
      </symbol>
      <symbol id="sm-26eb">
         <name>___add_dtor</name>
         <value>0x8088e180</value>
         <object_component_ref idref="oc-404"/>
      </symbol>
      <symbol id="sm-26f7">
         <name>___TI_enable_exit_profile_output</name>
         <value>0x80867224</value>
         <object_component_ref idref="oc-32a"/>
      </symbol>
      <symbol id="sm-26f8">
         <name>__cleanup_ptr</name>
         <value>0x8086721c</value>
         <object_component_ref idref="oc-32a"/>
      </symbol>
      <symbol id="sm-26f9">
         <name>__dtors_ptr</name>
         <value>0x80867220</value>
         <object_component_ref idref="oc-32a"/>
      </symbol>
      <symbol id="sm-2703">
         <name>_edma3GblCfgParams</name>
         <value>0x80866110</value>
         <object_component_ref idref="oc-32f"/>
      </symbol>
      <symbol id="sm-2704">
         <name>_instanceInitConfig</name>
         <value>0x808663e8</value>
         <object_component_ref idref="oc-32f"/>
      </symbol>
      <symbol id="sm-273f">
         <name>_edma3OsProtectExit</name>
         <value>0x80887df8</value>
         <object_component_ref idref="oc-331"/>
      </symbol>
      <symbol id="sm-2740">
         <name>_edma3OsWaitMsecs</name>
         <value>0x80887e90</value>
         <object_component_ref idref="oc-331"/>
      </symbol>
      <symbol id="sm-2741">
         <name>_edma3OsSemCreate</name>
         <value>0x80887f2c</value>
         <object_component_ref idref="oc-331"/>
      </symbol>
      <symbol id="sm-2742">
         <name>_edma3OsProtectEntry</name>
         <value>0x80887d40</value>
         <object_component_ref idref="oc-331"/>
      </symbol>
      <symbol id="sm-2743">
         <name>_edma3OsSemGive</name>
         <value>0x80888024</value>
         <object_component_ref idref="oc-331"/>
      </symbol>
      <symbol id="sm-2744">
         <name>_Edma3_CacheFlush</name>
         <value>0x80887f0c</value>
         <object_component_ref idref="oc-331"/>
      </symbol>
      <symbol id="sm-2745">
         <name>_Edma3_CacheInvalidate</name>
         <value>0x80887eec</value>
         <object_component_ref idref="oc-331"/>
      </symbol>
      <symbol id="sm-2746">
         <name>_edma3OsSemTake</name>
         <value>0x80887fc8</value>
         <object_component_ref idref="oc-331"/>
      </symbol>
      <symbol id="sm-2747">
         <name>_edma3OsSemDelete</name>
         <value>0x80887f8c</value>
         <object_component_ref idref="oc-331"/>
      </symbol>
      <symbol id="sm-2755">
         <name>_tcErrorInt</name>
         <value>0x80867140</value>
         <object_component_ref idref="oc-339"/>
      </symbol>
      <symbol id="sm-2756">
         <name>_ccXferCompInt</name>
         <value>0x80899ff0</value>
         <object_component_ref idref="oc-336"/>
      </symbol>
      <symbol id="sm-2757">
         <name>_ccErrorInt</name>
         <value>0x80899ff4</value>
         <object_component_ref idref="oc-336"/>
      </symbol>
      <symbol id="sm-2758">
         <name>_numEdma3EvtQue</name>
         <value>0x80899fe8</value>
         <object_component_ref idref="oc-336"/>
      </symbol>
      <symbol id="sm-2759">
         <name>_numEdma3Tc</name>
         <value>0x80899fec</value>
         <object_component_ref idref="oc-336"/>
      </symbol>
      <symbol id="sm-278f">
         <name>_edma3deinit</name>
         <value>0x80888df0</value>
         <object_component_ref idref="oc-33b"/>
      </symbol>
      <symbol id="sm-2790">
         <name>_hEdma</name>
         <value>0x8089a07c</value>
         <object_component_ref idref="oc-33c"/>
      </symbol>
      <symbol id="sm-2791">
         <name>_ptrEdma3TcIsrHandler</name>
         <value>0x80867160</value>
         <object_component_ref idref="oc-33f"/>
      </symbol>
      <symbol id="sm-2792">
         <name>_edma3init</name>
         <value>0x80888c20</value>
         <object_component_ref idref="oc-33b"/>
      </symbol>
      <symbol id="sm-279c">
         <name>_memcpy</name>
         <value>0x8088dac0</value>
         <object_component_ref idref="oc-3db"/>
      </symbol>
      <symbol id="sm-27a7">
         <name>_memset</name>
         <value>0x8088cb40</value>
         <object_component_ref idref="oc-3d6"/>
      </symbol>
      <symbol id="sm-27bc">
         <name>_printf</name>
         <value>0x8088cc20</value>
         <object_component_ref idref="oc-3f3"/>
      </symbol>
      <symbol id="sm-27c6">
         <name>__tmpnams</name>
         <value>0x80866868</value>
         <object_component_ref idref="oc-34f"/>
      </symbol>
      <symbol id="sm-27c7">
         <name>__ft_end</name>
         <value>0x808669a8</value>
         <object_component_ref idref="oc-34f"/>
      </symbol>
      <symbol id="sm-27c8">
         <name>__ftable</name>
         <value>0x80866688</value>
         <object_component_ref idref="oc-34f"/>
      </symbol>
      <symbol id="sm-28e6">
         <name>__printfi</name>
         <value>0x80886a60</value>
         <object_component_ref idref="oc-3ff"/>
      </symbol>
      <symbol id="sm-28f0">
         <name>___isinf</name>
         <value>0x8088e1c0</value>
         <object_component_ref idref="oc-417"/>
      </symbol>
      <symbol id="sm-28ff">
         <name>__cmpd</name>
         <value>0x8088c7c0</value>
         <object_component_ref idref="oc-418"/>
      </symbol>
      <symbol id="sm-2917">
         <name>__divd</name>
         <value>0x80885780</value>
         <object_component_ref idref="oc-428"/>
      </symbol>
      <symbol id="sm-2927">
         <name>__divul</name>
         <value>0x8088b360</value>
         <object_component_ref idref="oc-433"/>
      </symbol>
      <symbol id="sm-2928">
         <name>__remli</name>
         <value>0x8088e300</value>
         <object_component_ref idref="oc-437"/>
      </symbol>
      <symbol id="sm-2929">
         <name>__divli</name>
         <value>0x8088d5c0</value>
         <object_component_ref idref="oc-438"/>
      </symbol>
      <symbol id="sm-293d">
         <name>__subcull</name>
         <value>0x8088e000</value>
         <object_component_ref idref="oc-43b"/>
      </symbol>
      <symbol id="sm-293e">
         <name>__divull</name>
         <value>0x80889420</value>
         <object_component_ref idref="oc-434"/>
      </symbol>
      <symbol id="sm-294b">
         <name>__fixdi</name>
         <value>0x8088dc00</value>
         <object_component_ref idref="oc-42f"/>
      </symbol>
      <symbol id="sm-2958">
         <name>__fixdli</name>
         <value>0x8088d7a0</value>
         <object_component_ref idref="oc-42b"/>
      </symbol>
      <symbol id="sm-2963">
         <name>__fltlid</name>
         <value>0x8088dc80</value>
         <object_component_ref idref="oc-42d"/>
      </symbol>
      <symbol id="sm-296d">
         <name>__frcmpyd_div</name>
         <value>0x8088e240</value>
         <object_component_ref idref="oc-432"/>
      </symbol>
      <symbol id="sm-297b">
         <name>__llshl</name>
         <value>0x8088dd00</value>
         <object_component_ref idref="oc-43a"/>
      </symbol>
      <symbol id="sm-297c">
         <name>__llshru</name>
         <value>0x8088e280</value>
         <object_component_ref idref="oc-43c"/>
      </symbol>
      <symbol id="sm-2992">
         <name>__mpyd</name>
         <value>0x80889680</value>
         <object_component_ref idref="oc-427"/>
      </symbol>
      <symbol id="sm-299c">
         <name>__frcmpyd</name>
         <value>0x8088c2e0</value>
         <object_component_ref idref="oc-430"/>
      </symbol>
      <symbol id="sm-29a6">
         <name>__negd</name>
         <value>0x8088e2c0</value>
         <object_component_ref idref="oc-419"/>
      </symbol>
      <symbol id="sm-29b0">
         <name>__negll</name>
         <value>0x8088e400</value>
         <object_component_ref idref="oc-41e"/>
      </symbol>
      <symbol id="sm-29ba">
         <name>__subd</name>
         <value>0x8088e380</value>
         <object_component_ref idref="oc-42e"/>
      </symbol>
      <symbol id="sm-29ca">
         <name>__addd</name>
         <value>0x8088a400</value>
         <object_component_ref idref="oc-439"/>
      </symbol>
      <symbol id="sm-29da">
         <name>__frcaddd</name>
         <value>0x8088a600</value>
         <object_component_ref idref="oc-43e"/>
      </symbol>
      <symbol id="sm-29e7">
         <name>__renormd</name>
         <value>0x8088dd80</value>
         <object_component_ref idref="oc-440"/>
      </symbol>
      <symbol id="sm-29f5">
         <name>_atoi</name>
         <value>0x8088c980</value>
         <object_component_ref idref="oc-40f"/>
      </symbol>
      <symbol id="sm-29fd">
         <name>__ctypes_</name>
         <value>0x808992b8</value>
         <object_component_ref idref="oc-415"/>
      </symbol>
      <symbol id="sm-2a18">
         <name>_putc</name>
         <value>0x8088a1e0</value>
         <object_component_ref idref="oc-40a"/>
      </symbol>
      <symbol id="sm-2a19">
         <name>_fputc</name>
         <value>0x8088a1e0</value>
         <object_component_ref idref="oc-40a"/>
      </symbol>
      <symbol id="sm-2a26">
         <name>__doflush</name>
         <value>0x8088d0c0</value>
         <object_component_ref idref="oc-40d"/>
      </symbol>
      <symbol id="sm-2a35">
         <name>__wrt_ok</name>
         <value>0x8088c3e0</value>
         <object_component_ref idref="oc-40c"/>
      </symbol>
      <symbol id="sm-2a57">
         <name>_fputs</name>
         <value>0x808872e0</value>
         <object_component_ref idref="oc-405"/>
      </symbol>
      <symbol id="sm-2a68">
         <name>_fseek</name>
         <value>0x8088c0c0</value>
         <object_component_ref idref="oc-413"/>
      </symbol>
      <symbol id="sm-2aac">
         <name>_unlink</name>
         <value>0x8088de80</value>
         <object_component_ref idref="oc-43d"/>
      </symbol>
      <symbol id="sm-2aad">
         <name>_lseek</name>
         <value>0x8088da20</value>
         <object_component_ref idref="oc-420"/>
      </symbol>
      <symbol id="sm-2aae">
         <name>_close</name>
         <value>0x8088ca60</value>
         <object_component_ref idref="oc-435"/>
      </symbol>
      <symbol id="sm-2aaf">
         <name>_write</name>
         <value>0x8088db60</value>
         <object_component_ref idref="oc-40e"/>
      </symbol>
      <symbol id="sm-2ad8">
         <name>_HOSTopen</name>
         <value>0x8088c6e0</value>
         <object_component_ref idref="oc-3ec"/>
      </symbol>
      <symbol id="sm-2ad9">
         <name>_HOSTread</name>
         <value>0x8088cd00</value>
         <object_component_ref idref="oc-3ee"/>
      </symbol>
      <symbol id="sm-2ada">
         <name>_HOSTrename</name>
         <value>0x8088b6a0</value>
         <object_component_ref idref="oc-3f2"/>
      </symbol>
      <symbol id="sm-2adb">
         <name>_HOSTwrite</name>
         <value>0x8088ce80</value>
         <object_component_ref idref="oc-3ef"/>
      </symbol>
      <symbol id="sm-2adc">
         <name>_HOSTlseek</name>
         <value>0x8088c1e0</value>
         <object_component_ref idref="oc-3f0"/>
      </symbol>
      <symbol id="sm-2add">
         <name>_HOSTunlink</name>
         <value>0x8088cdc0</value>
         <object_component_ref idref="oc-3f1"/>
      </symbol>
      <symbol id="sm-2ade">
         <name>_HOSTclose</name>
         <value>0x8088d480</value>
         <object_component_ref idref="oc-3ed"/>
      </symbol>
      <symbol id="sm-2aeb">
         <name>_ltoa</name>
         <value>0x8088d240</value>
         <object_component_ref idref="oc-42c"/>
      </symbol>
      <symbol id="sm-2af8">
         <name>_memccpy</name>
         <value>0x8088e060</value>
         <object_component_ref idref="oc-412"/>
      </symbol>
      <symbol id="sm-2b08">
         <name>C$$IO$$</name>
         <value>0x8088e178</value>
         <object_component_ref idref="oc-3fc"/>
      </symbol>
      <symbol id="sm-2b09">
         <name>__CIOBUF_</name>
         <value>0x8089ac58</value>
         <object_component_ref idref="oc-3b3"/>
      </symbol>
      <symbol id="sm-2b0a">
         <name>_readmsg</name>
         <value>0x8088de00</value>
         <object_component_ref idref="oc-3fd"/>
      </symbol>
      <symbol id="sm-2b0b">
         <name>_writemsg</name>
         <value>0x8088e120</value>
         <object_component_ref idref="oc-3fc"/>
      </symbol>
      <symbol id="sm-2b21">
         <name>_setvbuf</name>
         <value>0x8088aa00</value>
         <object_component_ref idref="oc-414"/>
      </symbol>
      <symbol id="sm-2b34">
         <name>__cleanup</name>
         <value>0x8088d520</value>
         <object_component_ref idref="oc-421"/>
      </symbol>
      <symbol id="sm-2b46">
         <name>__closefile</name>
         <value>0x8088bd60</value>
         <object_component_ref idref="oc-42a"/>
      </symbol>
      <symbol id="sm-2b62">
         <name>_memalign</name>
         <value>0x80890a38</value>
         <object_component_ref idref="oc-3c2"/>
      </symbol>
      <symbol id="sm-2b63">
         <name>_malloc</name>
         <value>0x80890908</value>
         <object_component_ref idref="oc-3c2"/>
      </symbol>
      <symbol id="sm-2b64">
         <name>_realloc</name>
         <value>0x8089096c</value>
         <object_component_ref idref="oc-3c2"/>
      </symbol>
      <symbol id="sm-2b65">
         <name>_free</name>
         <value>0x808908e0</value>
         <object_component_ref idref="oc-3c2"/>
      </symbol>
      <symbol id="sm-2b66">
         <name>_calloc</name>
         <value>0x80890b18</value>
         <object_component_ref idref="oc-3c2"/>
      </symbol>
      <symbol id="sm-2b72">
         <name>_remove</name>
         <value>0x8088e4c0</value>
         <object_component_ref idref="oc-436"/>
      </symbol>
      <symbol id="sm-2b7d">
         <name>_strcpy</name>
         <value>0x8088e0c0</value>
         <object_component_ref idref="oc-3d8"/>
      </symbol>
   </symbol_table>
</link_info>
