<?xml version="1.0"?>
<link_info>
   <banner>TMS320C6x Linker PC v7.4.4</banner>
   <copyright>Copyright (c) 1996-2013 Texas Instruments Incorporated</copyright>
   <link_time>0x5a80783e</link_time>
   <output_file>Labo01.out</output_file>
   <entry_point>
      <name>_c_int00</name>
      <address>0x8089a8e0</address>
   </entry_point>
   <input_file_list>
      <input_file id="fl-a">
         <path>.\</path>
         <kind>object</kind>
         <file>modulation.obj</file>
         <name>modulation.obj</name>
      </input_file>
      <input_file id="fl-b">
         <path>.\</path>
         <kind>object</kind>
         <file>i2c_params.obj</file>
         <name>i2c_params.obj</name>
      </input_file>
      <input_file id="fl-c">
         <path>.\</path>
         <kind>object</kind>
         <file>evmAudioTemplatecfg_c.obj</file>
         <name>evmAudioTemplatecfg_c.obj</name>
      </input_file>
      <input_file id="fl-d">
         <path>.\</path>
         <kind>object</kind>
         <file>evmAudioTemplatecfg.obj</file>
         <name>evmAudioTemplatecfg.obj</name>
      </input_file>
      <input_file id="fl-e">
         <path>.\</path>
         <kind>object</kind>
         <file>evmAudioTemplate.obj</file>
         <name>evmAudioTemplate.obj</name>
      </input_file>
      <input_file id="fl-f">
         <path>.\</path>
         <kind>object</kind>
         <file>audio_params.obj</file>
         <name>audio_params.obj</name>
      </input_file>
      <input_file id="fl-10">
         <path>.\</path>
         <kind>object</kind>
         <file>audioProcessing.obj</file>
         <name>audioProcessing.obj</name>
      </input_file>
      <input_file id="fl-93">
         <path>C:\ti\bios_5_42_01_09\packages\ti\bios\lib\</path>
         <kind>archive</kind>
         <file>bios.a64P</file>
         <name>biosdata.o64P</name>
      </input_file>
      <input_file id="fl-94">
         <path>C:\ti\bios_5_42_01_09\packages\ti\bios\lib\</path>
         <kind>archive</kind>
         <file>bios.a64P</file>
         <name>hwi_disp_asm.o64P</name>
      </input_file>
      <input_file id="fl-95">
         <path>C:\ti\bios_5_42_01_09\packages\ti\bios\lib\</path>
         <kind>archive</kind>
         <file>bios.a64P</file>
         <name>idl_stub.o64P</name>
      </input_file>
      <input_file id="fl-96">
         <path>C:\ti\bios_5_42_01_09\packages\ti\bios\lib\</path>
         <kind>archive</kind>
         <file>lnkrtdx.a64P</file>
         <name>rtdx.o64P</name>
      </input_file>
      <input_file id="fl-97">
         <path>C:\ti\bios_5_42_01_09\packages\ti\bios\lib\</path>
         <kind>archive</kind>
         <file>bios.a64P</file>
         <name>swi.o64P</name>
      </input_file>
      <input_file id="fl-98">
         <path>C:\ti\bios_5_42_01_09\packages\ti\bios\lib\</path>
         <kind>archive</kind>
         <file>bios6424.a64P</file>
         <name>clk_gethtime.o64P</name>
      </input_file>
      <input_file id="fl-99">
         <path>C:\ti\bios_5_42_01_09\packages\ti\bios\lib\</path>
         <kind>archive</kind>
         <file>bios.a64P</file>
         <name>fxn_c.o64P</name>
      </input_file>
      <input_file id="fl-9a">
         <path>C:\ti\bios_5_42_01_09\packages\ti\bios\lib\</path>
         <kind>archive</kind>
         <file>bios.a64P</file>
         <name>knl_tick.o64P</name>
      </input_file>
      <input_file id="fl-9b">
         <path>C:\ti\bios_5_42_01_09\packages\ti\bios\lib\</path>
         <kind>archive</kind>
         <file>bios.a64P</file>
         <name>sem_crea.o64P</name>
      </input_file>
      <input_file id="fl-9c">
         <path>C:\ti\bios_5_42_01_09\packages\ti\bios\lib\</path>
         <kind>archive</kind>
         <file>bios.a64P</file>
         <name>sem_dele.o64P</name>
      </input_file>
      <input_file id="fl-9d">
         <path>C:\ti\bios_5_42_01_09\packages\ti\bios\lib\</path>
         <kind>archive</kind>
         <file>bios.a64P</file>
         <name>sem_pend_counting.o64P</name>
      </input_file>
      <input_file id="fl-9e">
         <path>C:\ti\bios_5_42_01_09\packages\ti\bios\lib\</path>
         <kind>archive</kind>
         <file>bios.a64P</file>
         <name>sem_post_asm.o64P</name>
      </input_file>
      <input_file id="fl-9f">
         <path>C:\ti\bios_5_42_01_09\packages\ti\bios\lib\</path>
         <kind>archive</kind>
         <file>bios.a64P</file>
         <name>utl_doab.o64P</name>
      </input_file>
      <input_file id="fl-a0">
         <path>C:\ti\bios_5_42_01_09\packages\ti\bios\lib\</path>
         <kind>archive</kind>
         <file>bios.a64P</file>
         <name>utl_doer.o64P</name>
      </input_file>
      <input_file id="fl-a1">
         <path>C:\ti\bios_5_42_01_09\packages\ti\bios\lib\</path>
         <kind>archive</kind>
         <file>bios.a64P</file>
         <name>utl_putc.o64P</name>
      </input_file>
      <input_file id="fl-a2">
         <path>C:\ti\bios_5_42_01_09\packages\ti\bios\lib\</path>
         <kind>archive</kind>
         <file>bios.a64P</file>
         <name>utl_halt.o64P</name>
      </input_file>
      <input_file id="fl-a3">
         <path>C:\ti\bios_5_42_01_09\packages\ti\bios\lib\</path>
         <kind>archive</kind>
         <file>bios6424.a64P</file>
         <name>clk.o64P</name>
      </input_file>
      <input_file id="fl-a4">
         <path>C:\ti\bios_5_42_01_09\packages\ti\bios\lib\</path>
         <kind>archive</kind>
         <file>bios.a64P</file>
         <name>fxn.o64P</name>
      </input_file>
      <input_file id="fl-a5">
         <path>C:\ti\bios_5_42_01_09\packages\ti\bios\lib\</path>
         <kind>archive</kind>
         <file>bios.a64P</file>
         <name>boot.o64P</name>
      </input_file>
      <input_file id="fl-a6">
         <path>C:\ti\bios_5_42_01_09\packages\ti\bios\lib\</path>
         <kind>archive</kind>
         <file>bios.a64P</file>
         <name>trc.o64P</name>
      </input_file>
      <input_file id="fl-a7">
         <path>C:\ti\bios_5_42_01_09\packages\ti\bios\lib\</path>
         <kind>archive</kind>
         <file>bios.a64P</file>
         <name>hwi.o64P</name>
      </input_file>
      <input_file id="fl-a8">
         <path>C:\ti\bios_5_42_01_09\packages\ti\bios\lib\</path>
         <kind>archive</kind>
         <file>bios.a64P</file>
         <name>idl_busy.o64P</name>
      </input_file>
      <input_file id="fl-a9">
         <path>C:\ti\bios_5_42_01_09\packages\ti\bios\lib\</path>
         <kind>archive</kind>
         <file>bios6424.a64P</file>
         <name>idl_cal.o64P</name>
      </input_file>
      <input_file id="fl-aa">
         <path>C:\ti\bios_5_42_01_09\packages\ti\bios\lib\</path>
         <kind>archive</kind>
         <file>bios.a64P</file>
         <name>idl.o64P</name>
      </input_file>
      <input_file id="fl-ab">
         <path>C:\ti\bios_5_42_01_09\packages\ti\bios\lib\</path>
         <kind>archive</kind>
         <file>bios.a64P</file>
         <name>knl_swit.o64P</name>
      </input_file>
      <input_file id="fl-ac">
         <path>C:\ti\bios_5_42_01_09\packages\ti\bios\lib\</path>
         <kind>archive</kind>
         <file>bios.a64P</file>
         <name>log.o64P</name>
      </input_file>
      <input_file id="fl-ad">
         <path>C:\ti\bios_5_42_01_09\packages\ti\bios\lib\</path>
         <kind>archive</kind>
         <file>bios.a64P</file>
         <name>pip.o64P</name>
      </input_file>
      <input_file id="fl-ae">
         <path>C:\ti\bios_5_42_01_09\packages\ti\bios\lib\</path>
         <kind>archive</kind>
         <file>bios.a64P</file>
         <name>prd.o64P</name>
      </input_file>
      <input_file id="fl-af">
         <path>C:\ti\bios_5_42_01_09\packages\ti\bios\lib\</path>
         <kind>archive</kind>
         <file>bios.a64P</file>
         <name>rta.o64P</name>
      </input_file>
      <input_file id="fl-b0">
         <path>C:\ti\bios_5_42_01_09\packages\ti\bios\lib\</path>
         <kind>archive</kind>
         <file>bios.a64P</file>
         <name>rta_andn.o64P</name>
      </input_file>
      <input_file id="fl-b1">
         <path>C:\ti\bios_5_42_01_09\packages\ti\bios\lib\</path>
         <kind>archive</kind>
         <file>bios.a64P</file>
         <name>sts.o64P</name>
      </input_file>
      <input_file id="fl-b2">
         <path>C:\ti\bios_5_42_01_09\packages\ti\bios\lib\</path>
         <kind>archive</kind>
         <file>bios.a64P</file>
         <name>clk_data.o64P</name>
      </input_file>
      <input_file id="fl-b3">
         <path>C:\ti\bios_5_42_01_09\packages\ti\bios\lib\</path>
         <kind>archive</kind>
         <file>bios6424.a64P</file>
         <name>clk_enable64LcTimer.o64P</name>
      </input_file>
      <input_file id="fl-b4">
         <path>C:\ti\bios_5_42_01_09\packages\ti\bios\lib\</path>
         <kind>archive</kind>
         <file>bios.a64P</file>
         <name>clk_data2.o64P</name>
      </input_file>
      <input_file id="fl-b5">
         <path>C:\ti\bios_5_42_01_09\packages\ti\bios\lib\</path>
         <kind>archive</kind>
         <file>bios6424.a64P</file>
         <name>clk_data.o64P</name>
      </input_file>
      <input_file id="fl-b6">
         <path>C:\ti\bios_5_42_01_09\packages\ti\bios\lib\</path>
         <kind>archive</kind>
         <file>bios6424.a64P</file>
         <name>clk_meas.o64P</name>
      </input_file>
      <input_file id="fl-b7">
         <path>C:\ti\bios_5_42_01_09\packages\ti\bios\lib\</path>
         <kind>archive</kind>
         <file>bios.a64P</file>
         <name>dev_init.o64P</name>
      </input_file>
      <input_file id="fl-b8">
         <path>C:\ti\bios_5_42_01_09\packages\ti\bios\lib\</path>
         <kind>archive</kind>
         <file>bios.a64P</file>
         <name>ecm_dispatch.o64P</name>
      </input_file>
      <input_file id="fl-b9">
         <path>C:\CCStudio_v3.3\EVMDM6437\boards\evmdm6437_v2\lib\</path>
         <kind>archive</kind>
         <file>evmdm6437bsl.lib</file>
         <name>evmdm6437_dip.obj</name>
      </input_file>
      <input_file id="fl-ba">
         <path>C:\dvsdk_1_01_00_15\psp_1_00_02_00\pspdrivers\lib\DM6437\Debug\</path>
         <kind>archive</kind>
         <file>audio_bios_drv.lib</file>
         <name>psp_audio.obj</name>
      </input_file>
      <input_file id="fl-bb">
         <path>C:\ti\bios_5_42_01_09\packages\ti\bios\lib\</path>
         <kind>archive</kind>
         <file>bios6424.a64P</file>
         <name>bcache_block.o64P</name>
      </input_file>
      <input_file id="fl-bc">
         <path>C:\ti\bios_5_42_01_09\packages\ti\bios\lib\</path>
         <kind>archive</kind>
         <file>bios6424.a64P</file>
         <name>bcache_wait.o64P</name>
      </input_file>
      <input_file id="fl-bd">
         <path>C:\CCStudio_v3.3\EVMDM6437\boards\evmdm6437_v2\lib\</path>
         <kind>archive</kind>
         <file>evmdm6437bsl.lib</file>
         <name>evmdm6437_i2c_gpio.obj</name>
      </input_file>
      <input_file id="fl-be">
         <path>C:\CCStudio_v3.3\EVMDM6437\boards\evmdm6437_v2\lib\</path>
         <kind>archive</kind>
         <file>evmdm6437bsl.lib</file>
         <name>evmdm6437_gpio.obj</name>
      </input_file>
      <input_file id="fl-bf">
         <path>C:\CCStudio_v3.3\EVMDM6437\boards\evmdm6437_v2\lib\</path>
         <kind>archive</kind>
         <file>evmdm6437bsl.lib</file>
         <name>evmdm6437_i2c.obj</name>
      </input_file>
      <input_file id="fl-c0">
         <path>C:\CCStudio_v3.3\EVMDM6437\boards\evmdm6437_v2\lib\</path>
         <kind>archive</kind>
         <file>evmdm6437bsl.lib</file>
         <name>evmdm6437_led.obj</name>
      </input_file>
      <input_file id="fl-c1">
         <path>C:\CCStudio_v3.3\EVMDM6437\boards\evmdm6437_v2\lib\</path>
         <kind>archive</kind>
         <file>evmdm6437bsl.lib</file>
         <name>evmdm6437.obj</name>
      </input_file>
      <input_file id="fl-c2">
         <path>C:\CCStudio_v3.3\EVMDM6437\boards\evmdm6437_v2\lib\</path>
         <kind>archive</kind>
         <file>evmdm6437bsl.lib</file>
         <name>evmdm6437_ddr.obj</name>
      </input_file>
      <input_file id="fl-c3">
         <path>C:\CCStudio_v3.3\EVMDM6437\boards\evmdm6437_v2\lib\</path>
         <kind>archive</kind>
         <file>evmdm6437bsl.lib</file>
         <name>evmdm6437_flash.obj</name>
      </input_file>
      <input_file id="fl-c4">
         <path>C:\CCStudio_v3.3\EVMDM6437\boards\evmdm6437_v2\lib\</path>
         <kind>archive</kind>
         <file>evmdm6437bsl.lib</file>
         <name>evmdm6437_flash_id.obj</name>
      </input_file>
      <input_file id="fl-c5">
         <path>C:\CCStudio_v3.3\EVMDM6437\boards\evmdm6437_v2\lib\</path>
         <kind>archive</kind>
         <file>evmdm6437bsl.lib</file>
         <name>evmdm6437_psc.obj</name>
      </input_file>
      <input_file id="fl-c6">
         <path>C:\CCStudio_v3.3\EVMDM6437\boards\evmdm6437_v2\lib\</path>
         <kind>archive</kind>
         <file>evmdm6437bsl.lib</file>
         <name>evmdm6437_pll.obj</name>
      </input_file>
      <input_file id="fl-c7">
         <path>C:\ti\bios_5_42_01_09\packages\ti\bios\lib\</path>
         <kind>archive</kind>
         <file>bios.a64P</file>
         <name>exc_asm.o64P</name>
      </input_file>
      <input_file id="fl-c8">
         <path>C:\ti\bios_5_42_01_09\packages\ti\bios\lib\</path>
         <kind>archive</kind>
         <file>bios.a64P</file>
         <name>exc.o64P</name>
      </input_file>
      <input_file id="fl-c9">
         <path>C:\ti\bios_5_42_01_09\packages\ti\bios\lib\</path>
         <kind>archive</kind>
         <file>bios.a64P</file>
         <name>gbl_cacheinit64P.o64P</name>
      </input_file>
      <input_file id="fl-ca">
         <path>C:\ti\bios_5_42_01_09\packages\ti\bios\lib\</path>
         <kind>archive</kind>
         <file>bios6424.a64P</file>
         <name>bcache_init.o64P</name>
      </input_file>
      <input_file id="fl-cb">
         <path>C:\ti\bios_5_42_01_09\packages\ti\bios\lib\</path>
         <kind>archive</kind>
         <file>bios.a64P</file>
         <name>gbl_vers.o64P</name>
      </input_file>
      <input_file id="fl-cc">
         <path>C:\ti\bios_5_42_01_09\packages\ti\bios\lib\</path>
         <kind>archive</kind>
         <file>bios.a64P</file>
         <name>gio_crea.o64P</name>
      </input_file>
      <input_file id="fl-cd">
         <path>C:\ti\bios_5_42_01_09\packages\ti\bios\lib\</path>
         <kind>archive</kind>
         <file>bios.a64P</file>
         <name>dev_matc.o64P</name>
      </input_file>
      <input_file id="fl-ce">
         <path>C:\ti\bios_5_42_01_09\packages\ti\bios\lib\</path>
         <kind>archive</kind>
         <file>bios.a64P</file>
         <name>gio.o64P</name>
      </input_file>
      <input_file id="fl-cf">
         <path>C:\ti\bios_5_42_01_09\packages\ti\bios\lib\</path>
         <kind>archive</kind>
         <file>bios.a64P</file>
         <name>gio_dele.o64P</name>
      </input_file>
      <input_file id="fl-d0">
         <path>C:\ti\bios_5_42_01_09\packages\ti\bios\lib\</path>
         <kind>archive</kind>
         <file>bios.a64P</file>
         <name>gio_sbmt.o64P</name>
      </input_file>
      <input_file id="fl-d1">
         <path>C:\ti\bios_5_42_01_09\packages\ti\rtdx\lib\c6000\</path>
         <kind>archive</kind>
         <file>rtdx64xplus.lib</file>
         <name>rtdx_mon.o64P</name>
      </input_file>
      <input_file id="fl-d2">
         <path>C:\ti\bios_5_42_01_09\packages\ti\bios\lib\</path>
         <kind>archive</kind>
         <file>bios.a64P</file>
         <name>hwi_c.o64P</name>
      </input_file>
      <input_file id="fl-d3">
         <path>C:\dvsdk_1_01_00_15\psp_1_00_02_00\pspdrivers\lib\DM6437\Debug\</path>
         <kind>archive</kind>
         <file>i2c_bios_drv.lib</file>
         <name>dda_i2cIom.obj</name>
      </input_file>
      <input_file id="fl-d4">
         <path>C:\ti\bios_5_42_01_09\packages\ti\bios\lib\</path>
         <kind>archive</kind>
         <file>bios.a64P</file>
         <name>knl.o64P</name>
      </input_file>
      <input_file id="fl-d5">
         <path>C:\ti\bios_5_42_01_09\packages\ti\bios\lib\</path>
         <kind>archive</kind>
         <file>bios.a64P</file>
         <name>knl_exit.o64P</name>
      </input_file>
      <input_file id="fl-d6">
         <path>C:\ti\bios_5_42_01_09\packages\ti\bios\lib\</path>
         <kind>archive</kind>
         <file>bios.a64P</file>
         <name>knl_chec.o64P</name>
      </input_file>
      <input_file id="fl-d7">
         <path>C:\ti\bios_5_42_01_09\packages\ti\bios\lib\</path>
         <kind>archive</kind>
         <file>bios.a64P</file>
         <name>knl_ipos.o64P</name>
      </input_file>
      <input_file id="fl-d8">
         <path>C:\ti\bios_5_42_01_09\packages\ti\bios\lib\</path>
         <kind>archive</kind>
         <file>bios.a64P</file>
         <name>knl_post.o64P</name>
      </input_file>
      <input_file id="fl-d9">
         <path>C:\ti\bios_5_42_01_09\packages\ti\bios\lib\</path>
         <kind>archive</kind>
         <file>bios.a64P</file>
         <name>knl_run.o64P</name>
      </input_file>
      <input_file id="fl-da">
         <path>C:\dvsdk_1_01_00_15\psp_1_00_02_00\pspdrivers\lib\DM6437\Debug\</path>
         <kind>archive</kind>
         <file>mcasp_bios_drv.lib</file>
         <name>dda_mcasp_bios.obj</name>
      </input_file>
      <input_file id="fl-db">
         <path>C:\ti\bios_5_42_01_09\packages\ti\bios\lib\</path>
         <kind>archive</kind>
         <file>bios.a64P</file>
         <name>c62_c.o64P</name>
      </input_file>
      <input_file id="fl-dc">
         <path>C:\ti\bios_5_42_01_09\packages\ti\bios\lib\</path>
         <kind>archive</kind>
         <file>bios.a64P</file>
         <name>ecm_disableEvent.o64P</name>
      </input_file>
      <input_file id="fl-dd">
         <path>C:\ti\bios_5_42_01_09\packages\ti\bios\lib\</path>
         <kind>archive</kind>
         <file>bios.a64P</file>
         <name>atm.o64P</name>
      </input_file>
      <input_file id="fl-de">
         <path>C:\ti\bios_5_42_01_09\packages\ti\bios\lib\</path>
         <kind>archive</kind>
         <file>bios.a64P</file>
         <name>ecm_dispatchPlug.o64P</name>
      </input_file>
      <input_file id="fl-df">
         <path>C:\ti\bios_5_42_01_09\packages\ti\bios\lib\</path>
         <kind>archive</kind>
         <file>bios.a64P</file>
         <name>ecm_enableEvent.o64P</name>
      </input_file>
      <input_file id="fl-e0">
         <path>C:\dvsdk_1_01_00_15\psp_1_00_02_00\pspdrivers\lib\DM6437\Debug\</path>
         <kind>archive</kind>
         <file>mcbsp_bios_drv.lib</file>
         <name>dda_mcbsp_bios.obj</name>
      </input_file>
      <input_file id="fl-e1">
         <path>C:\ti\bios_5_42_01_09\packages\ti\bios\lib\</path>
         <kind>archive</kind>
         <file>bios.a64P</file>
         <name>mem_asm.o64P</name>
      </input_file>
      <input_file id="fl-e2">
         <path>C:\ti\bios_5_42_01_09\packages\ti\bios\lib\</path>
         <kind>archive</kind>
         <file>bios.a64P</file>
         <name>mem_allo.o64P</name>
      </input_file>
      <input_file id="fl-e3">
         <path>C:\ti\bios_5_42_01_09\packages\ti\bios\lib\</path>
         <kind>archive</kind>
         <file>bios.a64P</file>
         <name>mem_free.o64P</name>
      </input_file>
      <input_file id="fl-e4">
         <path>C:\ti\bios_5_42_01_09\packages\ti\bios\lib\</path>
         <kind>archive</kind>
         <file>bios.a64P</file>
         <name>mem_init.o64P</name>
      </input_file>
      <input_file id="fl-e5">
         <path>C:\ti\bios_5_42_01_09\packages\ti\bios\lib\</path>
         <kind>archive</kind>
         <file>bios.a64P</file>
         <name>mem_vall.o64P</name>
      </input_file>
      <input_file id="fl-e6">
         <path>C:\ti\bios_5_42_01_09\packages\ti\bios\lib\</path>
         <kind>archive</kind>
         <file>bios.a64P</file>
         <name>obj_crea.o64P</name>
      </input_file>
      <input_file id="fl-e7">
         <path>C:\ti\bios_5_42_01_09\packages\ti\bios\lib\</path>
         <kind>archive</kind>
         <file>bios.a64P</file>
         <name>obj_dele.o64P</name>
      </input_file>
      <input_file id="fl-e8">
         <path>C:\ti\bios_5_42_01_09\packages\ti\bios\lib\</path>
         <kind>archive</kind>
         <file>bios.a64P</file>
         <name>obj_init.o64P</name>
      </input_file>
      <input_file id="fl-e9">
         <path>C:\dvsdk_1_01_00_15\psp_1_00_02_00\pspdrivers\lib\DM6437\Debug\</path>
         <kind>archive</kind>
         <file>palos_bios.lib</file>
         <name>pal_osmem.obj</name>
      </input_file>
      <input_file id="fl-ea">
         <path>C:\ti\bios_5_42_01_09\packages\ti\bios\lib\</path>
         <kind>archive</kind>
         <file>bios.a64P</file>
         <name>mem_defi.o64P</name>
      </input_file>
      <input_file id="fl-eb">
         <path>C:\ti\bios_5_42_01_09\packages\ti\bios\lib\</path>
         <kind>archive</kind>
         <file>bios.a64P</file>
         <name>mem_rede.o64P</name>
      </input_file>
      <input_file id="fl-ec">
         <path>C:\ti\bios_5_42_01_09\packages\ti\bios\lib\</path>
         <kind>archive</kind>
         <file>bios.a64P</file>
         <name>mem_unde.o64P</name>
      </input_file>
      <input_file id="fl-ed">
         <path>C:\dvsdk_1_01_00_15\psp_1_00_02_00\pspdrivers\lib\DM6437\Debug\</path>
         <kind>archive</kind>
         <file>palos_bios.lib</file>
         <name>pal_osprotect.obj</name>
      </input_file>
      <input_file id="fl-ee">
         <path>C:\dvsdk_1_01_00_15\psp_1_00_02_00\pspdrivers\lib\DM6437\Debug\</path>
         <kind>archive</kind>
         <file>i2c_bios_drv.lib</file>
         <name>ddc_i2c.obj</name>
      </input_file>
      <input_file id="fl-ef">
         <path>C:\dvsdk_1_01_00_15\psp_1_00_02_00\pspdrivers\lib\DM6437\Debug\</path>
         <kind>archive</kind>
         <file>palos_bios.lib</file>
         <name>pal_ossem.obj</name>
      </input_file>
      <input_file id="fl-f0">
         <path>C:\dvsdk_1_01_00_15\psp_1_00_02_00\pspdrivers\lib\DM6437\Debug\</path>
         <kind>archive</kind>
         <file>palos_bios.lib</file>
         <name>pal_osWait.obj</name>
      </input_file>
      <input_file id="fl-f1">
         <path>C:\ti\bios_5_42_01_09\packages\ti\bios\lib\</path>
         <kind>archive</kind>
         <file>bios.a64P</file>
         <name>clk_countspms.o64P</name>
      </input_file>
      <input_file id="fl-f2">
         <path>C:\ti\bios_5_42_01_09\packages\ti\bios\lib\</path>
         <kind>archive</kind>
         <file>bios.a64P</file>
         <name>clk_getprd.o64P</name>
      </input_file>
      <input_file id="fl-f3">
         <path>C:\dvsdk_1_01_00_15\psp_1_00_02_00\pspdrivers\lib\DM6437\Debug\</path>
         <kind>archive</kind>
         <file>mcasp_bios_drv.lib</file>
         <name>ddc_mcasp.obj</name>
      </input_file>
      <input_file id="fl-f4">
         <path>C:\dvsdk_1_01_00_15\psp_1_00_02_00\edma3\lib\Debug\</path>
         <kind>archive</kind>
         <file>edma3_drv_bios.lib</file>
         <name>edma3.obj</name>
      </input_file>
      <input_file id="fl-f5">
         <path>C:\dvsdk_1_01_00_15\psp_1_00_02_00\edma3\lib\Debug\</path>
         <kind>archive</kind>
         <file>edma3_rm_bios.lib</file>
         <name>edma3resmgr.obj</name>
      </input_file>
      <input_file id="fl-f6">
         <path>C:\dvsdk_1_01_00_15\psp_1_00_02_00\pspdrivers\lib\DM6437\Debug\</path>
         <kind>archive</kind>
         <file>mcasp_bios_drv.lib</file>
         <name>llc_mcasp.obj</name>
      </input_file>
      <input_file id="fl-f7">
         <path>C:\dvsdk_1_01_00_15\psp_1_00_02_00\pspdrivers\lib\DM6437\Debug\</path>
         <kind>archive</kind>
         <file>palos_bios.lib</file>
         <name>pal_oscache.obj</name>
      </input_file>
      <input_file id="fl-f8">
         <path>C:\ti\bios_5_42_01_09\packages\ti\bios\lib\</path>
         <kind>archive</kind>
         <file>bios.a64P</file>
         <name>log_printf.o64P</name>
      </input_file>
      <input_file id="fl-f9">
         <path>C:\dvsdk_1_01_00_15\psp_1_00_02_00\pspdrivers\lib\DM6437\Debug\</path>
         <kind>archive</kind>
         <file>palos_bios.lib</file>
         <name>pal_osInt.obj</name>
      </input_file>
      <input_file id="fl-fa">
         <path>C:\dvsdk_1_01_00_15\psp_1_00_02_00\pspdrivers\lib\DM6437\Debug\</path>
         <kind>archive</kind>
         <file>palos_bios.lib</file>
         <name>pal_osList.obj</name>
      </input_file>
      <input_file id="fl-fb">
         <path>C:\dvsdk_1_01_00_15\psp_1_00_02_00\pspdrivers\lib\DM6437\Debug\</path>
         <kind>archive</kind>
         <file>mcbsp_bios_drv.lib</file>
         <name>ddc_mcbsp.obj</name>
      </input_file>
      <input_file id="fl-fc">
         <path>C:\dvsdk_1_01_00_15\psp_1_00_02_00\pspdrivers\lib\DM6437\Debug\</path>
         <kind>archive</kind>
         <file>mcbsp_bios_drv.lib</file>
         <name>llc_mcbsp.obj</name>
      </input_file>
      <input_file id="fl-fd">
         <path>C:\ti\bios_5_42_01_09\packages\ti\bios\lib\</path>
         <kind>archive</kind>
         <file>bios.a64P</file>
         <name>que_get.o64P</name>
      </input_file>
      <input_file id="fl-fe">
         <path>C:\ti\bios_5_42_01_09\packages\ti\rtdx\lib\c6000\</path>
         <kind>archive</kind>
         <file>rtdx64xplus.lib</file>
         <name>buffer2.o64P</name>
      </input_file>
      <input_file id="fl-ff">
         <path>C:\ti\bios_5_42_01_09\packages\ti\rtdx\lib\c6000\</path>
         <kind>archive</kind>
         <file>rtdx64xplus.lib</file>
         <name>buffer1.o64P</name>
      </input_file>
      <input_file id="fl-100">
         <path>C:\ti\bios_5_42_01_09\packages\ti\rtdx\lib\c6000\</path>
         <kind>archive</kind>
         <file>rtdx64xplus.lib</file>
         <name>intr_tgt.o64P</name>
      </input_file>
      <input_file id="fl-101">
         <path>C:\ti\bios_5_42_01_09\packages\ti\rtdx\lib\c6000\</path>
         <kind>archive</kind>
         <file>rtdx64xplus.lib</file>
         <name>memfill.o64P</name>
      </input_file>
      <input_file id="fl-102">
         <path>C:\ti\bios_5_42_01_09\packages\ti\bios\lib\</path>
         <kind>archive</kind>
         <file>bios.a64P</file>
         <name>sem_pend.o64P</name>
      </input_file>
      <input_file id="fl-103">
         <path>C:\ti\bios_5_42_01_09\packages\ti\bios\lib\</path>
         <kind>archive</kind>
         <file>bios.a64P</file>
         <name>sem_post.o64P</name>
      </input_file>
      <input_file id="fl-104">
         <path>C:\ti\bios_5_42_01_09\packages\ti\bios\lib\</path>
         <kind>archive</kind>
         <file>bios.a64P</file>
         <name>sts_set.o64P</name>
      </input_file>
      <input_file id="fl-105">
         <path>C:\ti\bios_5_42_01_09\packages\ti\bios\lib\</path>
         <kind>archive</kind>
         <file>bios.a64P</file>
         <name>sys_abor.o64P</name>
      </input_file>
      <input_file id="fl-106">
         <path>C:\ti\bios_5_42_01_09\packages\ti\bios\lib\</path>
         <kind>archive</kind>
         <file>bios.a64P</file>
         <name>sys_erro.o64P</name>
      </input_file>
      <input_file id="fl-107">
         <path>C:\ti\bios_5_42_01_09\packages\ti\bios\lib\</path>
         <kind>archive</kind>
         <file>bios.a64P</file>
         <name>sys_prin.o64P</name>
      </input_file>
      <input_file id="fl-108">
         <path>C:\ti\bios_5_42_01_09\packages\ti\bios\lib\</path>
         <kind>archive</kind>
         <file>bios.a64P</file>
         <name>tsk.o64P</name>
      </input_file>
      <input_file id="fl-109">
         <path>C:\ti\bios_5_42_01_09\packages\ti\bios\lib\</path>
         <kind>archive</kind>
         <file>bios.a64P</file>
         <name>tsk_disa.o64P</name>
      </input_file>
      <input_file id="fl-10a">
         <path>C:\ti\bios_5_42_01_09\packages\ti\bios\lib\</path>
         <kind>archive</kind>
         <file>bios.a64P</file>
         <name>tsk_exit.o64P</name>
      </input_file>
      <input_file id="fl-10b">
         <path>C:\ti\bios_5_42_01_09\packages\ti\bios\lib\</path>
         <kind>archive</kind>
         <file>bios.a64P</file>
         <name>sys_exit.o64P</name>
      </input_file>
      <input_file id="fl-10c">
         <path>C:\ti\bios_5_42_01_09\packages\ti\bios\lib\</path>
         <kind>archive</kind>
         <file>bios.a64P</file>
         <name>sys.o64P</name>
      </input_file>
      <input_file id="fl-10d">
         <path>C:\ti\bios_5_42_01_09\packages\ti\bios\lib\</path>
         <kind>archive</kind>
         <file>bios.a64P</file>
         <name>tsk_init.o64P</name>
      </input_file>
      <input_file id="fl-10e">
         <path>C:\ti\bios_5_42_01_09\packages\ti\bios\lib\</path>
         <kind>archive</kind>
         <file>bios.a64P</file>
         <name>tsk_setu.o64P</name>
      </input_file>
      <input_file id="fl-10f">
         <path>C:\ti\bios_5_42_01_09\packages\ti\bios\lib\</path>
         <kind>archive</kind>
         <file>bios.a64P</file>
         <name>tsk_stup.o64P</name>
      </input_file>
      <input_file id="fl-110">
         <path>C:\ti\bios_5_42_01_09\packages\ti\bios\lib\</path>
         <kind>archive</kind>
         <file>bios.a64P</file>
         <name>lck.o64P</name>
      </input_file>
      <input_file id="fl-111">
         <path>C:\dvsdk_1_01_00_15\psp_1_00_02_00\pspdrivers\lib\DM6437\Debug\</path>
         <kind>archive</kind>
         <file>i2c_bios_drv.lib</file>
         <name>dda_i2cBios.obj</name>
      </input_file>
      <input_file id="fl-112">
         <path>C:\ti\bios_5_42_01_09\packages\ti\bios\lib\</path>
         <kind>archive</kind>
         <file>bios.a64P</file>
         <name>gio_cbck.o64P</name>
      </input_file>
      <input_file id="fl-113">
         <path>C:\ti\bios_5_42_01_09\packages\ti\bios\lib\</path>
         <kind>archive</kind>
         <file>bios.a64P</file>
         <name>sem_dopo.o64P</name>
      </input_file>
      <input_file id="fl-114">
         <path>C:\ti\bios_5_42_01_09\packages\ti\bios\lib\</path>
         <kind>archive</kind>
         <file>bios.a64P</file>
         <name>autoinit.o64P</name>
      </input_file>
      <input_file id="fl-115">
         <path>C:\ti\ccsv5\tools\compiler\c6000_7.4.4\lib\</path>
         <kind>archive</kind>
         <file>rts64plus.lib</file>
         <name>divi.obj</name>
      </input_file>
      <input_file id="fl-116">
         <path>C:\ti\ccsv5\tools\compiler\c6000_7.4.4\lib\</path>
         <kind>archive</kind>
         <file>rts64plus.lib</file>
         <name>divu.obj</name>
      </input_file>
      <input_file id="fl-117">
         <path>C:\ti\ccsv5\tools\compiler\c6000_7.4.4\lib\</path>
         <kind>archive</kind>
         <file>rts64plus.lib</file>
         <name>push.obj</name>
      </input_file>
      <input_file id="fl-118">
         <path>C:\ti\ccsv5\tools\compiler\c6000_7.4.4\lib\</path>
         <kind>archive</kind>
         <file>rts64plus.lib</file>
         <name>_lock.obj</name>
      </input_file>
      <input_file id="fl-119">
         <path>C:\ti\ccsv5\tools\compiler\c6000_7.4.4\lib\</path>
         <kind>archive</kind>
         <file>rts64plus.lib</file>
         <name>remu.obj</name>
      </input_file>
      <input_file id="fl-11a">
         <path>C:\ti\ccsv5\tools\compiler\c6000_7.4.4\lib\</path>
         <kind>archive</kind>
         <file>rts64plus.lib</file>
         <name>strasg.obj</name>
      </input_file>
      <input_file id="fl-11b">
         <path>C:\dvsdk_1_01_00_15\psp_1_00_02_00\pspdrivers\lib\DM6437\Debug\</path>
         <kind>archive</kind>
         <file>audio_bios_drv.lib</file>
         <name>psp_aic33Codec.obj</name>
      </input_file>
      <input_file id="fl-11c">
         <path>C:\ti\ccsv5\tools\compiler\c6000_7.4.4\lib\</path>
         <kind>archive</kind>
         <file>rts64plus.lib</file>
         <name>atexit.obj</name>
      </input_file>
      <input_file id="fl-11d">
         <path>C:\ti\ccsv5\tools\compiler\c6000_7.4.4\lib\</path>
         <kind>archive</kind>
         <file>rts64plus.lib</file>
         <name>sinit.obj</name>
      </input_file>
      <input_file id="fl-11e">
         <path>C:\ti\ccsv5\tools\compiler\c6000_7.4.4\lib\</path>
         <kind>archive</kind>
         <file>rts64plus.lib</file>
         <name>exit.obj</name>
      </input_file>
      <input_file id="fl-11f">
         <path>C:\dvsdk_1_01_00_15\psp_1_00_02_00\edma3\lib\Debug\</path>
         <kind>archive</kind>
         <file>edma3_drv_bios.lib</file>
         <name>edma3cfg.obj</name>
      </input_file>
      <input_file id="fl-120">
         <path>C:\dvsdk_1_01_00_15\psp_1_00_02_00\edma3\lib\Debug\</path>
         <kind>archive</kind>
         <file>edma3_drv_sample.lib</file>
         <name>bios_edma3_sample_cs.obj</name>
      </input_file>
      <input_file id="fl-121">
         <path>C:\dvsdk_1_01_00_15\psp_1_00_02_00\edma3\lib\Debug\</path>
         <kind>archive</kind>
         <file>edma3_drv_sample.lib</file>
         <name>bios_edma3_sample_cfg.obj</name>
      </input_file>
      <input_file id="fl-122">
         <path>C:\dvsdk_1_01_00_15\psp_1_00_02_00\edma3\lib\Debug\</path>
         <kind>archive</kind>
         <file>edma3_drv_sample.lib</file>
         <name>bios_edma3_sample_init.obj</name>
      </input_file>
      <input_file id="fl-123">
         <path>C:\ti\ccsv5\tools\compiler\c6000_7.4.4\lib\</path>
         <kind>archive</kind>
         <file>rts64plus.lib</file>
         <name>memcpy64.obj</name>
      </input_file>
      <input_file id="fl-124">
         <path>C:\ti\ccsv5\tools\compiler\c6000_7.4.4\lib\</path>
         <kind>archive</kind>
         <file>rts64plus.lib</file>
         <name>memset.obj</name>
      </input_file>
      <input_file id="fl-125">
         <path>C:\ti\ccsv5\tools\compiler\c6000_7.4.4\lib\</path>
         <kind>archive</kind>
         <file>rts64plus.lib</file>
         <name>printf.obj</name>
      </input_file>
      <input_file id="fl-126">
         <path>C:\ti\ccsv5\tools\compiler\c6000_7.4.4\lib\</path>
         <kind>archive</kind>
         <file>rts64plus.lib</file>
         <name>defs.obj</name>
      </input_file>
      <input_file id="fl-127">
         <path>C:\ti\ccsv5\tools\compiler\c6000_7.4.4\lib\</path>
         <kind>archive</kind>
         <file>rts64plus.lib</file>
         <name>_printfi.obj</name>
      </input_file>
      <input_file id="fl-128">
         <path>C:\ti\ccsv5\tools\compiler\c6000_7.4.4\lib\</path>
         <kind>archive</kind>
         <file>rts64plus.lib</file>
         <name>isinf.obj</name>
      </input_file>
      <input_file id="fl-129">
         <path>C:\ti\ccsv5\tools\compiler\c6000_7.4.4\lib\</path>
         <kind>archive</kind>
         <file>rts64plus.lib</file>
         <name>cmpd.obj</name>
      </input_file>
      <input_file id="fl-12a">
         <path>C:\ti\ccsv5\tools\compiler\c6000_7.4.4\lib\</path>
         <kind>archive</kind>
         <file>rts64plus.lib</file>
         <name>divd.obj</name>
      </input_file>
      <input_file id="fl-12b">
         <path>C:\ti\ccsv5\tools\compiler\c6000_7.4.4\lib\</path>
         <kind>archive</kind>
         <file>rts64plus.lib</file>
         <name>imath40.obj</name>
      </input_file>
      <input_file id="fl-12c">
         <path>C:\ti\ccsv5\tools\compiler\c6000_7.4.4\lib\</path>
         <kind>archive</kind>
         <file>rts64plus.lib</file>
         <name>imath64.obj</name>
      </input_file>
      <input_file id="fl-12d">
         <path>C:\ti\ccsv5\tools\compiler\c6000_7.4.4\lib\</path>
         <kind>archive</kind>
         <file>rts64plus.lib</file>
         <name>fixdi.obj</name>
      </input_file>
      <input_file id="fl-12e">
         <path>C:\ti\ccsv5\tools\compiler\c6000_7.4.4\lib\</path>
         <kind>archive</kind>
         <file>rts64plus.lib</file>
         <name>fixdli.obj</name>
      </input_file>
      <input_file id="fl-12f">
         <path>C:\ti\ccsv5\tools\compiler\c6000_7.4.4\lib\</path>
         <kind>archive</kind>
         <file>rts64plus.lib</file>
         <name>fltlid.obj</name>
      </input_file>
      <input_file id="fl-130">
         <path>C:\ti\ccsv5\tools\compiler\c6000_7.4.4\lib\</path>
         <kind>archive</kind>
         <file>rts64plus.lib</file>
         <name>frcmpyd_div.obj</name>
      </input_file>
      <input_file id="fl-131">
         <path>C:\ti\ccsv5\tools\compiler\c6000_7.4.4\lib\</path>
         <kind>archive</kind>
         <file>rts64plus.lib</file>
         <name>llshift.obj</name>
      </input_file>
      <input_file id="fl-132">
         <path>C:\ti\ccsv5\tools\compiler\c6000_7.4.4\lib\</path>
         <kind>archive</kind>
         <file>rts64plus.lib</file>
         <name>mpyd.obj</name>
      </input_file>
      <input_file id="fl-133">
         <path>C:\ti\ccsv5\tools\compiler\c6000_7.4.4\lib\</path>
         <kind>archive</kind>
         <file>rts64plus.lib</file>
         <name>frcmpyd.obj</name>
      </input_file>
      <input_file id="fl-134">
         <path>C:\ti\ccsv5\tools\compiler\c6000_7.4.4\lib\</path>
         <kind>archive</kind>
         <file>rts64plus.lib</file>
         <name>negd.obj</name>
      </input_file>
      <input_file id="fl-135">
         <path>C:\ti\ccsv5\tools\compiler\c6000_7.4.4\lib\</path>
         <kind>archive</kind>
         <file>rts64plus.lib</file>
         <name>negll.obj</name>
      </input_file>
      <input_file id="fl-136">
         <path>C:\ti\ccsv5\tools\compiler\c6000_7.4.4\lib\</path>
         <kind>archive</kind>
         <file>rts64plus.lib</file>
         <name>subd.obj</name>
      </input_file>
      <input_file id="fl-137">
         <path>C:\ti\ccsv5\tools\compiler\c6000_7.4.4\lib\</path>
         <kind>archive</kind>
         <file>rts64plus.lib</file>
         <name>addd.obj</name>
      </input_file>
      <input_file id="fl-138">
         <path>C:\ti\ccsv5\tools\compiler\c6000_7.4.4\lib\</path>
         <kind>archive</kind>
         <file>rts64plus.lib</file>
         <name>frcaddd.obj</name>
      </input_file>
      <input_file id="fl-139">
         <path>C:\ti\ccsv5\tools\compiler\c6000_7.4.4\lib\</path>
         <kind>archive</kind>
         <file>rts64plus.lib</file>
         <name>renormd.obj</name>
      </input_file>
      <input_file id="fl-13a">
         <path>C:\ti\ccsv5\tools\compiler\c6000_7.4.4\lib\</path>
         <kind>archive</kind>
         <file>rts64plus.lib</file>
         <name>atoi.obj</name>
      </input_file>
      <input_file id="fl-13b">
         <path>C:\ti\ccsv5\tools\compiler\c6000_7.4.4\lib\</path>
         <kind>archive</kind>
         <file>rts64plus.lib</file>
         <name>ctype.obj</name>
      </input_file>
      <input_file id="fl-13c">
         <path>C:\ti\ccsv5\tools\compiler\c6000_7.4.4\lib\</path>
         <kind>archive</kind>
         <file>rts64plus.lib</file>
         <name>fputc.obj</name>
      </input_file>
      <input_file id="fl-13d">
         <path>C:\ti\ccsv5\tools\compiler\c6000_7.4.4\lib\</path>
         <kind>archive</kind>
         <file>rts64plus.lib</file>
         <name>fflush.obj</name>
      </input_file>
      <input_file id="fl-13e">
         <path>C:\ti\ccsv5\tools\compiler\c6000_7.4.4\lib\</path>
         <kind>archive</kind>
         <file>rts64plus.lib</file>
         <name>_io_perm.obj</name>
      </input_file>
      <input_file id="fl-13f">
         <path>C:\ti\ccsv5\tools\compiler\c6000_7.4.4\lib\</path>
         <kind>archive</kind>
         <file>rts64plus.lib</file>
         <name>fputs.obj</name>
      </input_file>
      <input_file id="fl-140">
         <path>C:\ti\ccsv5\tools\compiler\c6000_7.4.4\lib\</path>
         <kind>archive</kind>
         <file>rts64plus.lib</file>
         <name>fseek.obj</name>
      </input_file>
      <input_file id="fl-141">
         <path>C:\ti\ccsv5\tools\compiler\c6000_7.4.4\lib\</path>
         <kind>archive</kind>
         <file>rts64plus.lib</file>
         <name>abs.obj</name>
      </input_file>
      <input_file id="fl-142">
         <path>C:\ti\ccsv5\tools\compiler\c6000_7.4.4\lib\</path>
         <kind>archive</kind>
         <file>rts64plus.lib</file>
         <name>lowlev.obj</name>
      </input_file>
      <input_file id="fl-143">
         <path>C:\ti\ccsv5\tools\compiler\c6000_7.4.4\lib\</path>
         <kind>archive</kind>
         <file>rts64plus.lib</file>
         <name>trgdrv.obj</name>
      </input_file>
      <input_file id="fl-144">
         <path>C:\ti\ccsv5\tools\compiler\c6000_7.4.4\lib\</path>
         <kind>archive</kind>
         <file>rts64plus.lib</file>
         <name>ltoa.obj</name>
      </input_file>
      <input_file id="fl-145">
         <path>C:\ti\ccsv5\tools\compiler\c6000_7.4.4\lib\</path>
         <kind>archive</kind>
         <file>rts64plus.lib</file>
         <name>memccpy.obj</name>
      </input_file>
      <input_file id="fl-146">
         <path>C:\ti\ccsv5\tools\compiler\c6000_7.4.4\lib\</path>
         <kind>archive</kind>
         <file>rts64plus.lib</file>
         <name>trgmsg.obj</name>
      </input_file>
      <input_file id="fl-147">
         <path>C:\ti\ccsv5\tools\compiler\c6000_7.4.4\lib\</path>
         <kind>archive</kind>
         <file>rts64plus.lib</file>
         <name>setvbuf.obj</name>
      </input_file>
      <input_file id="fl-148">
         <path>C:\ti\ccsv5\tools\compiler\c6000_7.4.4\lib\</path>
         <kind>archive</kind>
         <file>rts64plus.lib</file>
         <name>fopen.obj</name>
      </input_file>
      <input_file id="fl-149">
         <path>C:\ti\ccsv5\tools\compiler\c6000_7.4.4\lib\</path>
         <kind>archive</kind>
         <file>rts64plus.lib</file>
         <name>fclose.obj</name>
      </input_file>
      <input_file id="fl-14a">
         <path>C:\ti\bios_5_42_01_09\packages\ti\bios\lib\</path>
         <kind>archive</kind>
         <file>bios.a64P</file>
         <name>malloc.o64P</name>
      </input_file>
      <input_file id="fl-14b">
         <path>C:\ti\ccsv5\tools\compiler\c6000_7.4.4\lib\</path>
         <kind>archive</kind>
         <file>rts64plus.lib</file>
         <name>remove.obj</name>
      </input_file>
      <input_file id="fl-14c">
         <path>C:\ti\ccsv5\tools\compiler\c6000_7.4.4\lib\</path>
         <kind>archive</kind>
         <file>rts64plus.lib</file>
         <name>strcpy.obj</name>
      </input_file>
   </input_file_list>
   <object_component_list>
      <object_component id="oc-83">
         <name>.vers</name>
         <load_address>0x0</load_address>
         <run_address>0x0</run_address>
         <size>0x48</size>
         <input_file_ref idref="fl-d"/>
      </object_component>
      <object_component id="oc-6d">
         <name>.clk</name>
         <uninitialized>true</uninitialized>
         <run_address>0x10801af8</run_address>
         <size>0x8</size>
         <input_file_ref idref="fl-d"/>
      </object_component>
      <object_component id="oc-73">
         <name>.swi</name>
         <uninitialized>true</uninitialized>
         <run_address>0x10802454</run_address>
         <size>0x2c</size>
         <input_file_ref idref="fl-d"/>
      </object_component>
      <object_component id="oc-76">
         <name>.tsk</name>
         <uninitialized>true</uninitialized>
         <run_address>0x10801e00</run_address>
         <size>0x1e0</size>
         <input_file_ref idref="fl-d"/>
      </object_component>
      <object_component id="oc-7d">
         <name>.idl</name>
         <uninitialized>true</uninitialized>
         <run_address>0x108020f0</run_address>
         <size>0x10</size>
         <input_file_ref idref="fl-d"/>
      </object_component>
      <object_component id="oc-7c">
         <name>.idlcal</name>
         <uninitialized>true</uninitialized>
         <run_address>0x10802480</run_address>
         <size>0x10</size>
         <input_file_ref idref="fl-d"/>
      </object_component>
      <object_component id="oc-54">
         <name>.bss</name>
         <uninitialized>true</uninitialized>
         <run_address>0x80899aa8</run_address>
         <size>0x434</size>
         <input_file_ref idref="fl-d"/>
      </object_component>
      <object_component id="oc-87">
         <name>.bss</name>
         <uninitialized>true</uninitialized>
         <run_address>0x8089a1d0</run_address>
         <size>0x20</size>
         <input_file_ref idref="fl-e"/>
      </object_component>
      <object_component id="oc-93">
         <name>.bss</name>
         <uninitialized>true</uninitialized>
         <run_address>0x8089a2c4</run_address>
         <size>0x8</size>
         <input_file_ref idref="fl-10"/>
      </object_component>
      <object_component id="oc-9a">
         <name>.bss</name>
         <uninitialized>true</uninitialized>
         <run_address>0x80899fdc</run_address>
         <size>0xcc</size>
         <input_file_ref idref="fl-93"/>
      </object_component>
      <object_component id="oc-9c">
         <name>.bss</name>
         <uninitialized>true</uninitialized>
         <run_address>0x80899edc</run_address>
         <size>0x100</size>
         <input_file_ref idref="fl-94"/>
      </object_component>
      <object_component id="oc-a3">
         <name>.bss</name>
         <uninitialized>true</uninitialized>
         <run_address>0x8089a224</run_address>
         <size>0x18</size>
         <input_file_ref idref="fl-96"/>
      </object_component>
      <object_component id="oc-a9">
         <name>.bss</name>
         <uninitialized>true</uninitialized>
         <run_address>0x8089a0a8</run_address>
         <size>0x9c</size>
         <input_file_ref idref="fl-97"/>
      </object_component>
      <object_component id="oc-e6">
         <name>.bss</name>
         <uninitialized>true</uninitialized>
         <run_address>0x8089a20c</run_address>
         <size>0x18</size>
         <input_file_ref idref="fl-a7"/>
      </object_component>
      <object_component id="oc-e8">
         <name>.bss</name>
         <uninitialized>true</uninitialized>
         <run_address>0x8089a2e8</run_address>
         <size>0x4</size>
         <input_file_ref idref="fl-a8"/>
      </object_component>
      <object_component id="oc-114">
         <name>.bss</name>
         <uninitialized>true</uninitialized>
         <run_address>0x8089a2cc</run_address>
         <size>0x8</size>
         <input_file_ref idref="fl-b2"/>
      </object_component>
      <object_component id="oc-11b">
         <name>.bss</name>
         <uninitialized>true</uninitialized>
         <run_address>0x8089a1ac</run_address>
         <size>0x4</size>
         <input_file_ref idref="fl-b4"/>
      </object_component>
      <object_component id="oc-125">
         <name>.bss</name>
         <uninitialized>true</uninitialized>
         <run_address>0x8089a2e4</run_address>
         <size>0x4</size>
         <input_file_ref idref="fl-b7"/>
      </object_component>
      <object_component id="oc-138">
         <name>.bss</name>
         <uninitialized>true</uninitialized>
         <run_address>0x8089a18c</run_address>
         <size>0x20</size>
         <input_file_ref idref="fl-ba"/>
      </object_component>
      <object_component id="oc-157">
         <name>.bss</name>
         <uninitialized>true</uninitialized>
         <run_address>0x8089a2f8</run_address>
         <size>0x4</size>
         <input_file_ref idref="fl-bf"/>
      </object_component>
      <object_component id="oc-173">
         <name>.bss</name>
         <uninitialized>true</uninitialized>
         <run_address>0x8089a25c</run_address>
         <size>0x10</size>
         <input_file_ref idref="fl-c4"/>
      </object_component>
      <object_component id="oc-17b">
         <name>.bss</name>
         <uninitialized>true</uninitialized>
         <run_address>0x8089a2fc</run_address>
         <size>0x4</size>
         <input_file_ref idref="fl-c5"/>
      </object_component>
      <object_component id="oc-186">
         <name>.bss</name>
         <uninitialized>true</uninitialized>
         <run_address>0x8089a1b0</run_address>
         <size>0x20</size>
         <input_file_ref idref="fl-c7"/>
      </object_component>
      <object_component id="oc-18c">
         <name>.bss</name>
         <uninitialized>true</uninitialized>
         <run_address>0x8089a23c</run_address>
         <size>0x10</size>
         <input_file_ref idref="fl-c8"/>
      </object_component>
      <object_component id="oc-1b7">
         <name>.bss</name>
         <uninitialized>true</uninitialized>
         <run_address>0x8089a28c</run_address>
         <size>0x10</size>
         <input_file_ref idref="fl-d1"/>
      </object_component>
      <object_component id="oc-1ca">
         <name>.bss</name>
         <uninitialized>true</uninitialized>
         <run_address>0x8089a144</run_address>
         <size>0x48</size>
         <input_file_ref idref="fl-d4"/>
      </object_component>
      <object_component id="oc-1e4">
         <name>.bss</name>
         <uninitialized>true</uninitialized>
         <run_address>0x8089a300</run_address>
         <size>0x4</size>
         <input_file_ref idref="fl-da"/>
      </object_component>
      <object_component id="oc-201">
         <name>.bss</name>
         <uninitialized>true</uninitialized>
         <run_address>0x8089a304</run_address>
         <size>0x4</size>
         <input_file_ref idref="fl-e0"/>
      </object_component>
      <object_component id="oc-209">
         <name>.bss</name>
         <uninitialized>true</uninitialized>
         <run_address>0x8089a2ec</run_address>
         <size>0x4</size>
         <input_file_ref idref="fl-e1"/>
      </object_component>
      <object_component id="oc-22f">
         <name>.bss</name>
         <uninitialized>true</uninitialized>
         <run_address>0x8089a2f0</run_address>
         <size>0x4</size>
         <input_file_ref idref="fl-ea"/>
      </object_component>
      <object_component id="oc-266">
         <name>.bss</name>
         <uninitialized>true</uninitialized>
         <run_address>0x8089a1f0</run_address>
         <size>0x1a</size>
         <input_file_ref idref="fl-f4"/>
      </object_component>
      <object_component id="oc-26e">
         <name>.bss</name>
         <uninitialized>true</uninitialized>
         <run_address>0x8089a29c</run_address>
         <size>0xe</size>
         <input_file_ref idref="fl-f5"/>
      </object_component>
      <object_component id="oc-297">
         <name>.bss</name>
         <uninitialized>true</uninitialized>
         <run_address>0x8089a26c</run_address>
         <size>0x10</size>
         <input_file_ref idref="fl-fc"/>
      </object_component>
      <object_component id="oc-2a4">
         <name>.bss</name>
         <uninitialized>true</uninitialized>
         <run_address>0x8089a27c</run_address>
         <size>0x10</size>
         <input_file_ref idref="fl-ff"/>
      </object_component>
      <object_component id="oc-2cb">
         <name>.bss</name>
         <uninitialized>true</uninitialized>
         <run_address>0x8089a2b8</run_address>
         <size>0xc</size>
         <input_file_ref idref="fl-108"/>
      </object_component>
      <object_component id="oc-2d1">
         <name>.bss</name>
         <uninitialized>true</uninitialized>
         <run_address>0x8089a2f4</run_address>
         <size>0x4</size>
         <input_file_ref idref="fl-109"/>
      </object_component>
      <object_component id="oc-2df">
         <name>.bss</name>
         <uninitialized>true</uninitialized>
         <run_address>0x8089a2d4</run_address>
         <size>0x8</size>
         <input_file_ref idref="fl-10c"/>
      </object_component>
      <object_component id="oc-31f">
         <name>.bss</name>
         <uninitialized>true</uninitialized>
         <run_address>0x8089a2ac</run_address>
         <size>0xc</size>
         <input_file_ref idref="fl-11b"/>
      </object_component>
      <object_component id="oc-33e">
         <name>.bss</name>
         <uninitialized>true</uninitialized>
         <run_address>0x8089a24c</run_address>
         <size>0x10</size>
         <input_file_ref idref="fl-121"/>
      </object_component>
      <object_component id="oc-344">
         <name>.bss</name>
         <uninitialized>true</uninitialized>
         <run_address>0x8089a2dc</run_address>
         <size>0x8</size>
         <input_file_ref idref="fl-122"/>
      </object_component>
      <object_component id="oc-61">
         <name>.far</name>
         <uninitialized>true</uninitialized>
         <run_address>0x808671bc</run_address>
         <size>0x18</size>
         <input_file_ref idref="fl-b"/>
      </object_component>
      <object_component id="oc-8a">
         <name>.far</name>
         <uninitialized>true</uninitialized>
         <run_address>0x80856280</run_address>
         <size>0x9610</size>
         <input_file_ref idref="fl-e"/>
      </object_component>
      <object_component id="oc-91">
         <name>.far</name>
         <uninitialized>true</uninitialized>
         <run_address>0x808671a0</run_address>
         <size>0x1c</size>
         <input_file_ref idref="fl-f"/>
      </object_component>
      <object_component id="oc-96">
         <name>.far</name>
         <uninitialized>true</uninitialized>
         <run_address>0x80800000</run_address>
         <size>0x56220</size>
         <input_file_ref idref="fl-10"/>
      </object_component>
      <object_component id="oc-b6">
         <name>.far</name>
         <uninitialized>true</uninitialized>
         <run_address>0x808671fc</run_address>
         <size>0x10</size>
         <input_file_ref idref="fl-9a"/>
      </object_component>
      <object_component id="oc-bb">
         <name>.far</name>
         <uninitialized>true</uninitialized>
         <run_address>0x80867238</run_address>
         <size>0x8</size>
         <input_file_ref idref="fl-9b"/>
      </object_component>
      <object_component id="oc-d2">
         <name>.far</name>
         <uninitialized>true</uninitialized>
         <run_address>0x808657f4</run_address>
         <size>0xc</size>
         <input_file_ref idref="fl-a1"/>
      </object_component>
      <object_component id="oc-11f">
         <name>.far</name>
         <uninitialized>true</uninitialized>
         <run_address>0x80866c74</run_address>
         <size>0x4</size>
         <input_file_ref idref="fl-b5"/>
      </object_component>
      <object_component id="oc-127">
         <name>.far</name>
         <uninitialized>true</uninitialized>
         <run_address>0x80867250</run_address>
         <size>0x4</size>
         <input_file_ref idref="fl-b7"/>
      </object_component>
      <object_component id="oc-12e">
         <name>.far</name>
         <uninitialized>true</uninitialized>
         <run_address>0x80867228</run_address>
         <size>0x8</size>
         <input_file_ref idref="fl-b8"/>
      </object_component>
      <object_component id="oc-13b">
         <name>.far</name>
         <uninitialized>true</uninitialized>
         <run_address>0x80865800</run_address>
         <size>0x910</size>
         <input_file_ref idref="fl-ba"/>
      </object_component>
      <object_component id="oc-146">
         <name>.far</name>
         <uninitialized>true</uninitialized>
         <run_address>0x808669ac</run_address>
         <size>0x4</size>
         <input_file_ref idref="fl-bc"/>
      </object_component>
      <object_component id="oc-152">
         <name>.far</name>
         <uninitialized>true</uninitialized>
         <run_address>0x80867180</run_address>
         <size>0x20</size>
         <input_file_ref idref="fl-be"/>
      </object_component>
      <object_component id="oc-176">
         <name>.far</name>
         <uninitialized>true</uninitialized>
         <run_address>0x80867210</run_address>
         <size>0xc</size>
         <input_file_ref idref="fl-c4"/>
      </object_component>
      <object_component id="oc-18f">
         <name>.far</name>
         <uninitialized>true</uninitialized>
         <run_address>0x808671ec</run_address>
         <size>0x10</size>
         <input_file_ref idref="fl-c8"/>
      </object_component>
      <object_component id="oc-1ab">
         <name>.far</name>
         <uninitialized>true</uninitialized>
         <run_address>0x80867230</run_address>
         <size>0x8</size>
         <input_file_ref idref="fl-ce"/>
      </object_component>
      <object_component id="oc-1bb">
         <name>.far</name>
         <uninitialized>true</uninitialized>
         <run_address>0x808671d4</run_address>
         <size>0x18</size>
         <input_file_ref idref="fl-d1"/>
      </object_component>
      <object_component id="oc-1c6">
         <name>.far</name>
         <uninitialized>true</uninitialized>
         <run_address>0x80866b38</run_address>
         <size>0x13c</size>
         <input_file_ref idref="fl-d3"/>
      </object_component>
      <object_component id="oc-1cd">
         <name>.far</name>
         <uninitialized>true</uninitialized>
         <run_address>0x80866e78</run_address>
         <size>0xd8</size>
         <input_file_ref idref="fl-d4"/>
      </object_component>
      <object_component id="oc-1e7">
         <name>.far</name>
         <uninitialized>true</uninitialized>
         <run_address>0x80866d98</run_address>
         <size>0xe0</size>
         <input_file_ref idref="fl-da"/>
      </object_component>
      <object_component id="oc-204">
         <name>.far</name>
         <uninitialized>true</uninitialized>
         <run_address>0x80867018</run_address>
         <size>0xb8</size>
         <input_file_ref idref="fl-e0"/>
      </object_component>
      <object_component id="oc-226">
         <name>.far</name>
         <uninitialized>true</uninitialized>
         <run_address>0x808657a0</run_address>
         <size>0x54</size>
         <input_file_ref idref="fl-e8"/>
      </object_component>
      <object_component id="oc-232">
         <name>.far</name>
         <uninitialized>true</uninitialized>
         <run_address>0x8085627c</run_address>
         <size>0x4</size>
         <input_file_ref idref="fl-ea"/>
      </object_component>
      <object_component id="oc-247">
         <name>.far</name>
         <uninitialized>true</uninitialized>
         <run_address>0x80866f50</run_address>
         <size>0xc8</size>
         <input_file_ref idref="fl-ee"/>
      </object_component>
      <object_component id="oc-260">
         <name>.far</name>
         <uninitialized>true</uninitialized>
         <run_address>0x80861a10</run_address>
         <size>0x1a30</size>
         <input_file_ref idref="fl-f3"/>
      </object_component>
      <object_component id="oc-269">
         <name>.far</name>
         <uninitialized>true</uninitialized>
         <run_address>0x8085f890</run_address>
         <size>0x2180</size>
         <input_file_ref idref="fl-f4"/>
      </object_component>
      <object_component id="oc-271">
         <name>.far</name>
         <uninitialized>true</uninitialized>
         <run_address>0x808648b8</run_address>
         <size>0xee8</size>
         <input_file_ref idref="fl-f5"/>
      </object_component>
      <object_component id="oc-291">
         <name>.far</name>
         <uninitialized>true</uninitialized>
         <run_address>0x80863440</run_address>
         <size>0x1478</size>
         <input_file_ref idref="fl-fb"/>
      </object_component>
      <object_component id="oc-2ce">
         <name>.far</name>
         <uninitialized>true</uninitialized>
         <run_address>0x80856220</run_address>
         <size>0x5c</size>
         <input_file_ref idref="fl-108"/>
      </object_component>
      <object_component id="oc-2e2">
         <name>.far</name>
         <uninitialized>true</uninitialized>
         <run_address>0x80867120</run_address>
         <size>0x20</size>
         <input_file_ref idref="fl-10c"/>
      </object_component>
      <object_component id="oc-2ef">
         <name>.far</name>
         <uninitialized>true</uninitialized>
         <run_address>0x808670d0</run_address>
         <size>0x50</size>
         <input_file_ref idref="fl-10f"/>
      </object_component>
      <object_component id="oc-315">
         <name>.far</name>
         <uninitialized>true</uninitialized>
         <run_address>0x80867240</run_address>
         <size>0x8</size>
         <input_file_ref idref="fl-118"/>
      </object_component>
      <object_component id="oc-328">
         <name>.far</name>
         <uninitialized>true</uninitialized>
         <run_address>0x808669b0</run_address>
         <size>0x188</size>
         <input_file_ref idref="fl-11c"/>
      </object_component>
      <object_component id="oc-32d">
         <name>.far</name>
         <uninitialized>true</uninitialized>
         <run_address>0x8086720c</run_address>
         <size>0x4</size>
         <input_file_ref idref="fl-11d"/>
      </object_component>
      <object_component id="oc-332">
         <name>.far</name>
         <uninitialized>true</uninitialized>
         <run_address>0x8086721c</run_address>
         <size>0xc</size>
         <input_file_ref idref="fl-11e"/>
      </object_component>
      <object_component id="oc-337">
         <name>.far</name>
         <uninitialized>true</uninitialized>
         <run_address>0x80866110</run_address>
         <size>0x578</size>
         <input_file_ref idref="fl-11f"/>
      </object_component>
      <object_component id="oc-341">
         <name>.far</name>
         <uninitialized>true</uninitialized>
         <run_address>0x80867140</run_address>
         <size>0x20</size>
         <input_file_ref idref="fl-121"/>
      </object_component>
      <object_component id="oc-347">
         <name>.far</name>
         <uninitialized>true</uninitialized>
         <run_address>0x80867160</run_address>
         <size>0x20</size>
         <input_file_ref idref="fl-122"/>
      </object_component>
      <object_component id="oc-357">
         <name>.far</name>
         <uninitialized>true</uninitialized>
         <run_address>0x80866688</run_address>
         <size>0x324</size>
         <input_file_ref idref="fl-126"/>
      </object_component>
      <object_component id="oc-3ad">
         <name>.far</name>
         <uninitialized>true</uninitialized>
         <run_address>0x80866c78</run_address>
         <size>0x11c</size>
         <input_file_ref idref="fl-142"/>
      </object_component>
      <object_component id="oc-3b1">
         <name>.far</name>
         <uninitialized>true</uninitialized>
         <run_address>0x80867248</run_address>
         <size>0x8</size>
         <input_file_ref idref="fl-143"/>
      </object_component>
      <object_component id="oc-3c3">
         <name>.far</name>
         <uninitialized>true</uninitialized>
         <run_address>0x80866d94</run_address>
         <size>0x4</size>
         <input_file_ref idref="fl-148"/>
      </object_component>
      <object_component id="oc-66">
         <name>.mem</name>
         <uninitialized>true</uninitialized>
         <run_address>0x80898258</run_address>
         <size>0x4</size>
         <input_file_ref idref="fl-d"/>
      </object_component>
      <object_component id="oc-2c7">
         <name>.bios</name>
         <load_address>0x8088ea40</load_address>
         <run_address>0x8088ea40</run_address>
         <size>0x5c0</size>
         <input_file_ref idref="fl-107"/>
      </object_component>
      <object_component id="oc-a5">
         <name>.bios</name>
         <load_address>0x8088f000</load_address>
         <run_address>0x8088f000</run_address>
         <size>0x5c0</size>
         <input_file_ref idref="fl-96"/>
      </object_component>
      <object_component id="oc-190">
         <name>.bios</name>
         <load_address>0x8088f5c0</load_address>
         <run_address>0x8088f5c0</run_address>
         <size>0x520</size>
         <input_file_ref idref="fl-c8"/>
      </object_component>
      <object_component id="oc-53">
         <name>.bios</name>
         <load_address>0x8088fae0</load_address>
         <run_address>0x8088fae0</run_address>
         <size>0x4e0</size>
         <input_file_ref idref="fl-94"/>
      </object_component>
      <object_component id="oc-50">
         <name>.bios</name>
         <load_address>0x8088ffc0</load_address>
         <run_address>0x8088ffc0</run_address>
         <size>0x4c0</size>
         <input_file_ref idref="fl-97"/>
      </object_component>
      <object_component id="oc-103">
         <name>.bios</name>
         <load_address>0x80890480</load_address>
         <run_address>0x80890480</run_address>
         <size>0x380</size>
         <input_file_ref idref="fl-ae"/>
      </object_component>
      <object_component id="oc-1a1">
         <name>.bios</name>
         <load_address>0x80890800</load_address>
         <run_address>0x80890800</run_address>
         <size>0x2a0</size>
         <input_file_ref idref="fl-cc"/>
      </object_component>
      <object_component id="oc-3ca">
         <name>.bios</name>
         <load_address>0x80890aa0</load_address>
         <run_address>0x80890aa0</run_address>
         <size>0x2a0</size>
         <input_file_ref idref="fl-14a"/>
      </object_component>
      <object_component id="oc-108">
         <name>.bios</name>
         <load_address>0x80890d40</load_address>
         <run_address>0x80890d40</run_address>
         <size>0x280</size>
         <input_file_ref idref="fl-af"/>
      </object_component>
      <object_component id="oc-1e0">
         <name>.bios</name>
         <load_address>0x80890fc0</load_address>
         <run_address>0x80890fc0</run_address>
         <size>0x240</size>
         <input_file_ref idref="fl-d9"/>
      </object_component>
      <object_component id="oc-233">
         <name>.bios</name>
         <load_address>0x80891200</load_address>
         <run_address>0x80891200</run_address>
         <size>0x240</size>
         <input_file_ref idref="fl-ea"/>
      </object_component>
      <object_component id="oc-237">
         <name>.bios</name>
         <load_address>0x80891440</load_address>
         <run_address>0x80891440</run_address>
         <size>0x220</size>
         <input_file_ref idref="fl-eb"/>
      </object_component>
      <object_component id="oc-210">
         <name>.bios:.near</name>
         <load_address>0x80891660</load_address>
         <run_address>0x80891660</run_address>
         <size>0x200</size>
         <input_file_ref idref="fl-e3"/>
      </object_component>
      <object_component id="oc-2b3">
         <name>.bios</name>
         <load_address>0x80891860</load_address>
         <run_address>0x80891860</run_address>
         <size>0x200</size>
         <input_file_ref idref="fl-102"/>
      </object_component>
      <object_component id="oc-20b">
         <name>.bios:.near</name>
         <load_address>0x80891a60</load_address>
         <run_address>0x80891a60</run_address>
         <size>0x1e0</size>
         <input_file_ref idref="fl-e2"/>
      </object_component>
      <object_component id="oc-188">
         <name>.bios</name>
         <load_address>0x80891c40</load_address>
         <run_address>0x80891c40</run_address>
         <size>0x1e0</size>
         <input_file_ref idref="fl-c7"/>
      </object_component>
      <object_component id="oc-57">
         <name>.bios</name>
         <load_address>0x80891e20</load_address>
         <run_address>0x80891e20</run_address>
         <size>0x1e0</size>
         <input_file_ref idref="fl-9a"/>
      </object_component>
      <object_component id="oc-ff">
         <name>.bios</name>
         <load_address>0x80892000</load_address>
         <run_address>0x80892000</run_address>
         <size>0x1e0</size>
         <input_file_ref idref="fl-ad"/>
      </object_component>
      <object_component id="oc-1b4">
         <name>.bios</name>
         <load_address>0x808921e0</load_address>
         <run_address>0x808921e0</run_address>
         <size>0x1c0</size>
         <input_file_ref idref="fl-d0"/>
      </object_component>
      <object_component id="oc-302">
         <name>.bios</name>
         <load_address>0x808923a0</load_address>
         <run_address>0x808923a0</run_address>
         <size>0x1c0</size>
         <input_file_ref idref="fl-113"/>
      </object_component>
      <object_component id="oc-141">
         <name>.bios</name>
         <load_address>0x80892560</load_address>
         <run_address>0x80892560</run_address>
         <size>0x1c0</size>
         <input_file_ref idref="fl-bb"/>
      </object_component>
      <object_component id="oc-2e9">
         <name>.bios</name>
         <load_address>0x80892720</load_address>
         <run_address>0x80892720</run_address>
         <size>0x1a0</size>
         <input_file_ref idref="fl-10e"/>
      </object_component>
      <object_component id="oc-d8">
         <name>.bios</name>
         <load_address>0x808928c0</load_address>
         <run_address>0x808928c0</run_address>
         <size>0x1a0</size>
         <input_file_ref idref="fl-a3"/>
      </object_component>
      <object_component id="oc-f7">
         <name>.bios</name>
         <load_address>0x80892a60</load_address>
         <run_address>0x80892a60</run_address>
         <size>0x180</size>
         <input_file_ref idref="fl-ab"/>
      </object_component>
      <object_component id="oc-306">
         <name>.bios</name>
         <load_address>0x80892be0</load_address>
         <run_address>0x80892be0</run_address>
         <size>0x140</size>
         <input_file_ref idref="fl-114"/>
      </object_component>
      <object_component id="oc-2d8">
         <name>.bios</name>
         <load_address>0x80892d20</load_address>
         <run_address>0x80892d20</run_address>
         <size>0x140</size>
         <input_file_ref idref="fl-10a"/>
      </object_component>
      <object_component id="oc-199">
         <name>.bios</name>
         <load_address>0x80892e60</load_address>
         <run_address>0x80892e60</run_address>
         <size>0x140</size>
         <input_file_ref idref="fl-ca"/>
      </object_component>
      <object_component id="oc-195">
         <name>.bios</name>
         <load_address>0x80892fa0</load_address>
         <run_address>0x80892fa0</run_address>
         <size>0x120</size>
         <input_file_ref idref="fl-c9"/>
      </object_component>
      <object_component id="oc-1d3">
         <name>.bios</name>
         <load_address>0x808930c0</load_address>
         <run_address>0x808930c0</run_address>
         <size>0x120</size>
         <input_file_ref idref="fl-d6"/>
      </object_component>
      <object_component id="oc-23c">
         <name>.bios</name>
         <load_address>0x808931e0</load_address>
         <run_address>0x808931e0</run_address>
         <size>0x120</size>
         <input_file_ref idref="fl-ec"/>
      </object_component>
      <object_component id="oc-2f0">
         <name>.bios</name>
         <load_address>0x80893300</load_address>
         <run_address>0x80893300</run_address>
         <size>0x120</size>
         <input_file_ref idref="fl-10f"/>
      </object_component>
      <object_component id="oc-12f">
         <name>.bios</name>
         <load_address>0x80893420</load_address>
         <run_address>0x80893420</run_address>
         <size>0x100</size>
         <input_file_ref idref="fl-b8"/>
      </object_component>
      <object_component id="oc-1b0">
         <name>.bios</name>
         <load_address>0x80893520</load_address>
         <run_address>0x80893520</run_address>
         <size>0x100</size>
         <input_file_ref idref="fl-cf"/>
      </object_component>
      <object_component id="oc-51">
         <name>.bios</name>
         <load_address>0x80893620</load_address>
         <run_address>0x80893620</run_address>
         <size>0xe0</size>
         <input_file_ref idref="fl-9e"/>
      </object_component>
      <object_component id="oc-1a6">
         <name>.bios</name>
         <load_address>0x80893700</load_address>
         <run_address>0x80893700</run_address>
         <size>0xc0</size>
         <input_file_ref idref="fl-cd"/>
      </object_component>
      <object_component id="oc-1d0">
         <name>.bios</name>
         <load_address>0x808937c0</load_address>
         <run_address>0x808937c0</run_address>
         <size>0xc0</size>
         <input_file_ref idref="fl-d5"/>
      </object_component>
      <object_component id="oc-2b7">
         <name>.bios</name>
         <load_address>0x80893880</load_address>
         <run_address>0x80893880</run_address>
         <size>0xa0</size>
         <input_file_ref idref="fl-103"/>
      </object_component>
      <object_component id="oc-2dc">
         <name>.bios</name>
         <load_address>0x80893920</load_address>
         <run_address>0x80893920</run_address>
         <size>0xa0</size>
         <input_file_ref idref="fl-10b"/>
      </object_component>
      <object_component id="oc-1f4">
         <name>.bios</name>
         <load_address>0x808939c0</load_address>
         <run_address>0x808939c0</run_address>
         <size>0x80</size>
         <input_file_ref idref="fl-dd"/>
      </object_component>
      <object_component id="oc-2fe">
         <name>.bios</name>
         <load_address>0x80893a40</load_address>
         <run_address>0x80893a40</run_address>
         <size>0x80</size>
         <input_file_ref idref="fl-112"/>
      </object_component>
      <object_component id="oc-1d8">
         <name>.bios</name>
         <load_address>0x80893ac0</load_address>
         <run_address>0x80893ac0</run_address>
         <size>0x80</size>
         <input_file_ref idref="fl-d7"/>
      </object_component>
      <object_component id="oc-1dc">
         <name>.bios</name>
         <load_address>0x80893b40</load_address>
         <run_address>0x80893b40</run_address>
         <size>0x80</size>
         <input_file_ref idref="fl-d8"/>
      </object_component>
      <object_component id="oc-2f5">
         <name>.bios</name>
         <load_address>0x80893bc0</load_address>
         <run_address>0x80893bc0</run_address>
         <size>0x80</size>
         <input_file_ref idref="fl-110"/>
      </object_component>
      <object_component id="oc-fb">
         <name>.bios</name>
         <load_address>0x80893c40</load_address>
         <run_address>0x80893c40</run_address>
         <size>0x80</size>
         <input_file_ref idref="fl-ac"/>
      </object_component>
      <object_component id="oc-21d">
         <name>.bios</name>
         <load_address>0x80893cc0</load_address>
         <run_address>0x80893cc0</run_address>
         <size>0x80</size>
         <input_file_ref idref="fl-e6"/>
      </object_component>
      <object_component id="oc-4f">
         <name>.bios</name>
         <load_address>0x80893d40</load_address>
         <run_address>0x80893d40</run_address>
         <size>0x80</size>
         <input_file_ref idref="fl-9b"/>
      </object_component>
      <object_component id="oc-2d4">
         <name>.bios</name>
         <load_address>0x80893dc0</load_address>
         <run_address>0x80893dc0</run_address>
         <size>0x80</size>
         <input_file_ref idref="fl-109"/>
      </object_component>
      <object_component id="oc-147">
         <name>.bios</name>
         <load_address>0x80893e40</load_address>
         <run_address>0x80893e40</run_address>
         <size>0x80</size>
         <input_file_ref idref="fl-bc"/>
      </object_component>
      <object_component id="oc-ee">
         <name>.bios</name>
         <load_address>0x80893ec0</load_address>
         <run_address>0x80893ec0</run_address>
         <size>0x80</size>
         <input_file_ref idref="fl-a9"/>
      </object_component>
      <object_component id="oc-219">
         <name>.bios:.near</name>
         <load_address>0x80893f40</load_address>
         <run_address>0x80893f40</run_address>
         <size>0x60</size>
         <input_file_ref idref="fl-e5"/>
      </object_component>
      <object_component id="oc-2c3">
         <name>.bios:.near</name>
         <load_address>0x80893fa0</load_address>
         <run_address>0x80893fa0</run_address>
         <size>0x60</size>
         <input_file_ref idref="fl-106"/>
      </object_component>
      <object_component id="oc-1f9">
         <name>.bios</name>
         <load_address>0x80894000</load_address>
         <run_address>0x80894000</run_address>
         <size>0x60</size>
         <input_file_ref idref="fl-de"/>
      </object_component>
      <object_component id="oc-dc">
         <name>.bios</name>
         <load_address>0x80894060</load_address>
         <run_address>0x80894060</run_address>
         <size>0x60</size>
         <input_file_ref idref="fl-a4"/>
      </object_component>
      <object_component id="oc-1bf">
         <name>.bios</name>
         <load_address>0x808940c0</load_address>
         <run_address>0x808940c0</run_address>
         <size>0x60</size>
         <input_file_ref idref="fl-d2"/>
      </object_component>
      <object_component id="oc-ea">
         <name>.bios</name>
         <load_address>0x80894120</load_address>
         <run_address>0x80894120</run_address>
         <size>0x60</size>
         <input_file_ref idref="fl-a8"/>
      </object_component>
      <object_component id="oc-221">
         <name>.bios</name>
         <load_address>0x80894180</load_address>
         <run_address>0x80894180</run_address>
         <size>0x60</size>
         <input_file_ref idref="fl-e7"/>
      </object_component>
      <object_component id="oc-4c">
         <name>.bios</name>
         <load_address>0x808941e0</load_address>
         <run_address>0x808941e0</run_address>
         <size>0x60</size>
         <input_file_ref idref="fl-9d"/>
      </object_component>
      <object_component id="oc-110">
         <name>.bios</name>
         <load_address>0x80894240</load_address>
         <run_address>0x80894240</run_address>
         <size>0x60</size>
         <input_file_ref idref="fl-b1"/>
      </object_component>
      <object_component id="oc-2bf">
         <name>.bios</name>
         <load_address>0x808942a0</load_address>
         <run_address>0x808942a0</run_address>
         <size>0x60</size>
         <input_file_ref idref="fl-105"/>
      </object_component>
      <object_component id="oc-56">
         <name>.bios</name>
         <load_address>0x80894300</load_address>
         <run_address>0x80894300</run_address>
         <size>0x60</size>
         <input_file_ref idref="fl-a1"/>
      </object_component>
      <object_component id="oc-121">
         <name>.bios</name>
         <load_address>0x80894360</load_address>
         <run_address>0x80894360</run_address>
         <size>0x60</size>
         <input_file_ref idref="fl-b6"/>
      </object_component>
      <object_component id="oc-1ec">
         <name>.bios</name>
         <load_address>0x808943c0</load_address>
         <run_address>0x808943c0</run_address>
         <size>0x40</size>
         <input_file_ref idref="fl-db"/>
      </object_component>
      <object_component id="oc-1f1">
         <name>.bios</name>
         <load_address>0x80894400</load_address>
         <run_address>0x80894400</run_address>
         <size>0x40</size>
         <input_file_ref idref="fl-dc"/>
      </object_component>
      <object_component id="oc-1fd">
         <name>.bios</name>
         <load_address>0x80894440</load_address>
         <run_address>0x80894440</run_address>
         <size>0x40</size>
         <input_file_ref idref="fl-df"/>
      </object_component>
      <object_component id="oc-4d">
         <name>.bios</name>
         <load_address>0x80894480</load_address>
         <run_address>0x80894480</run_address>
         <size>0x40</size>
         <input_file_ref idref="fl-95"/>
      </object_component>
      <object_component id="oc-29d">
         <name>.bios</name>
[...]
         <name>_LCK_pend</name>
         <value>0x80893be0</value>
         <object_component_ref idref="oc-2f5"/>
      </symbol>
      <symbol id="sm-252d">
         <name>_LCK_post</name>
         <value>0x80893bc0</value>
         <object_component_ref idref="oc-2f5"/>
      </symbol>
      <symbol id="sm-2549">
         <name>__DDA_i2cUnregisterIntrHandler</name>
         <value>0x8088b990</value>
         <object_component_ref idref="oc-2f8"/>
      </symbol>
      <symbol id="sm-254a">
         <name>__DDA_i2cSleep</name>
         <value>0x8088ba00</value>
         <object_component_ref idref="oc-2f8"/>
      </symbol>
      <symbol id="sm-254b">
         <name>__DDA_i2cRegisterIntrHandler</name>
         <value>0x8088b8c0</value>
         <object_component_ref idref="oc-2f8"/>
      </symbol>
      <symbol id="sm-254c">
         <name>__DDA_i2cOsGetTicks</name>
         <value>0x8088ba10</value>
         <object_component_ref idref="oc-2f8"/>
      </symbol>
      <symbol id="sm-255c">
         <name>__GIO_iomCallback</name>
         <value>0x80893a40</value>
         <object_component_ref idref="oc-2fe"/>
      </symbol>
      <symbol id="sm-256e">
         <name>__SEM_dopost</name>
         <value>0x808923a0</value>
         <object_component_ref idref="oc-302"/>
      </symbol>
      <symbol id="sm-2582">
         <name>__auto_init</name>
         <value>0x80892be0</value>
         <object_component_ref idref="oc-306"/>
      </symbol>
      <symbol id="sm-258b">
         <name>__c6xabi_divi</name>
         <value>0x8088c940</value>
         <object_component_ref idref="oc-3e4"/>
      </symbol>
      <symbol id="sm-258c">
         <name>__divi</name>
         <value>0x8088c940</value>
         <object_component_ref idref="oc-3e4"/>
      </symbol>
      <symbol id="sm-2595">
         <name>__c6xabi_divu</name>
         <value>0x8088d180</value>
         <object_component_ref idref="oc-3db"/>
      </symbol>
      <symbol id="sm-2596">
         <name>__divu</name>
         <value>0x8088d180</value>
         <object_component_ref idref="oc-3db"/>
      </symbol>
      <symbol id="sm-25a0">
         <name>__c6xabi_push_rts</name>
         <value>0x8088e620</value>
         <object_component_ref idref="oc-3fb"/>
      </symbol>
      <symbol id="sm-25a1">
         <name>__pop_rts</name>
         <value>0x8088e600</value>
         <object_component_ref idref="oc-30f"/>
      </symbol>
      <symbol id="sm-25a2">
         <name>__c6xabi_pop_rts</name>
         <value>0x8088e600</value>
         <object_component_ref idref="oc-30f"/>
      </symbol>
      <symbol id="sm-25a3">
         <name>__push_rts</name>
         <value>0x8088e620</value>
         <object_component_ref idref="oc-3fb"/>
      </symbol>
      <symbol id="sm-25b5">
         <name>__unlock</name>
         <value>0x80867244</value>
         <object_component_ref idref="oc-315"/>
      </symbol>
      <symbol id="sm-25b6">
         <name>__lock</name>
         <value>0x80867240</value>
         <object_component_ref idref="oc-315"/>
      </symbol>
      <symbol id="sm-25b7">
         <name>__register_lock</name>
         <value>0x8088e640</value>
         <object_component_ref idref="oc-3ee"/>
      </symbol>
      <symbol id="sm-25b8">
         <name>__nop</name>
         <value>0x8088e5a0</value>
         <object_component_ref idref="oc-3f0"/>
      </symbol>
      <symbol id="sm-25b9">
         <name>__register_unlock</name>
         <value>0x8088e660</value>
         <object_component_ref idref="oc-3ef"/>
      </symbol>
      <symbol id="sm-25c2">
         <name>__remu</name>
         <value>0x8088da60</value>
         <object_component_ref idref="oc-3ed"/>
      </symbol>
      <symbol id="sm-25c3">
         <name>__c6xabi_remu</name>
         <value>0x8088da60</value>
         <object_component_ref idref="oc-3ed"/>
      </symbol>
      <symbol id="sm-25cb">
         <name>__c6xabi_strasgi_64plus</name>
         <value>0x8088e4c0</value>
         <object_component_ref idref="oc-3d9"/>
      </symbol>
      <symbol id="sm-25cc">
         <name>__strasgi_64plus</name>
         <value>0x8088e4c0</value>
         <object_component_ref idref="oc-3d9"/>
      </symbol>
      <symbol id="sm-26d2">
         <name>_aic33_closeCodec</name>
         <value>0x80880c0c</value>
         <object_component_ref idref="oc-31e"/>
      </symbol>
      <symbol id="sm-26d3">
         <name>_aic33_outGainControl</name>
         <value>0x80880b38</value>
         <object_component_ref idref="oc-31e"/>
      </symbol>
      <symbol id="sm-26d4">
         <name>_aic33_inGainControl</name>
         <value>0x80880a40</value>
         <object_component_ref idref="oc-31e"/>
      </symbol>
      <symbol id="sm-26d5">
         <name>_aic33_sampleRateControl</name>
         <value>0x8087fab4</value>
         <object_component_ref idref="oc-31e"/>
      </symbol>
      <symbol id="sm-26d6">
         <name>_writeToIOExpander</name>
         <value>0x80880c40</value>
         <object_component_ref idref="oc-31e"/>
      </symbol>
      <symbol id="sm-26d7">
         <name>_aic33Codec_config</name>
         <value>0x80880304</value>
         <object_component_ref idref="oc-31e"/>
      </symbol>
      <symbol id="sm-26ed">
         <name>_atexit</name>
         <value>0x8088d300</value>
         <object_component_ref idref="oc-404"/>
      </symbol>
      <symbol id="sm-26ee">
         <name>___atexit_func_id__</name>
         <value>0x808669b0</value>
         <object_component_ref idref="oc-328"/>
      </symbol>
      <symbol id="sm-2706">
         <name>_dtors</name>
         <value>0x8086720c</value>
         <object_component_ref idref="oc-32d"/>
      </symbol>
      <symbol id="sm-2707">
         <name>_call_dtors</name>
         <value>0x8088c580</value>
         <object_component_ref idref="oc-415"/>
      </symbol>
      <symbol id="sm-2708">
         <name>___add_dtor</name>
         <value>0x8088e300</value>
         <object_component_ref idref="oc-40e"/>
      </symbol>
      <symbol id="sm-2714">
         <name>___TI_enable_exit_profile_output</name>
         <value>0x80867224</value>
         <object_component_ref idref="oc-332"/>
      </symbol>
      <symbol id="sm-2715">
         <name>__cleanup_ptr</name>
         <value>0x8086721c</value>
         <object_component_ref idref="oc-332"/>
      </symbol>
      <symbol id="sm-2716">
         <name>__dtors_ptr</name>
         <value>0x80867220</value>
         <object_component_ref idref="oc-332"/>
      </symbol>
      <symbol id="sm-2720">
         <name>_edma3GblCfgParams</name>
         <value>0x80866110</value>
         <object_component_ref idref="oc-337"/>
      </symbol>
      <symbol id="sm-2721">
         <name>_instanceInitConfig</name>
         <value>0x808663e8</value>
         <object_component_ref idref="oc-337"/>
      </symbol>
      <symbol id="sm-275c">
         <name>_edma3OsProtectExit</name>
         <value>0x80887e98</value>
         <object_component_ref idref="oc-339"/>
      </symbol>
      <symbol id="sm-275d">
         <name>_edma3OsWaitMsecs</name>
         <value>0x80887f30</value>
         <object_component_ref idref="oc-339"/>
      </symbol>
      <symbol id="sm-275e">
         <name>_edma3OsSemCreate</name>
         <value>0x80887fcc</value>
         <object_component_ref idref="oc-339"/>
      </symbol>
      <symbol id="sm-275f">
         <name>_edma3OsProtectEntry</name>
         <value>0x80887de0</value>
         <object_component_ref idref="oc-339"/>
      </symbol>
      <symbol id="sm-2760">
         <name>_edma3OsSemGive</name>
         <value>0x808880c4</value>
         <object_component_ref idref="oc-339"/>
      </symbol>
      <symbol id="sm-2761">
         <name>_Edma3_CacheFlush</name>
         <value>0x80887fac</value>
         <object_component_ref idref="oc-339"/>
      </symbol>
      <symbol id="sm-2762">
         <name>_Edma3_CacheInvalidate</name>
         <value>0x80887f8c</value>
         <object_component_ref idref="oc-339"/>
      </symbol>
      <symbol id="sm-2763">
         <name>_edma3OsSemTake</name>
         <value>0x80888068</value>
         <object_component_ref idref="oc-339"/>
      </symbol>
      <symbol id="sm-2764">
         <name>_edma3OsSemDelete</name>
         <value>0x8088802c</value>
         <object_component_ref idref="oc-339"/>
      </symbol>
      <symbol id="sm-2772">
         <name>_tcErrorInt</name>
         <value>0x80867140</value>
         <object_component_ref idref="oc-341"/>
      </symbol>
      <symbol id="sm-2773">
         <name>_ccXferCompInt</name>
         <value>0x8089a254</value>
         <object_component_ref idref="oc-33e"/>
      </symbol>
      <symbol id="sm-2774">
         <name>_ccErrorInt</name>
         <value>0x8089a258</value>
         <object_component_ref idref="oc-33e"/>
      </symbol>
      <symbol id="sm-2775">
         <name>_numEdma3EvtQue</name>
         <value>0x8089a24c</value>
         <object_component_ref idref="oc-33e"/>
      </symbol>
      <symbol id="sm-2776">
         <name>_numEdma3Tc</name>
         <value>0x8089a250</value>
         <object_component_ref idref="oc-33e"/>
      </symbol>
      <symbol id="sm-27ac">
         <name>_edma3deinit</name>
         <value>0x80888e90</value>
         <object_component_ref idref="oc-343"/>
      </symbol>
      <symbol id="sm-27ad">
         <name>_hEdma</name>
         <value>0x8089a2dc</value>
         <object_component_ref idref="oc-344"/>
      </symbol>
      <symbol id="sm-27ae">
         <name>_ptrEdma3TcIsrHandler</name>
         <value>0x80867160</value>
         <object_component_ref idref="oc-347"/>
      </symbol>
      <symbol id="sm-27af">
         <name>_edma3init</name>
         <value>0x80888cc0</value>
         <object_component_ref idref="oc-343"/>
      </symbol>
      <symbol id="sm-27b9">
         <name>_memcpy</name>
         <value>0x8088dc40</value>
         <object_component_ref idref="oc-3e2"/>
      </symbol>
      <symbol id="sm-27c4">
         <name>_memset</name>
         <value>0x8088cbe0</value>
         <object_component_ref idref="oc-3dd"/>
      </symbol>
      <symbol id="sm-27d9">
         <name>_printf</name>
         <value>0x8088ccc0</value>
         <object_component_ref idref="oc-3fa"/>
      </symbol>
      <symbol id="sm-27e3">
         <name>__tmpnams</name>
         <value>0x80866868</value>
         <object_component_ref idref="oc-357"/>
      </symbol>
      <symbol id="sm-27e4">
         <name>__ft_end</name>
         <value>0x808669a8</value>
         <object_component_ref idref="oc-357"/>
      </symbol>
      <symbol id="sm-27e5">
         <name>__ftable</name>
         <value>0x80866688</value>
         <object_component_ref idref="oc-357"/>
      </symbol>
      <symbol id="sm-2903">
         <name>__printfi</name>
         <value>0x808866c0</value>
         <object_component_ref idref="oc-408"/>
      </symbol>
      <symbol id="sm-290d">
         <name>___isinf</name>
         <value>0x8088e340</value>
         <object_component_ref idref="oc-421"/>
      </symbol>
      <symbol id="sm-291c">
         <name>__cmpd</name>
         <value>0x8088c860</value>
         <object_component_ref idref="oc-422"/>
      </symbol>
      <symbol id="sm-2934">
         <name>__divd</name>
         <value>0x80885d00</value>
         <object_component_ref idref="oc-432"/>
      </symbol>
      <symbol id="sm-2944">
         <name>__divul</name>
         <value>0x8088b400</value>
         <object_component_ref idref="oc-43d"/>
      </symbol>
      <symbol id="sm-2945">
         <name>__remli</name>
         <value>0x8088e480</value>
         <object_component_ref idref="oc-441"/>
      </symbol>
      <symbol id="sm-2946">
         <name>__divli</name>
         <value>0x8088d740</value>
         <object_component_ref idref="oc-442"/>
      </symbol>
      <symbol id="sm-295a">
         <name>__subcull</name>
         <value>0x8088e180</value>
         <object_component_ref idref="oc-445"/>
      </symbol>
      <symbol id="sm-295b">
         <name>__divull</name>
         <value>0x808894c0</value>
         <object_component_ref idref="oc-43e"/>
      </symbol>
      <symbol id="sm-2968">
         <name>__fixdi</name>
         <value>0x8088dd80</value>
         <object_component_ref idref="oc-439"/>
      </symbol>
      <symbol id="sm-2975">
         <name>__fixdli</name>
         <value>0x8088d920</value>
         <object_component_ref idref="oc-435"/>
      </symbol>
      <symbol id="sm-2980">
         <name>__fltlid</name>
         <value>0x8088de00</value>
         <object_component_ref idref="oc-437"/>
      </symbol>
      <symbol id="sm-298a">
         <name>__frcmpyd_div</name>
         <value>0x8088e3c0</value>
         <object_component_ref idref="oc-43c"/>
      </symbol>
      <symbol id="sm-2998">
         <name>__llshl</name>
         <value>0x8088de80</value>
         <object_component_ref idref="oc-444"/>
      </symbol>
      <symbol id="sm-2999">
         <name>__llshru</name>
         <value>0x8088e400</value>
         <object_component_ref idref="oc-446"/>
      </symbol>
      <symbol id="sm-29af">
         <name>__mpyd</name>
         <value>0x80889720</value>
         <object_component_ref idref="oc-431"/>
      </symbol>
      <symbol id="sm-29b9">
         <name>__frcmpyd</name>
         <value>0x8088c380</value>
         <object_component_ref idref="oc-43a"/>
      </symbol>
      <symbol id="sm-29c3">
         <name>__negd</name>
         <value>0x8088e440</value>
         <object_component_ref idref="oc-423"/>
      </symbol>
      <symbol id="sm-29cd">
         <name>__negll</name>
         <value>0x8088e580</value>
         <object_component_ref idref="oc-428"/>
      </symbol>
      <symbol id="sm-29d7">
         <name>__subd</name>
         <value>0x8088e500</value>
         <object_component_ref idref="oc-438"/>
      </symbol>
      <symbol id="sm-29e7">
         <name>__addd</name>
         <value>0x8088a4a0</value>
         <object_component_ref idref="oc-443"/>
      </symbol>
      <symbol id="sm-29f7">
         <name>__frcaddd</name>
         <value>0x8088a6a0</value>
         <object_component_ref idref="oc-448"/>
      </symbol>
      <symbol id="sm-2a04">
         <name>__renormd</name>
         <value>0x8088df00</value>
         <object_component_ref idref="oc-44a"/>
      </symbol>
      <symbol id="sm-2a12">
         <name>_atoi</name>
         <value>0x8088ca20</value>
         <object_component_ref idref="oc-419"/>
      </symbol>
      <symbol id="sm-2a1a">
         <name>__ctypes_</name>
         <value>0x80899518</value>
         <object_component_ref idref="oc-41f"/>
      </symbol>
      <symbol id="sm-2a35">
         <name>_putc</name>
         <value>0x8088a280</value>
         <object_component_ref idref="oc-414"/>
      </symbol>
      <symbol id="sm-2a36">
         <name>_fputc</name>
         <value>0x8088a280</value>
         <object_component_ref idref="oc-414"/>
      </symbol>
      <symbol id="sm-2a43">
         <name>__doflush</name>
         <value>0x8088d240</value>
         <object_component_ref idref="oc-417"/>
      </symbol>
      <symbol id="sm-2a52">
         <name>__wrt_ok</name>
         <value>0x8088c480</value>
         <object_component_ref idref="oc-416"/>
      </symbol>
      <symbol id="sm-2a74">
         <name>_fputs</name>
         <value>0x80887380</value>
         <object_component_ref idref="oc-40f"/>
      </symbol>
      <symbol id="sm-2a85">
         <name>_fseek</name>
         <value>0x8088c160</value>
         <object_component_ref idref="oc-41d"/>
      </symbol>
      <symbol id="sm-2ac9">
         <name>_unlink</name>
         <value>0x8088e000</value>
         <object_component_ref idref="oc-447"/>
      </symbol>
      <symbol id="sm-2aca">
         <name>_lseek</name>
         <value>0x8088dba0</value>
         <object_component_ref idref="oc-42a"/>
      </symbol>
      <symbol id="sm-2acb">
         <name>_close</name>
         <value>0x8088cb00</value>
         <object_component_ref idref="oc-43f"/>
      </symbol>
      <symbol id="sm-2acc">
         <name>_write</name>
         <value>0x8088dce0</value>
         <object_component_ref idref="oc-418"/>
      </symbol>
      <symbol id="sm-2af5">
         <name>_HOSTopen</name>
         <value>0x8088c780</value>
         <object_component_ref idref="oc-3f3"/>
      </symbol>
      <symbol id="sm-2af6">
         <name>_HOSTread</name>
         <value>0x8088ce80</value>
         <object_component_ref idref="oc-3f5"/>
      </symbol>
      <symbol id="sm-2af7">
         <name>_HOSTrename</name>
         <value>0x8088b740</value>
         <object_component_ref idref="oc-3f9"/>
      </symbol>
      <symbol id="sm-2af8">
         <name>_HOSTwrite</name>
         <value>0x8088d000</value>
         <object_component_ref idref="oc-3f6"/>
      </symbol>
      <symbol id="sm-2af9">
         <name>_HOSTlseek</name>
         <value>0x8088c280</value>
         <object_component_ref idref="oc-3f7"/>
      </symbol>
      <symbol id="sm-2afa">
         <name>_HOSTunlink</name>
         <value>0x8088cf40</value>
         <object_component_ref idref="oc-3f8"/>
      </symbol>
      <symbol id="sm-2afb">
         <name>_HOSTclose</name>
         <value>0x8088d600</value>
         <object_component_ref idref="oc-3f4"/>
      </symbol>
      <symbol id="sm-2b08">
         <name>_ltoa</name>
         <value>0x8088d3c0</value>
         <object_component_ref idref="oc-436"/>
      </symbol>
      <symbol id="sm-2b15">
         <name>_memccpy</name>
         <value>0x8088e1e0</value>
         <object_component_ref idref="oc-41c"/>
      </symbol>
      <symbol id="sm-2b25">
         <name>C$$IO$$</name>
         <value>0x8088e2f8</value>
         <object_component_ref idref="oc-405"/>
      </symbol>
      <symbol id="sm-2b26">
         <name>__CIOBUF_</name>
         <value>0x8089aeb8</value>
         <object_component_ref idref="oc-3bb"/>
      </symbol>
      <symbol id="sm-2b27">
         <name>_readmsg</name>
         <value>0x8088df80</value>
         <object_component_ref idref="oc-406"/>
      </symbol>
      <symbol id="sm-2b28">
         <name>_writemsg</name>
         <value>0x8088e2a0</value>
         <object_component_ref idref="oc-405"/>
      </symbol>
      <symbol id="sm-2b3e">
         <name>_setvbuf</name>
         <value>0x8088aaa0</value>
         <object_component_ref idref="oc-41e"/>
      </symbol>
      <symbol id="sm-2b51">
         <name>__cleanup</name>
         <value>0x8088d6a0</value>
         <object_component_ref idref="oc-42b"/>
      </symbol>
      <symbol id="sm-2b63">
         <name>__closefile</name>
         <value>0x8088be00</value>
         <object_component_ref idref="oc-434"/>
      </symbol>
      <symbol id="sm-2b7f">
         <name>_memalign</name>
         <value>0x80890bf8</value>
         <object_component_ref idref="oc-3ca"/>
      </symbol>
      <symbol id="sm-2b80">
         <name>_malloc</name>
         <value>0x80890ac8</value>
         <object_component_ref idref="oc-3ca"/>
      </symbol>
      <symbol id="sm-2b81">
         <name>_realloc</name>
         <value>0x80890b2c</value>
         <object_component_ref idref="oc-3ca"/>
      </symbol>
      <symbol id="sm-2b82">
         <name>_free</name>
         <value>0x80890aa0</value>
         <object_component_ref idref="oc-3ca"/>
      </symbol>
      <symbol id="sm-2b83">
         <name>_calloc</name>
         <value>0x80890cd8</value>
         <object_component_ref idref="oc-3ca"/>
      </symbol>
      <symbol id="sm-2b8f">
         <name>_remove</name>
         <value>0x8088e680</value>
         <object_component_ref idref="oc-440"/>
      </symbol>
      <symbol id="sm-2b9a">
         <name>_strcpy</name>
         <value>0x8088e240</value>
         <object_component_ref idref="oc-3df"/>
      </symbol>
   </symbol_table>
</link_info>
